✔ CommonJS + browser export, no data side effects at eval (0.905041ms)
✔ toNyDisplayIso converts UTC-Z to America/New_York with correct DST offset (14.976583ms)
✔ alert lifecycle states map to the UI triad (0.10975ms)
✔ mappers align with types.ts and apply safe defaults (3.338709ms)
✔ evidence mapping preserves only the retained snippet and validates source protocols (0.214042ms)
✔ risk detail stays descriptive when prediction-backed fields are gated off (0.092ms)
✔ safe defaults for an unscored live event (0.205333ms)
✔ industries and list-companies expose honest unknown/null defaults, never fixtures (0.195167ms)
✔ radar deltas are computed only from real history, else null (0.098833ms)
✔ reachable snapshot: every field present, blocks merged, metadata attached (3.70375ms)
✔ one failed endpoint does not erase successful blocks; request_id captured (1.228125ms)
✔ request_id falls back to the X-Request-ID header when body has no envelope (1.14175ms)
✔ paginates across pages using the real total (9.885458ms)
✔ over-cap pagination marks the block partial and records a truncation, never silent (20.458666ms)
✔ evidence comes from real drawer links; a 404 brief is an honest empty source (0.9935ms)
✔ latest-brief and nested claim failures degrade evidence instead of disappearing (1.675167ms)
✔ reachable API with failed history yields empty series, never a fake curve (0.91675ms)
✔ total API-unreachable stays real and contains no fixture content (0.382416ms)
✔ all HTTP failures are a first-load error while healthy empty responses are successful (0.363084ms)
✔ demo snapshot requires an explicit demo request (0.244417ms)
✔ buildFixtureSnapshot is pure and self-contained (0.076666ms)
✔ company-research batching requests every identifier exactly once (mismatched lengths) (4.348959ms)
✔ company-research alias fallback on 404 and match-by-ticker (0.147167ms)
✔ company-research enrichment failure is partial, never erases companies (1.006625ms)
✔ personal client scopes queries and maps wire keys before pages see them (0.469375ms)
✔ personal protected writes use only an explicit tab key and start accepts no date/body (0.154166ms)
✔ personal mutation failure rejects with visible safe details and cannot look successful (0.258292ms)
✔ personal reports, evidence, and exports remain pinned to the selected report UUID (0.097667ms)
✔ personal run poller allows one status request at a time and stops at terminal (12.582208ms)
✔ adapter source carries the required literal // SYNTHETIC: tags (0.368167ms)
✔ Today keeps partial workspace and history read failures visible (1.172958ms)
✔ capture coverage shows useful recorded counts without schema or diagnostic arrays (0.830209ms)
✔ hash routes preserve personal aliases, event ids, and deferred destinations (0.721042ms)
✔ personal navigation and command palette advertise only Today, Saved, Briefs, and stories (0.113083ms)
✔ evidence drawer renders the retained excerpt as escaped React text and activates only HTTP(S) (0.112416ms)
✔ demo is persistently labelled and all personal mutations are gated out of demo (0.133083ms)
✔ freshness labels keep publication, display fetch, and processing success distinct (0.127541ms)
✔ Today implements server filters, previous-run selection, quiet results, and explicit retry (0.135083ms)
✔ persistent saves use confirmed responses and preserve unavailable pointers (0.106917ms)
✔ detail and briefs keep frozen scope, report identity, citations, and exports explicit (0.768917ms)
✔ late personal responses are isolated by current filter, route, and mode identity (0.474083ms)
✔ access key is tab-memory only and setup does not silently configure owner or feeds (0.3285ms)
✔ settings payload preserves exact decimal strings and explicit source selection (0.822583ms)
✔ raw reader separates retained RSS, unknown publication, grouping, and admission (0.1585ms)
✔ disabled or blocked grouping never presents a healthy quiet update (0.486541ms)
✔ failed capture without grouping is explained before healthy quiet results (0.418333ms)
✔ failed provider before grouping is explained without hiding retained raw articles (0.422458ms)
✔ partial failure stays truthful while disabled and successful grouping keep their states (0.399583ms)
✔ personal page loads before the router and legacy prototype files remain included (0.060042ms)
✔ URL API override accepts explicit credential-free loopback only (1.477333ms)
ℹ tests 50
ℹ suites 0
ℹ pass 50
ℹ fail 0
ℹ cancelled 0
ℹ skipped 0
ℹ todo 0
ℹ duration_ms 150.262125
