✔ CommonJS + browser export, no data side effects at eval (0.825042ms)
✔ toNyDisplayIso converts UTC-Z to America/New_York with correct DST offset (13.4785ms)
✔ alert lifecycle states map to the UI triad (0.098834ms)
✔ mappers align with types.ts and apply safe defaults (3.121458ms)
✔ evidence mapping preserves only the retained snippet and validates source protocols (0.195417ms)
✔ risk detail stays descriptive when prediction-backed fields are gated off (0.078875ms)
✔ safe defaults for an unscored live event (0.179333ms)
✔ industries and list-companies expose honest unknown/null defaults, never fixtures (0.112334ms)
✔ radar deltas are computed only from real history, else null (0.093292ms)
✔ reachable snapshot: every field present, blocks merged, metadata attached (2.8545ms)
✔ one failed endpoint does not erase successful blocks; request_id captured (1.272167ms)
✔ request_id falls back to the X-Request-ID header when body has no envelope (1.035417ms)
✔ paginates across pages using the real total (9.231417ms)
✔ over-cap pagination marks the block partial and records a truncation, never silent (19.018708ms)
✔ evidence comes from real drawer links; a 404 brief is an honest empty source (0.979209ms)
✔ latest-brief and nested claim failures degrade evidence instead of disappearing (1.677792ms)
✔ reachable API with failed history yields empty series, never a fake curve (1.084459ms)
✔ total API-unreachable stays real and contains no fixture content (0.43775ms)
✔ all HTTP failures are a first-load error while healthy empty responses are successful (0.360875ms)
✔ demo snapshot requires an explicit demo request (0.212833ms)
✔ buildFixtureSnapshot is pure and self-contained (0.074166ms)
✔ company-research batching requests every identifier exactly once (mismatched lengths) (4.445333ms)
✔ company-research alias fallback on 404 and match-by-ticker (0.1595ms)
✔ company-research enrichment failure is partial, never erases companies (0.957792ms)
✔ personal client scopes queries and maps wire keys before pages see them (0.373042ms)
✔ personal protected writes use only an explicit tab key and start accepts no date/body (0.1225ms)
✔ personal mutation failure rejects with visible safe details and cannot look successful (0.231875ms)
✔ personal reports, evidence, and exports remain pinned to the selected report UUID (0.0805ms)
✔ personal run poller allows one status request at a time and stops at terminal (7.603917ms)
✔ adapter source carries the required literal // SYNTHETIC: tags (0.31425ms)
✔ Today keeps partial workspace and history read failures visible (1.050125ms)
✔ capture coverage shows useful recorded counts without schema or diagnostic arrays (0.888375ms)
✔ hash routes preserve personal aliases, event ids, and deferred destinations (0.750541ms)
✔ personal navigation and command palette advertise only Today, Saved, Briefs, and stories (0.121292ms)
✔ evidence drawer renders the retained excerpt as escaped React text and activates only HTTP(S) (0.11225ms)
✔ demo is persistently labelled and all personal mutations are gated out of demo (0.134708ms)
✔ freshness labels keep publication, display fetch, and processing success distinct (0.124916ms)
✔ Today implements server filters, previous-run selection, quiet results, and explicit retry (0.132375ms)
✔ persistent saves use confirmed responses and preserve unavailable pointers (0.1045ms)
✔ detail and briefs keep frozen scope, report identity, citations, and exports explicit (0.572125ms)
✔ late personal responses are isolated by current filter, route, and mode identity (0.141542ms)
✔ access key is tab-memory only and setup does not silently configure owner or feeds (0.231042ms)
✔ settings payload preserves exact decimal strings and explicit source selection (0.583042ms)
✔ raw reader separates retained RSS, unknown publication, grouping, and admission (0.138292ms)
✔ disabled or blocked grouping never presents a healthy quiet update (0.362209ms)
✔ failed capture without grouping is explained before healthy quiet results (0.40225ms)
✔ failed provider before grouping is explained without hiding retained raw articles (0.374667ms)
✔ partial failure stays truthful while disabled and successful grouping keep their states (0.318459ms)
✔ personal page loads before the router and legacy prototype files remain included (0.0585ms)
✔ URL API override accepts explicit credential-free loopback only (1.3965ms)
ℹ tests 50
ℹ suites 0
ℹ pass 50
ℹ fail 0
ℹ cancelled 0
ℹ skipped 0
ℹ todo 0
ℹ duration_ms 127.727125
