✔ CommonJS + browser export, no data side effects at eval (1.341625ms)
✔ toNyDisplayIso converts UTC-Z to America/New_York with correct DST offset (22.128708ms)
✔ alert lifecycle states map to the UI triad (0.111375ms)
✔ mappers align with types.ts and apply safe defaults (4.239209ms)
✔ evidence mapping preserves only the retained snippet and validates source protocols (0.272417ms)
✔ risk detail stays descriptive when prediction-backed fields are gated off (0.127208ms)
✔ safe defaults for an unscored live event (0.234625ms)
✔ industries and list-companies expose honest unknown/null defaults, never fixtures (0.1435ms)
✔ radar deltas are computed only from real history, else null (0.098833ms)
✔ reachable snapshot: every field present, blocks merged, metadata attached (3.05625ms)
✔ one failed endpoint does not erase successful blocks; request_id captured (1.185333ms)
✔ request_id falls back to the X-Request-ID header when body has no envelope (1.149042ms)
✔ paginates across pages using the real total (9.491625ms)
✔ over-cap pagination marks the block partial and records a truncation, never silent (20.625375ms)
✔ evidence comes from real drawer links; a 404 brief is an honest empty source (1.30775ms)
✔ latest-brief and nested claim failures degrade evidence instead of disappearing (2.165333ms)
✔ reachable API with failed history yields empty series, never a fake curve (1.134042ms)
✔ total API-unreachable stays real and contains no fixture content (0.422334ms)
✔ all HTTP failures are a first-load error while healthy empty responses are successful (0.353541ms)
✔ demo snapshot requires an explicit demo request (0.207875ms)
✔ buildFixtureSnapshot is pure and self-contained (0.080875ms)
✔ company-research batching requests every identifier exactly once (mismatched lengths) (4.702958ms)
✔ company-research alias fallback on 404 and match-by-ticker (0.170667ms)
✔ company-research enrichment failure is partial, never erases companies (0.921959ms)
✔ personal client scopes queries and maps wire keys before pages see them (0.349166ms)
✔ personal protected writes use only an explicit tab key and start accepts no date/body (0.118458ms)
✔ personal mutation failure rejects with visible safe details and cannot look successful (0.218708ms)
✔ personal reports, evidence, and exports remain pinned to the selected report UUID (0.078959ms)
✔ personal run poller allows one status request at a time and stops at terminal (11.073167ms)
✔ adapter source carries the required literal // SYNTHETIC: tags (0.379875ms)
✔ Today keeps partial workspace and history read failures visible (1.166209ms)
✔ capture coverage shows useful recorded counts without schema or diagnostic arrays (0.9795ms)
✔ hash routes preserve personal aliases, event ids, and deferred destinations (0.824208ms)
✔ personal navigation and command palette advertise only Today, Saved, Briefs, and stories (0.13575ms)
✔ evidence drawer renders the retained excerpt as escaped React text and activates only HTTP(S) (0.119917ms)
✔ demo is persistently labelled and all personal mutations are gated out of demo (0.13625ms)
✔ freshness labels keep publication, display fetch, and processing success distinct (0.126125ms)
✔ Today implements server filters, previous-run selection, quiet results, and explicit retry (0.137916ms)
✔ persistent saves use confirmed responses and preserve unavailable pointers (0.109459ms)
✔ detail and briefs keep frozen scope, report identity, citations, and exports explicit (0.5895ms)
✔ late personal responses are isolated by current filter, route, and mode identity (0.175291ms)
✔ access key is tab-memory only and setup does not silently configure owner or feeds (0.311667ms)
✔ settings payload preserves exact decimal strings and explicit source selection (0.611667ms)
✔ raw reader separates retained RSS, unknown publication, grouping, and admission (0.13925ms)
✔ disabled or blocked grouping never presents a healthy quiet update (0.35425ms)
✔ failed capture without grouping is explained before healthy quiet results (0.406917ms)
✔ failed provider before grouping is explained without hiding retained raw articles (0.386875ms)
✔ partial failure stays truthful while disabled and successful grouping keep their states (0.392375ms)
✔ personal page loads before the router and legacy prototype files remain included (0.057959ms)
✔ URL API override accepts explicit credential-free loopback only (1.563375ms)
ℹ tests 50
ℹ suites 0
ℹ pass 50
ℹ fail 0
ℹ cancelled 0
ℹ skipped 0
ℹ todo 0
ℹ duration_ms 157.371958
