✔ CommonJS + browser export, no data side effects at eval (1.432833ms)
✔ toNyDisplayIso converts UTC-Z to America/New_York with correct DST offset (20.789833ms)
✔ alert lifecycle states map to the UI triad (0.155292ms)
✔ mappers align with types.ts and apply safe defaults (5.00275ms)
✔ evidence mapping preserves only the retained snippet and validates source protocols (0.219208ms)
✔ risk detail stays descriptive when prediction-backed fields are gated off (0.086959ms)
✔ safe defaults for an unscored live event (0.273ms)
✔ industries and list-companies expose honest unknown/null defaults, never fixtures (0.162417ms)
✔ radar deltas are computed only from real history, else null (0.096125ms)
✔ reachable snapshot: every field present, blocks merged, metadata attached (3.237666ms)
✔ one failed endpoint does not erase successful blocks; request_id captured (1.300375ms)
✔ request_id falls back to the X-Request-ID header when body has no envelope (1.092791ms)
✔ paginates across pages using the real total (9.631125ms)
✔ over-cap pagination marks the block partial and records a truncation, never silent (17.686375ms)
✔ evidence comes from real drawer links; a 404 brief is an honest empty source (0.887958ms)
✔ latest-brief and nested claim failures degrade evidence instead of disappearing (1.68ms)
✔ reachable API with failed history yields empty series, never a fake curve (0.991667ms)
✔ total API-unreachable stays real and contains no fixture content (0.420083ms)
✔ all HTTP failures are a first-load error while healthy empty responses are successful (0.334625ms)
✔ demo snapshot requires an explicit demo request (0.208083ms)
✔ buildFixtureSnapshot is pure and self-contained (0.070041ms)
✔ company-research batching requests every identifier exactly once (mismatched lengths) (0.608666ms)
✔ company-research alias fallback on 404 and match-by-ticker (3.141625ms)
✔ company-research enrichment failure is partial, never erases companies (0.900458ms)
✔ personal client scopes queries and maps wire keys before pages see them (0.334959ms)
✔ personal protected writes use only an explicit tab key and start accepts no date/body (0.118833ms)
✔ personal mutation failure rejects with visible safe details and cannot look successful (0.217125ms)
✔ personal reports, evidence, and exports remain pinned to the selected report UUID (0.074583ms)
✔ personal run poller allows one status request at a time and stops at terminal (8.183375ms)
✔ adapter source carries the required literal // SYNTHETIC: tags (0.32175ms)
✔ HTML keeps the classic adapter before the real-first data controller (1.363167ms)
✔ default boot is real and never requests fixture files (21.191042ms)
✔ unreachable API publishes a real error and no sample content (3.537834ms)
✔ a degraded refresh preserves prior data and its successful fetch time (0.77575ms)
✔ pending real response cannot populate an explicitly selected demo (1.368792ms)
✔ pending demo response cannot populate real after a mode switch (1.00675ms)
✔ mode changes clear displayed collections before the next mode resolves (0.725958ms)
✔ the loader owns no backend routes or wire-shape keys (0.179583ms)
✔ qualityMeta: live/unknown -> null (no badge noise); non-live -> labelled (0.895042ms)
✔ isNonLive only flags partial/synthetic/empty (0.111459ms)
✔ blockQuality reads the registry, then the block's dataQuality tag, else '' (0.099917ms)
✔ aggregateQuality picks the most-concerning non-live block (empty > partial > synthetic) (0.243834ms)
✔ isDemo / isDegraded gate the two global surfaces (never both) (0.094042ms)
✔ requestIds returns only distinct, non-null ids (never fabricated) (0.432125ms)
✔ errorSummaries dedupes, caps, keeps request ids, and never exposes endpoints (0.140917ms)
✔ value formatters: null/absent -> dash, never a fabricated zero (12.848625ms)
✔ horizonLabel maps canonical tokens, passes friendly labels through, dashes null (0.089959ms)
✔ module exports both a browser global and CommonJS (adapter pattern) (1.477458ms)
✔ HTML loads data-quality.js as a classic script before the JSX that consumes it (0.399792ms)
✔ the global demo/degraded surface is mounted once and gated by mode (0.529416ms)
✔ badge renders nothing for a live block (live stays quiet, no badge noise) (0.118417ms)
✔ degraded notice surfaces request IDs under a human label, not a wire key (0.07025ms)
✔ the new surfaces carry accessible semantics (0.1185ms)
✔ every route that renders a top-level block has a visible badge path (3.531959ms)
✔ dashboard Risk Level card never fabricates a model rating (Stage 7 regression) (0.305291ms)
✔ narrow layout: page-head actions row is scoped to a sibling div, so a sole .titles stays stacked (Stage 7 browser regression) (0.220375ms)
✔ data-quality.js carries no backend endpoints or wire keys (that boundary is the adapter's) (0.196167ms)
✔ Today keeps partial workspace and history read failures visible (2.21825ms)
✔ capture coverage shows useful recorded counts without schema or diagnostic arrays (0.835583ms)
✔ hash routes preserve personal aliases, event ids, and deferred destinations (0.812416ms)
✔ personal navigation and command palette advertise only Today, Saved, Briefs, and stories (0.116208ms)
✔ evidence drawer renders the retained excerpt as escaped React text and activates only HTTP(S) (0.157958ms)
✔ demo is persistently labelled and all personal mutations are gated out of demo (0.140875ms)
✔ freshness labels keep publication, display fetch, and processing success distinct (0.129917ms)
✔ Today implements server filters, previous-run selection, quiet results, and explicit retry (0.192375ms)
✔ persistent saves use confirmed responses and preserve unavailable pointers (0.1305ms)
✔ detail and briefs keep frozen scope, report identity, citations, and exports explicit (0.205792ms)
✔ late personal responses are isolated by current filter, route, and mode identity (0.111ms)
✔ access key is tab-memory only and setup does not silently configure owner or feeds (0.246208ms)
✔ settings payload preserves exact decimal strings and explicit source selection (1.101542ms)
✔ raw reader separates retained RSS, unknown publication, grouping, and admission (0.141209ms)
✔ disabled or blocked grouping never presents a healthy quiet update (0.392541ms)
✔ personal page loads before the router and legacy prototype files remain included (0.115ms)
✔ URL API override accepts explicit credential-free loopback only (1.928833ms)
ℹ tests 74
ℹ suites 0
ℹ pass 74
ℹ fail 0
ℹ cancelled 0
ℹ skipped 0
ℹ todo 0
ℹ duration_ms 144.439167
