✔ CommonJS + browser export, no data side effects at eval (2.523541ms)
✔ toNyDisplayIso converts UTC-Z to America/New_York with correct DST offset (12.994583ms)
✔ alert lifecycle states map to the UI triad (0.08925ms)
✔ mappers align with types.ts and apply safe defaults (2.815334ms)
✔ evidence mapping preserves only the retained snippet and validates source protocols (0.191041ms)
✔ risk detail stays descriptive when prediction-backed fields are gated off (0.083042ms)
✔ safe defaults for an unscored live event (0.197ms)
✔ industries and list-companies expose honest unknown/null defaults, never fixtures (0.161333ms)
✔ radar deltas are computed only from real history, else null (0.090166ms)
✔ reachable snapshot: every field present, blocks merged, metadata attached (3.735875ms)
✔ one failed endpoint does not erase successful blocks; request_id captured (2.57425ms)
✔ request_id falls back to the X-Request-ID header when body has no envelope (1.948417ms)
✔ paginates across pages using the real total (11.633292ms)
✔ over-cap pagination marks the block partial and records a truncation, never silent (19.05875ms)
✔ evidence comes from real drawer links; a 404 brief is an honest empty source (1.366834ms)
✔ latest-brief and nested claim failures degrade evidence instead of disappearing (1.717875ms)
✔ reachable API with failed history yields empty series, never a fake curve (0.987833ms)
✔ total API-unreachable stays real and contains no fixture content (0.356125ms)
✔ all HTTP failures are a first-load error while healthy empty responses are successful (0.30875ms)
✔ demo snapshot requires an explicit demo request (0.200333ms)
✔ buildFixtureSnapshot is pure and self-contained (0.070167ms)
✔ company-research batching requests every identifier exactly once (mismatched lengths) (3.710875ms)
✔ company-research alias fallback on 404 and match-by-ticker (0.179917ms)
✔ company-research enrichment failure is partial, never erases companies (1.054416ms)
✔ personal client scopes queries and maps wire keys before pages see them (0.388084ms)
✔ personal protected writes use only an explicit tab key and start accepts no date/body (0.130583ms)
✔ personal mutation failure rejects with visible safe details and cannot look successful (0.2355ms)
✔ personal reports, evidence, and exports remain pinned to the selected report UUID (0.086334ms)
✔ personal run poller allows one status request at a time and stops at terminal (9.615ms)
✔ adapter source carries the required literal // SYNTHETIC: tags (0.341375ms)
✔ HTML keeps the classic adapter before the real-first data controller (1.061792ms)
✔ default boot is real and never requests fixture files (16.139583ms)
✔ unreachable API publishes a real error and no sample content (1.393625ms)
✔ a degraded refresh preserves prior data and its successful fetch time (1.406792ms)
✔ pending real response cannot populate an explicitly selected demo (1.691583ms)
✔ pending demo response cannot populate real after a mode switch (1.075042ms)
✔ mode changes clear displayed collections before the next mode resolves (0.825667ms)
✔ the loader owns no backend routes or wire-shape keys (0.218667ms)
✔ qualityMeta: live/unknown -> null (no badge noise); non-live -> labelled (0.602084ms)
✔ isNonLive only flags partial/synthetic/empty (0.081333ms)
✔ blockQuality reads the registry, then the block's dataQuality tag, else '' (0.091042ms)
✔ aggregateQuality picks the most-concerning non-live block (empty > partial > synthetic) (0.082541ms)
✔ isDemo / isDegraded gate the two global surfaces (never both) (0.089834ms)
✔ requestIds returns only distinct, non-null ids (never fabricated) (0.372708ms)
✔ errorSummaries dedupes, caps, keeps request ids, and never exposes endpoints (0.115208ms)
✔ value formatters: null/absent -> dash, never a fabricated zero (12.645209ms)
✔ horizonLabel maps canonical tokens, passes friendly labels through, dashes null (0.094125ms)
✔ module exports both a browser global and CommonJS (adapter pattern) (1.711833ms)
✔ HTML loads data-quality.js as a classic script before the JSX that consumes it (0.367084ms)
✔ the global demo/degraded surface is mounted once and gated by mode (0.710708ms)
✔ badge renders nothing for a live block (live stays quiet, no badge noise) (0.120792ms)
✔ degraded notice surfaces request IDs under a human label, not a wire key (0.069792ms)
✔ the new surfaces carry accessible semantics (0.116791ms)
✔ every route that renders a top-level block has a visible badge path (3.677708ms)
✔ dashboard Risk Level card never fabricates a model rating (Stage 7 regression) (0.247375ms)
✔ narrow layout: page-head actions row is scoped to a sibling div, so a sole .titles stays stacked (Stage 7 browser regression) (0.200791ms)
✔ data-quality.js carries no backend endpoints or wire keys (that boundary is the adapter's) (0.182166ms)
✔ Today keeps partial workspace and history read failures visible (1.976375ms)
✔ capture coverage shows useful recorded counts without schema or diagnostic arrays (0.9835ms)
✔ hash routes preserve personal aliases, event ids, and deferred destinations (0.786834ms)
✔ personal navigation and command palette advertise only Today, Saved, Briefs, and stories (0.116ms)
✔ evidence drawer renders the retained excerpt as escaped React text and activates only HTTP(S) (0.117917ms)
✔ demo is persistently labelled and all personal mutations are gated out of demo (0.133041ms)
✔ freshness labels keep publication, display fetch, and processing success distinct (0.124416ms)
✔ Today implements server filters, previous-run selection, quiet results, and explicit retry (0.140875ms)
✔ persistent saves use confirmed responses and preserve unavailable pointers (0.106708ms)
✔ detail and briefs keep frozen scope, report identity, citations, and exports explicit (0.184041ms)
✔ late personal responses are isolated by current filter, route, and mode identity (0.104958ms)
✔ access key is tab-memory only and setup does not silently configure owner or feeds (0.240667ms)
✔ settings payload preserves exact decimal strings and explicit source selection (0.578042ms)
✔ raw reader separates retained RSS, unknown publication, grouping, and admission (0.154792ms)
✔ disabled or blocked grouping never presents a healthy quiet update (0.34775ms)
✔ personal page loads before the router and legacy prototype files remain included (0.059333ms)
✔ URL API override accepts explicit credential-free loopback only (1.472209ms)
ℹ tests 74
ℹ suites 0
ℹ pass 74
ℹ fail 0
ℹ cancelled 0
ℹ skipped 0
ℹ todo 0
ℹ duration_ms 145.151
