 
 -------------- personal-offline-browser_20260919_5fa7@localhost v5.6.3 (recovery)
--- ***** ----- 
-- ******* ---- macOS-26.4.1-arm64-arm-64bit-Mach-O 2026-09-19 22:39:46
- *** --- * --- 
- ** ---------- [config]
- ** ---------- .> app:         news_intelligence:0x109df2270
- ** ---------- .> transport:   redis://127.0.0.1:58684/1
- ** ---------- .> results:     redis://127.0.0.1:58684/2
- *** --- * --- .> concurrency: 8 (solo)
-- ******* ---- .> task events: OFF (enable -E to monitor tasks in this worker)
--- ***** ----- 
 -------------- [queues]
                .> pipeline         exchange=default(direct) key=default
                

[tasks]
  . generate_daily_brief
  . workers.alert_tasks.run_alert_evaluation
  . workers.alert_tasks.run_pending_alert_notification_sweep
  . workers.analogy_tasks.run_event_analogy_rerank
  . workers.clustering_tasks.run_article_clustering
  . workers.embedding_tasks.run_article_embedding
  . workers.embedding_tasks.run_episode_embedding_refresh
  . workers.embedding_tasks.run_event_embedding
  . workers.entity_linking_tasks.run_event_entity_linking
  . workers.ingestion_tasks.ingest_source_feed
  . workers.personal_tasks.run_personal_daily
  . workers.pipeline_tasks.run_daily_pipeline
  . workers.provider_data_tasks.run_country_indicator_ingestion
  . workers.provider_data_tasks.run_energy_series_ingestion
  . workers.provider_data_tasks.run_entity_identity_ingestion
  . workers.provider_data_tasks.run_fred_macro_ingestion
  . workers.provider_data_tasks.run_gdelt_raw_ingestion
  . workers.provider_data_tasks.run_geo_incident_ingestion
  . workers.provider_data_tasks.run_humanitarian_report_ingestion
  . workers.provider_data_tasks.run_sanctions_ingestion
  . workers.provider_data_tasks.run_sec_company_ingestion
  . workers.provider_data_tasks.run_sec_identity_refresh
  . workers.provider_data_tasks.run_wikidata_identity_ingestion
  . workers.tasks.noop
  . workers.tasks.scheduled_heartbeat

[2026-09-19 22:39:46,414: INFO/MainProcess] Connected to redis://127.0.0.1:58684/1
[2026-09-19 22:39:46,420: INFO/MainProcess] mingle: searching for neighbors
[2026-09-19 22:39:47,437: INFO/MainProcess] mingle: all alone
[2026-09-19 22:39:47,474: INFO/MainProcess] personal-offline-browser_20260919_5fa7@localhost ready.
[2026-09-19 22:40:58,563: INFO/MainProcess] Task workers.personal_tasks.run_personal_daily[7feafa57-8d6d-4c1a-8704-0e32d9c1a0e6] received
[2026-09-19 22:40:58,868: INFO/MainProcess] Task workers.personal_tasks.run_personal_daily[7feafa57-8d6d-4c1a-8704-0e32d9c1a0e6] succeeded in 0.30418783286586404s: {'status': 'succeeded', 'run_id': 'da3288e6-efbd-4497-8f18-2adfb512c888', 'report_id': '0539fc3a-a716-4f88-8647-d780de20ca82', 'published': True, 'feeds_attempted': 1, 'feeds_succeeded': 1, 'feeds_failed': 0, 'articles_captured': 1, 'articles_admitted': 1, 'events_observed': 1, 'claims_supported': 2, 'fixture_label': 'Synthetic Phase 2 acceptance feed and scripted provider responses; no live network or paid model calls'}

worker: Warm shutdown (MainProcess)
