 
 -------------- personal-offline-p3_item6_20261003_b@localhost v5.6.3 (recovery)
--- ***** ----- 
-- ******* ---- macOS-26.4.1-arm64-arm-64bit-Mach-O 2026-10-03 17:56:03
- *** --- * --- 
- ** ---------- [config]
- ** ---------- .> app:         news_intelligence:0x1077c2270
- ** ---------- .> transport:   redis://127.0.0.1:56427/1
- ** ---------- .> results:     redis://127.0.0.1:56427/2
- *** --- * --- .> concurrency: 8 (solo)
-- ******* ---- .> task events: OFF (enable -E to monitor tasks in this worker)
--- ***** ----- 
 -------------- [queues]
                .> pipeline         exchange=default(direct) key=default
                

[tasks]
  . generate_daily_brief
  . workers.alert_tasks.run_alert_evaluation
  . workers.alert_tasks.run_pending_alert_notification_sweep
  . workers.analogy_tasks.run_event_analogy_rerank
  . workers.clustering_tasks.run_article_clustering
  . workers.embedding_tasks.run_article_embedding
  . workers.embedding_tasks.run_episode_embedding_refresh
  . workers.embedding_tasks.run_event_embedding
  . workers.entity_linking_tasks.run_event_entity_linking
  . workers.ingestion_tasks.ingest_source_feed
  . workers.personal_tasks.run_personal_daily
  . workers.pipeline_tasks.run_daily_pipeline
  . workers.provider_data_tasks.run_country_indicator_ingestion
  . workers.provider_data_tasks.run_energy_series_ingestion
  . workers.provider_data_tasks.run_entity_identity_ingestion
  . workers.provider_data_tasks.run_fred_macro_ingestion
  . workers.provider_data_tasks.run_gdelt_raw_ingestion
  . workers.provider_data_tasks.run_geo_incident_ingestion
  . workers.provider_data_tasks.run_humanitarian_report_ingestion
  . workers.provider_data_tasks.run_sanctions_ingestion
  . workers.provider_data_tasks.run_sec_company_ingestion
  . workers.provider_data_tasks.run_sec_identity_refresh
  . workers.provider_data_tasks.run_wikidata_identity_ingestion
  . workers.tasks.noop
  . workers.tasks.scheduled_heartbeat

[2026-10-03 17:56:03,740: INFO/MainProcess] Connected to redis://127.0.0.1:56427/1
[2026-10-03 17:56:03,758: INFO/MainProcess] mingle: searching for neighbors
[2026-10-03 17:56:04,780: INFO/MainProcess] mingle: all alone
[2026-10-03 17:56:04,813: INFO/MainProcess] personal-offline-p3_item6_20261003_b@localhost ready.

worker: Warm shutdown (MainProcess)
