2026-10-03 23:01:02.460 UTC [67] LOG:  statement: CREATE DATABASE "nip_stage6_sel_749ce0d0626d490a8943f5c2b63feb8b"
2026-10-03 23:01:04.882 UTC [67] LOG:  statement: DROP DATABASE IF EXISTS "nip_stage6_sel_749ce0d0626d490a8943f5c2b63feb8b"
2026-10-03 23:01:04.993 UTC [71] LOG:  statement: CREATE DATABASE "nip_stage6_sel_f6e4881944d841f19ca95e5f898ffbb6"
2026-10-03 23:01:07.481 UTC [71] LOG:  statement: DROP DATABASE IF EXISTS "nip_stage6_sel_f6e4881944d841f19ca95e5f898ffbb6"
2026-10-03 23:02:10.474 UTC [78] LOG:  statement: CREATE DATABASE "nip_stage6_hotness_58df740e0f3d467881789bca115f8336"
2026-10-03 23:02:13.419 UTC [78] LOG:  statement: DROP DATABASE IF EXISTS "nip_stage6_hotness_58df740e0f3d467881789bca115f8336"
2026-10-03 23:02:13.464 UTC [84] LOG:  statement: CREATE DATABASE "nip_stage6_sel_2044211f21da400c911abe36e574583b"
2026-10-03 23:02:14.687 UTC [84] LOG:  statement: DROP DATABASE IF EXISTS "nip_stage6_sel_2044211f21da400c911abe36e574583b"
2026-10-03 23:02:14.725 UTC [88] LOG:  statement: CREATE DATABASE "nip_stage6_hotness_9322753749da4c9da17075d9d5b39994"
2026-10-03 23:02:17.736 UTC [88] LOG:  statement: DROP DATABASE IF EXISTS "nip_stage6_hotness_9322753749da4c9da17075d9d5b39994"
2026-10-03 23:02:17.772 UTC [94] LOG:  statement: CREATE DATABASE "nip_stage6_sel_efca3d25895c461187091157298a277c"
2026-10-03 23:02:18.894 UTC [94] LOG:  statement: DROP DATABASE IF EXISTS "nip_stage6_sel_efca3d25895c461187091157298a277c"
2026-10-03 23:02:18.930 UTC [98] LOG:  statement: CREATE DATABASE "nip_stage6_sel_fda80d2315c9409d8fb4fa3b6fe7a429"
2026-10-03 23:02:20.033 UTC [98] LOG:  statement: DROP DATABASE IF EXISTS "nip_stage6_sel_fda80d2315c9409d8fb4fa3b6fe7a429"
2026-10-03 23:02:20.071 UTC [102] LOG:  statement: CREATE DATABASE "nip_stage6_sel_d5f5e874ad334f97a2ffa6d35c029bb2"
2026-10-03 23:02:21.096 UTC [102] LOG:  statement: DROP DATABASE IF EXISTS "nip_stage6_sel_d5f5e874ad334f97a2ffa6d35c029bb2"
2026-10-03 23:02:21.128 UTC [106] LOG:  statement: CREATE DATABASE "nip_stage6_sel_a2947741c08f477792b296aae649e006"
2026-10-03 23:02:22.243 UTC [106] LOG:  statement: DROP DATABASE IF EXISTS "nip_stage6_sel_a2947741c08f477792b296aae649e006"
2026-10-03 23:02:53.111 UTC [116] LOG:  statement: CREATE DATABASE "nip_alembic_smoke_2a67604c7bc84d049265832ac14dd09d"
2026-10-03 23:02:55.499 UTC [116] LOG:  statement: DROP DATABASE IF EXISTS "nip_alembic_smoke_2a67604c7bc84d049265832ac14dd09d"
2026-10-03 23:02:55.543 UTC [121] LOG:  statement: CREATE DATABASE "nip_alembic_smoke_d03769edc1b9487c956ad837814e0ef2"
2026-10-03 23:02:57.787 UTC [121] LOG:  statement: DROP DATABASE IF EXISTS "nip_alembic_smoke_d03769edc1b9487c956ad837814e0ef2"
