2026-10-03 23:01:02.460 UTC [67] LOG:  statement: CREATE DATABASE "nip_stage6_sel_749ce0d0626d490a8943f5c2b63feb8b"
2026-10-03 23:01:04.882 UTC [67] LOG:  statement: DROP DATABASE IF EXISTS "nip_stage6_sel_749ce0d0626d490a8943f5c2b63feb8b"
2026-10-03 23:01:04.993 UTC [71] LOG:  statement: CREATE DATABASE "nip_stage6_sel_f6e4881944d841f19ca95e5f898ffbb6"
2026-10-03 23:01:07.481 UTC [71] LOG:  statement: DROP DATABASE IF EXISTS "nip_stage6_sel_f6e4881944d841f19ca95e5f898ffbb6"
2026-10-03 23:02:10.474 UTC [78] LOG:  statement: CREATE DATABASE "nip_stage6_hotness_58df740e0f3d467881789bca115f8336"
2026-10-03 23:02:13.419 UTC [78] LOG:  statement: DROP DATABASE IF EXISTS "nip_stage6_hotness_58df740e0f3d467881789bca115f8336"
2026-10-03 23:02:13.464 UTC [84] LOG:  statement: CREATE DATABASE "nip_stage6_sel_2044211f21da400c911abe36e574583b"
2026-10-03 23:02:14.687 UTC [84] LOG:  statement: DROP DATABASE IF EXISTS "nip_stage6_sel_2044211f21da400c911abe36e574583b"
2026-10-03 23:02:14.725 UTC [88] LOG:  statement: CREATE DATABASE "nip_stage6_hotness_9322753749da4c9da17075d9d5b39994"
2026-10-03 23:02:17.736 UTC [88] LOG:  statement: DROP DATABASE IF EXISTS "nip_stage6_hotness_9322753749da4c9da17075d9d5b39994"
2026-10-03 23:02:17.772 UTC [94] LOG:  statement: CREATE DATABASE "nip_stage6_sel_efca3d25895c461187091157298a277c"
2026-10-03 23:02:18.894 UTC [94] LOG:  statement: DROP DATABASE IF EXISTS "nip_stage6_sel_efca3d25895c461187091157298a277c"
2026-10-03 23:02:18.930 UTC [98] LOG:  statement: CREATE DATABASE "nip_stage6_sel_fda80d2315c9409d8fb4fa3b6fe7a429"
2026-10-03 23:02:20.033 UTC [98] LOG:  statement: DROP DATABASE IF EXISTS "nip_stage6_sel_fda80d2315c9409d8fb4fa3b6fe7a429"
2026-10-03 23:02:20.071 UTC [102] LOG:  statement: CREATE DATABASE "nip_stage6_sel_d5f5e874ad334f97a2ffa6d35c029bb2"
2026-10-03 23:02:21.096 UTC [102] LOG:  statement: DROP DATABASE IF EXISTS "nip_stage6_sel_d5f5e874ad334f97a2ffa6d35c029bb2"
2026-10-03 23:02:21.128 UTC [106] LOG:  statement: CREATE DATABASE "nip_stage6_sel_a2947741c08f477792b296aae649e006"
2026-10-03 23:02:22.243 UTC [106] LOG:  statement: DROP DATABASE IF EXISTS "nip_stage6_sel_a2947741c08f477792b296aae649e006"
2026-10-03 23:02:30.317 UTC [111] LOG:  statement: CREATE DATABASE "nip_stage7_aa1fea69f3f145219ba89710995f74ec"
2026-10-03 23:02:32.141 UTC [111] LOG:  statement: DROP DATABASE IF EXISTS "nip_stage7_aa1fea69f3f145219ba89710995f74ec"
2026-10-03 23:02:53.111 UTC [116] LOG:  statement: CREATE DATABASE "nip_alembic_smoke_2a67604c7bc84d049265832ac14dd09d"
2026-10-03 23:02:55.499 UTC [116] LOG:  statement: DROP DATABASE IF EXISTS "nip_alembic_smoke_2a67604c7bc84d049265832ac14dd09d"
2026-10-03 23:02:55.543 UTC [121] LOG:  statement: CREATE DATABASE "nip_alembic_smoke_d03769edc1b9487c956ad837814e0ef2"
2026-10-03 23:02:57.787 UTC [121] LOG:  statement: DROP DATABASE IF EXISTS "nip_alembic_smoke_d03769edc1b9487c956ad837814e0ef2"
2026-10-03 23:03:04.479 UTC [127] LOG:  statement: CREATE DATABASE "nip_stage7_04ef4a3d1ba043a3907dda1d50eba3aa"
2026-10-03 23:03:06.223 UTC [127] LOG:  statement: DROP DATABASE IF EXISTS "nip_stage7_04ef4a3d1ba043a3907dda1d50eba3aa"
2026-10-03 23:04:16.080 UTC [136] LOG:  statement: CREATE DATABASE "nip_stage7_8bfd2da677de41bf9161c6655847f94e"
2026-10-03 23:04:18.277 UTC [136] LOG:  statement: DROP DATABASE IF EXISTS "nip_stage7_8bfd2da677de41bf9161c6655847f94e"
2026-10-03 23:04:18.328 UTC [142] LOG:  statement: CREATE DATABASE "nip_stage7_900486f033194eb68a25b07595ca32a1"
2026-10-03 23:04:20.870 UTC [142] LOG:  statement: DROP DATABASE IF EXISTS "nip_stage7_900486f033194eb68a25b07595ca32a1"
2026-10-03 23:04:20.926 UTC [148] LOG:  statement: CREATE DATABASE "nip_stage7_d9d2d1283ce04dbdbe2c5215a53ab9f0"
2026-10-03 23:04:22.985 UTC [148] LOG:  statement: DROP DATABASE IF EXISTS "nip_stage7_d9d2d1283ce04dbdbe2c5215a53ab9f0"
2026-10-03 23:04:23.037 UTC [154] LOG:  statement: CREATE DATABASE "nip_stage7_88fe140e5a044dd2b60b3859b3b727b6"
2026-10-03 23:04:24.716 UTC [154] LOG:  statement: DROP DATABASE IF EXISTS "nip_stage7_88fe140e5a044dd2b60b3859b3b727b6"
2026-10-03 23:04:24.769 UTC [159] LOG:  statement: CREATE DATABASE "nip_stage7_b3c8c79e62d34c10a0e7b6aeaf8e9907"
2026-10-03 23:04:26.556 UTC [159] LOG:  statement: DROP DATABASE IF EXISTS "nip_stage7_b3c8c79e62d34c10a0e7b6aeaf8e9907"
2026-10-03 23:04:26.604 UTC [164] LOG:  statement: CREATE DATABASE "nip_stage7_8cbf27a50c3d432db5cf80a0a45d4312"
2026-10-03 23:04:28.797 UTC [164] LOG:  statement: DROP DATABASE IF EXISTS "nip_stage7_8cbf27a50c3d432db5cf80a0a45d4312"
2026-10-03 23:04:28.843 UTC [169] LOG:  statement: CREATE DATABASE "nip_stage7_df09b64940164a619afce2ff02470747"
2026-10-03 23:04:30.712 UTC [169] LOG:  statement: DROP DATABASE IF EXISTS "nip_stage7_df09b64940164a619afce2ff02470747"
2026-10-03 23:04:30.758 UTC [174] LOG:  statement: CREATE DATABASE "nip_stage7_8b14c9ad475d4af592a3a160a77505fc"
2026-10-03 23:04:32.638 UTC [174] LOG:  statement: DROP DATABASE IF EXISTS "nip_stage7_8b14c9ad475d4af592a3a160a77505fc"
2026-10-03 23:04:32.688 UTC [180] LOG:  statement: CREATE DATABASE "nip_stage7_4c35465f2427491984a336a90fa68340"
2026-10-03 23:04:34.684 UTC [180] LOG:  statement: DROP DATABASE IF EXISTS "nip_stage7_4c35465f2427491984a336a90fa68340"
2026-10-03 23:07:37.120 UTC [192] LOG:  statement: CREATE DATABASE "nip_stage7_97d9630c35ce4a6e875ef2179b006a46"
2026-10-03 23:07:39.418 UTC [192] LOG:  statement: DROP DATABASE IF EXISTS "nip_stage7_97d9630c35ce4a6e875ef2179b006a46"
2026-10-03 23:07:39.473 UTC [199] LOG:  statement: CREATE DATABASE "nip_stage7_f84d447cae764ade9ffa9f2eee9e4326"
2026-10-03 23:07:42.116 UTC [199] LOG:  statement: DROP DATABASE IF EXISTS "nip_stage7_f84d447cae764ade9ffa9f2eee9e4326"
2026-10-03 23:07:42.179 UTC [205] LOG:  statement: CREATE DATABASE "nip_stage7_db4803ee5e3444d587567e4e11a93568"
2026-10-03 23:07:44.252 UTC [205] LOG:  statement: DROP DATABASE IF EXISTS "nip_stage7_db4803ee5e3444d587567e4e11a93568"
2026-10-03 23:07:44.294 UTC [211] LOG:  statement: CREATE DATABASE "nip_stage7_10951b5a9c6049bc95893912d1294b0c"
2026-10-03 23:07:46.136 UTC [211] LOG:  statement: DROP DATABASE IF EXISTS "nip_stage7_10951b5a9c6049bc95893912d1294b0c"
2026-10-03 23:07:46.180 UTC [216] LOG:  statement: CREATE DATABASE "nip_stage7_31eaa15bc5b34eef8bd52598534b5757"
2026-10-03 23:07:47.973 UTC [216] LOG:  statement: DROP DATABASE IF EXISTS "nip_stage7_31eaa15bc5b34eef8bd52598534b5757"
2026-10-03 23:07:48.027 UTC [221] LOG:  statement: CREATE DATABASE "nip_stage7_7e5d88bf6903475982dae70d18395582"
2026-10-03 23:07:49.796 UTC [221] LOG:  statement: DROP DATABASE IF EXISTS "nip_stage7_7e5d88bf6903475982dae70d18395582"
2026-10-03 23:07:49.838 UTC [226] LOG:  statement: CREATE DATABASE "nip_stage7_4d9773ceef2144a49a2557efbef058ca"
2026-10-03 23:07:51.628 UTC [226] LOG:  statement: DROP DATABASE IF EXISTS "nip_stage7_4d9773ceef2144a49a2557efbef058ca"
2026-10-03 23:07:51.677 UTC [231] LOG:  statement: CREATE DATABASE "nip_stage7_f1e5fb2f700248a18012cd9739076cbf"
2026-10-03 23:07:57.274 UTC [231] LOG:  statement: DROP DATABASE IF EXISTS "nip_stage7_f1e5fb2f700248a18012cd9739076cbf"
2026-10-03 23:07:57.524 UTC [237] LOG:  statement: CREATE DATABASE "nip_stage7_8aac2276a2f6473096f6e7b108d7cab3"
2026-10-03 23:08:00.642 UTC [237] LOG:  statement: DROP DATABASE IF EXISTS "nip_stage7_8aac2276a2f6473096f6e7b108d7cab3"
2026-10-03 23:08:00.698 UTC [244] LOG:  statement: CREATE DATABASE "nip_stage7_977fb97c1f4144019bcdda2c3aa69a3c"
2026-10-03 23:08:02.923 UTC [244] LOG:  statement: DROP DATABASE IF EXISTS "nip_stage7_977fb97c1f4144019bcdda2c3aa69a3c"
2026-10-03 23:08:03.023 UTC [250] LOG:  statement: CREATE DATABASE "nip_stage7_9118e6df747d4b779a3e11d4b1c29c36"
2026-10-03 23:08:04.951 UTC [250] LOG:  statement: DROP DATABASE IF EXISTS "nip_stage7_9118e6df747d4b779a3e11d4b1c29c36"
2026-10-03 23:08:55.351 UTC [258] LOG:  statement: CREATE DATABASE "nip_stage7_5a8d0e2705aa46be8c1a1e637b467edf"
2026-10-03 23:08:58.532 UTC [258] LOG:  statement: DROP DATABASE IF EXISTS "nip_stage7_5a8d0e2705aa46be8c1a1e637b467edf"
2026-10-03 23:09:33.782 UTC [265] LOG:  statement: CREATE DATABASE "nip_stage7_c0ff22d0ecfb4136b6970b6a4e8106c4"
2026-10-03 23:09:36.077 UTC [265] LOG:  statement: DROP DATABASE IF EXISTS "nip_stage7_c0ff22d0ecfb4136b6970b6a4e8106c4"
2026-10-03 23:09:36.134 UTC [271] LOG:  statement: CREATE DATABASE "nip_stage7_46d2a57a0ebf475fabeab953006a0629"
2026-10-03 23:09:38.843 UTC [271] LOG:  statement: DROP DATABASE IF EXISTS "nip_stage7_46d2a57a0ebf475fabeab953006a0629"
2026-10-03 23:09:38.901 UTC [278] LOG:  statement: CREATE DATABASE "nip_stage7_3a6a2432387f48b59c943793e2beb1be"
2026-10-03 23:09:40.892 UTC [278] LOG:  statement: DROP DATABASE IF EXISTS "nip_stage7_3a6a2432387f48b59c943793e2beb1be"
2026-10-03 23:09:40.950 UTC [284] LOG:  statement: CREATE DATABASE "nip_stage7_72ad5032ef074afa8b290654c4f36e20"
2026-10-03 23:09:42.871 UTC [284] LOG:  statement: DROP DATABASE IF EXISTS "nip_stage7_72ad5032ef074afa8b290654c4f36e20"
2026-10-03 23:09:42.920 UTC [289] LOG:  statement: CREATE DATABASE "nip_stage7_71cc9d56571c4b2caed29ba5452bb6f6"
2026-10-03 23:09:44.698 UTC [289] LOG:  statement: DROP DATABASE IF EXISTS "nip_stage7_71cc9d56571c4b2caed29ba5452bb6f6"
2026-10-03 23:09:44.745 UTC [294] LOG:  statement: CREATE DATABASE "nip_stage7_ef22ac6dfada42999271cec6ca791288"
2026-10-03 23:09:47.412 UTC [294] LOG:  statement: DROP DATABASE IF EXISTS "nip_stage7_ef22ac6dfada42999271cec6ca791288"
2026-10-03 23:09:47.468 UTC [299] LOG:  statement: CREATE DATABASE "nip_stage7_38ba229e53d74508adc9e1a19e3b4169"
2026-10-03 23:09:49.261 UTC [299] LOG:  statement: DROP DATABASE IF EXISTS "nip_stage7_38ba229e53d74508adc9e1a19e3b4169"
2026-10-03 23:09:49.309 UTC [304] LOG:  statement: CREATE DATABASE "nip_stage7_bdd86dfdbcae4c30812bbe089129ebac"
2026-10-03 23:09:51.155 UTC [304] LOG:  statement: DROP DATABASE IF EXISTS "nip_stage7_bdd86dfdbcae4c30812bbe089129ebac"
2026-10-03 23:09:51.202 UTC [310] LOG:  statement: CREATE DATABASE "nip_stage7_8d3f4e50405d4cf0af4d51fc094df2b6"
2026-10-03 23:09:53.112 UTC [310] LOG:  statement: DROP DATABASE IF EXISTS "nip_stage7_8d3f4e50405d4cf0af4d51fc094df2b6"
2026-10-03 23:09:53.156 UTC [316] LOG:  statement: CREATE DATABASE "nip_stage7_83fffa4e19494d499a51f90a72e07f4a"
2026-10-03 23:09:55.107 UTC [316] LOG:  statement: DROP DATABASE IF EXISTS "nip_stage7_83fffa4e19494d499a51f90a72e07f4a"
2026-10-03 23:09:55.150 UTC [322] LOG:  statement: CREATE DATABASE "nip_stage7_866eaf7a6fc9460392914bc924346c5c"
2026-10-03 23:09:57.150 UTC [322] LOG:  statement: DROP DATABASE IF EXISTS "nip_stage7_866eaf7a6fc9460392914bc924346c5c"
2026-10-03 23:09:57.199 UTC [328] LOG:  statement: CREATE DATABASE "nip_stage7_d82a20c39d9d4358aafce96f7ce48186"
2026-10-03 23:10:00.112 UTC [328] LOG:  statement: DROP DATABASE IF EXISTS "nip_stage7_d82a20c39d9d4358aafce96f7ce48186"
2026-10-03 23:11:35.013 UTC [339] LOG:  statement: CREATE DATABASE "nip_stage7_61a5f3c06c424c5db798081de65ce916"
2026-10-03 23:11:37.350 UTC [339] LOG:  statement: DROP DATABASE IF EXISTS "nip_stage7_61a5f3c06c424c5db798081de65ce916"
2026-10-03 23:11:37.408 UTC [347] LOG:  statement: CREATE DATABASE "nip_stage7_173c9b33890047f0b47342eef5a4d083"
2026-10-03 23:11:39.292 UTC [347] LOG:  statement: DROP DATABASE IF EXISTS "nip_stage7_173c9b33890047f0b47342eef5a4d083"
2026-10-03 23:11:39.354 UTC [355] LOG:  statement: CREATE DATABASE "nip_stage7_17c2f18a5d884ec7a8c074b3a5887b9d"
2026-10-03 23:11:41.438 UTC [355] LOG:  statement: DROP DATABASE IF EXISTS "nip_stage7_17c2f18a5d884ec7a8c074b3a5887b9d"
2026-10-03 23:12:08.178 UTC [365] LOG:  statement: CREATE DATABASE "nip_stage7_7c7399f4df3d491a93e9cb5f3fb6b36f"
2026-10-03 23:12:10.310 UTC [365] LOG:  statement: DROP DATABASE IF EXISTS "nip_stage7_7c7399f4df3d491a93e9cb5f3fb6b36f"
2026-10-03 23:12:10.368 UTC [371] LOG:  statement: CREATE DATABASE "nip_stage7_7628a59d01814700bf1fe795d7b2b9bc"
2026-10-03 23:12:13.309 UTC [371] LOG:  statement: DROP DATABASE IF EXISTS "nip_stage7_7628a59d01814700bf1fe795d7b2b9bc"
2026-10-03 23:12:13.398 UTC [377] LOG:  statement: CREATE DATABASE "nip_stage7_421ae7c652c34ea7940042097e920217"
2026-10-03 23:12:15.364 UTC [377] LOG:  statement: DROP DATABASE IF EXISTS "nip_stage7_421ae7c652c34ea7940042097e920217"
2026-10-03 23:12:15.418 UTC [383] LOG:  statement: CREATE DATABASE "nip_stage7_f4d76c9e13e84e3782f0dded14eb0a7a"
2026-10-03 23:12:17.158 UTC [383] LOG:  statement: DROP DATABASE IF EXISTS "nip_stage7_f4d76c9e13e84e3782f0dded14eb0a7a"
2026-10-03 23:12:17.203 UTC [388] LOG:  statement: CREATE DATABASE "nip_stage7_926b46f086c64a3babd31739a2a9206d"
2026-10-03 23:12:18.982 UTC [388] LOG:  statement: DROP DATABASE IF EXISTS "nip_stage7_926b46f086c64a3babd31739a2a9206d"
2026-10-03 23:12:19.033 UTC [393] LOG:  statement: CREATE DATABASE "nip_stage7_b1294c6f154e45079671839f486799c4"
2026-10-03 23:12:20.804 UTC [393] LOG:  statement: DROP DATABASE IF EXISTS "nip_stage7_b1294c6f154e45079671839f486799c4"
2026-10-03 23:12:20.854 UTC [398] LOG:  statement: CREATE DATABASE "nip_stage7_dd91b984241f4579b0f0dad35c40b574"
2026-10-03 23:12:22.705 UTC [398] LOG:  statement: DROP DATABASE IF EXISTS "nip_stage7_dd91b984241f4579b0f0dad35c40b574"
2026-10-03 23:12:22.756 UTC [403] LOG:  statement: CREATE DATABASE "nip_stage7_4d23f2a1e2484a5a912115c5b91e32d8"
2026-10-03 23:12:24.493 UTC [403] LOG:  statement: DROP DATABASE IF EXISTS "nip_stage7_4d23f2a1e2484a5a912115c5b91e32d8"
2026-10-03 23:12:24.540 UTC [409] LOG:  statement: CREATE DATABASE "nip_stage7_f8048353165a42049fbaea03fb53e39b"
2026-10-03 23:12:26.361 UTC [409] LOG:  statement: DROP DATABASE IF EXISTS "nip_stage7_f8048353165a42049fbaea03fb53e39b"
2026-10-03 23:12:26.409 UTC [415] LOG:  statement: CREATE DATABASE "nip_stage7_8c139c864f8d458bbb87686d9b20e24a"
2026-10-03 23:12:28.362 UTC [415] LOG:  statement: DROP DATABASE IF EXISTS "nip_stage7_8c139c864f8d458bbb87686d9b20e24a"
2026-10-03 23:12:28.407 UTC [421] LOG:  statement: CREATE DATABASE "nip_stage7_8e0ca7af6b18408aa65a076988bbbd03"
2026-10-03 23:12:30.271 UTC [421] LOG:  statement: DROP DATABASE IF EXISTS "nip_stage7_8e0ca7af6b18408aa65a076988bbbd03"
2026-10-03 23:12:30.320 UTC [428] LOG:  statement: CREATE DATABASE "nip_stage7_e59b97a8f888496b90a128cae00727e7"
2026-10-03 23:12:32.372 UTC [428] LOG:  statement: DROP DATABASE IF EXISTS "nip_stage7_e59b97a8f888496b90a128cae00727e7"
2026-10-03 23:12:32.414 UTC [434] LOG:  statement: CREATE DATABASE "nip_stage7_71da16614558449e8311c80b67fd7572"
2026-10-03 23:12:34.991 UTC [434] LOG:  statement: DROP DATABASE IF EXISTS "nip_stage7_71da16614558449e8311c80b67fd7572"
2026-10-03 23:12:35.097 UTC [439] LOG:  statement: CREATE DATABASE "nip_stage7_a6cfc807bef04230b661f8e3ffb91269"
2026-10-03 23:12:38.669 UTC [439] LOG:  statement: DROP DATABASE IF EXISTS "nip_stage7_a6cfc807bef04230b661f8e3ffb91269"
2026-10-03 23:12:38.719 UTC [444] LOG:  statement: CREATE DATABASE "nip_stage7_458abb3320c44c02aa675775c08eed59"
2026-10-03 23:12:41.884 UTC [444] LOG:  statement: DROP DATABASE IF EXISTS "nip_stage7_458abb3320c44c02aa675775c08eed59"
2026-10-03 23:12:41.938 UTC [449] LOG:  statement: CREATE DATABASE "nip_stage7_964be396005f4fa49fee9103d979b287"
2026-10-03 23:12:44.987 UTC [449] LOG:  statement: DROP DATABASE IF EXISTS "nip_stage7_964be396005f4fa49fee9103d979b287"
2026-10-03 23:12:45.037 UTC [454] LOG:  statement: CREATE DATABASE "nip_stage7_75d18e8b8b1f4f689977de8e70868d3d"
2026-10-03 23:12:47.892 UTC [454] LOG:  statement: DROP DATABASE IF EXISTS "nip_stage7_75d18e8b8b1f4f689977de8e70868d3d"
2026-10-03 23:12:47.942 UTC [459] LOG:  statement: CREATE DATABASE "nip_stage7_4fdcfb661b76462ba35141a39aea8ea8"
2026-10-03 23:12:49.686 UTC [459] LOG:  statement: DROP DATABASE IF EXISTS "nip_stage7_4fdcfb661b76462ba35141a39aea8ea8"
2026-10-03 23:12:49.720 UTC [462] LOG:  statement: CREATE DATABASE "nip_phase2_live_ac3868e401c447a19aa00f4ee1846924"
2026-10-03 23:12:51.565 UTC [462] LOG:  statement: DROP DATABASE IF EXISTS "nip_phase2_live_ac3868e401c447a19aa00f4ee1846924"
2026-10-03 23:12:51.591 UTC [465] LOG:  statement: CREATE DATABASE "nip_phase2_live_f666351396364de09901027efceecfe8"
2026-10-03 23:12:53.454 UTC [465] LOG:  statement: DROP DATABASE IF EXISTS "nip_phase2_live_f666351396364de09901027efceecfe8"
2026-10-03 23:12:53.489 UTC [468] LOG:  statement: CREATE DATABASE "nip_phase2_live_861ba624ae1746288c073da2d53a8a81"
2026-10-03 23:12:54.928 UTC [468] LOG:  statement: DROP DATABASE IF EXISTS "nip_phase2_live_861ba624ae1746288c073da2d53a8a81"
2026-10-03 23:12:54.966 UTC [473] LOG:  statement: CREATE DATABASE "nip_stage7_1a3d942de7c942c78d2186bb48c00d07"
2026-10-03 23:12:56.657 UTC [473] LOG:  statement: DROP DATABASE IF EXISTS "nip_stage7_1a3d942de7c942c78d2186bb48c00d07"
2026-10-03 23:12:56.701 UTC [479] LOG:  statement: CREATE DATABASE "nip_stage7_7aec9638031246a5ac20e3578541ddee"
2026-10-03 23:12:58.354 UTC [479] LOG:  statement: DROP DATABASE IF EXISTS "nip_stage7_7aec9638031246a5ac20e3578541ddee"
2026-10-03 23:12:58.395 UTC [484] LOG:  statement: CREATE DATABASE "nip_stage7_6e2d55f36f3f4e83ba85c8aae8a3bc3f"
2026-10-03 23:13:00.033 UTC [484] LOG:  statement: DROP DATABASE IF EXISTS "nip_stage7_6e2d55f36f3f4e83ba85c8aae8a3bc3f"
2026-10-03 23:13:00.079 UTC [490] LOG:  statement: CREATE DATABASE "nip_stage7_49f85c23a49a48508952a074794d1eb6"
2026-10-03 23:13:01.850 UTC [490] LOG:  statement: DROP DATABASE IF EXISTS "nip_stage7_49f85c23a49a48508952a074794d1eb6"
2026-10-03 23:13:01.902 UTC [495] LOG:  statement: CREATE DATABASE "nip_stage7_bc2a4f476f7a48e0b0630eec5ea10d06"
2026-10-03 23:13:03.652 UTC [495] LOG:  statement: DROP DATABASE IF EXISTS "nip_stage7_bc2a4f476f7a48e0b0630eec5ea10d06"
2026-10-03 23:13:03.696 UTC [500] LOG:  statement: CREATE DATABASE "nip_stage7_acf77e69dcaa417aba8744d78ac0413e"
2026-10-03 23:13:05.325 UTC [500] LOG:  statement: DROP DATABASE IF EXISTS "nip_stage7_acf77e69dcaa417aba8744d78ac0413e"
2026-10-03 23:13:05.367 UTC [506] LOG:  statement: CREATE DATABASE "nip_stage7_90483c129c1347398c081865e569a669"
2026-10-03 23:13:07.188 UTC [506] LOG:  statement: DROP DATABASE IF EXISTS "nip_stage7_90483c129c1347398c081865e569a669"
2026-10-03 23:13:07.251 UTC [512] LOG:  statement: CREATE DATABASE "nip_stage7_e2baa51acb6940cf984d2d6295c97a54"
2026-10-03 23:13:09.015 UTC [512] LOG:  statement: DROP DATABASE IF EXISTS "nip_stage7_e2baa51acb6940cf984d2d6295c97a54"
2026-10-03 23:13:09.106 UTC [518] LOG:  statement: CREATE DATABASE "nip_stage7_cddc97d1ecc34587b36b653cb3880694"
2026-10-03 23:13:10.814 UTC [518] LOG:  statement: DROP DATABASE IF EXISTS "nip_stage7_cddc97d1ecc34587b36b653cb3880694"
2026-10-03 23:13:10.857 UTC [523] LOG:  statement: CREATE DATABASE "nip_stage7_d483e3a6c109492781767c8dacb6bc91"
2026-10-03 23:13:12.565 UTC [523] LOG:  statement: DROP DATABASE IF EXISTS "nip_stage7_d483e3a6c109492781767c8dacb6bc91"
2026-10-03 23:13:12.614 UTC [528] LOG:  statement: CREATE DATABASE "nip_stage7_19808731e9904c8092030ef7e819ce6f"
2026-10-03 23:13:14.328 UTC [528] LOG:  statement: DROP DATABASE IF EXISTS "nip_stage7_19808731e9904c8092030ef7e819ce6f"
2026-10-03 23:13:14.371 UTC [533] LOG:  statement: CREATE DATABASE "nip_stage7_7a99b93ba11740a699c35bd81758fd91"
2026-10-03 23:13:16.078 UTC [533] LOG:  statement: DROP DATABASE IF EXISTS "nip_stage7_7a99b93ba11740a699c35bd81758fd91"
2026-10-03 23:13:16.120 UTC [538] LOG:  statement: CREATE DATABASE "nip_stage7_f9ae696e0acd49d792f91b627eaa3399"
2026-10-03 23:13:17.908 UTC [538] LOG:  statement: DROP DATABASE IF EXISTS "nip_stage7_f9ae696e0acd49d792f91b627eaa3399"
2026-10-03 23:13:17.947 UTC [543] LOG:  statement: CREATE DATABASE "nip_stage7_f2b6d203de654ecc80b6201a0784742a"
2026-10-03 23:13:19.701 UTC [543] LOG:  statement: DROP DATABASE IF EXISTS "nip_stage7_f2b6d203de654ecc80b6201a0784742a"
2026-10-03 23:13:19.748 UTC [548] LOG:  statement: CREATE DATABASE "nip_stage7_025f7f9715544fcab2a8c3c9068457da"
2026-10-03 23:13:21.439 UTC [548] LOG:  statement: DROP DATABASE IF EXISTS "nip_stage7_025f7f9715544fcab2a8c3c9068457da"
2026-10-03 23:13:21.486 UTC [553] LOG:  statement: CREATE DATABASE "nip_stage7_ca6e9a7588d44c8bb291d6f8f972f75c"
2026-10-03 23:13:23.267 UTC [553] LOG:  statement: DROP DATABASE IF EXISTS "nip_stage7_ca6e9a7588d44c8bb291d6f8f972f75c"
2026-10-03 23:13:23.311 UTC [558] LOG:  statement: CREATE DATABASE "nip_stage7_5e4e95e3c1254b7ebb05dfa74086fadf"
2026-10-03 23:13:25.324 UTC [558] LOG:  statement: DROP DATABASE IF EXISTS "nip_stage7_5e4e95e3c1254b7ebb05dfa74086fadf"
2026-10-03 23:13:25.393 UTC [563] LOG:  statement: CREATE DATABASE "nip_stage7_3c0daf28f55547678c816f10acd00a57"
2026-10-03 23:13:27.217 UTC [563] LOG:  statement: DROP DATABASE IF EXISTS "nip_stage7_3c0daf28f55547678c816f10acd00a57"
2026-10-03 23:13:27.276 UTC [568] LOG:  statement: CREATE DATABASE "nip_stage7_abd431453fe74d4096079f66a1c99f7f"
2026-10-03 23:13:29.228 UTC [568] LOG:  statement: DROP DATABASE IF EXISTS "nip_stage7_abd431453fe74d4096079f66a1c99f7f"
2026-10-03 23:13:29.283 UTC [574] LOG:  statement: CREATE DATABASE "nip_stage7_59857ac0f5024d3c92fa71082b7afb7e"
2026-10-03 23:13:30.894 UTC [574] LOG:  statement: DROP DATABASE IF EXISTS "nip_stage7_59857ac0f5024d3c92fa71082b7afb7e"
2026-10-03 23:13:30.939 UTC [579] LOG:  statement: CREATE DATABASE "nip_stage7_90c54f40844a423a911fe85838d44abe"
2026-10-03 23:13:32.622 UTC [579] LOG:  statement: DROP DATABASE IF EXISTS "nip_stage7_90c54f40844a423a911fe85838d44abe"
2026-10-03 23:13:32.664 UTC [587] LOG:  statement: CREATE DATABASE "nip_stage7_ef0b22564e0c4e509061d3875930eae1"
2026-10-03 23:13:34.361 UTC [587] LOG:  statement: DROP DATABASE IF EXISTS "nip_stage7_ef0b22564e0c4e509061d3875930eae1"
2026-10-03 23:13:34.405 UTC [592] LOG:  statement: CREATE DATABASE "nip_stage7_c854d32323d242f88198cca540196b98"
2026-10-03 23:13:36.185 UTC [592] LOG:  statement: DROP DATABASE IF EXISTS "nip_stage7_c854d32323d242f88198cca540196b98"
2026-10-03 23:13:36.228 UTC [598] LOG:  statement: CREATE DATABASE "nip_stage7_65e4dd99a89b472d939e540f16695ca9"
2026-10-03 23:13:37.826 UTC [598] LOG:  statement: DROP DATABASE IF EXISTS "nip_stage7_65e4dd99a89b472d939e540f16695ca9"
2026-10-03 23:13:37.872 UTC [603] LOG:  statement: CREATE DATABASE "nip_stage7_418810ccc3394590b312fa925bb272a9"
2026-10-03 23:13:39.593 UTC [603] LOG:  statement: DROP DATABASE IF EXISTS "nip_stage7_418810ccc3394590b312fa925bb272a9"
2026-10-03 23:13:39.638 UTC [608] LOG:  statement: CREATE DATABASE "nip_stage7_ad08d8ad024f4364b17264a17346828d"
2026-10-03 23:13:41.409 UTC [608] LOG:  statement: DROP DATABASE IF EXISTS "nip_stage7_ad08d8ad024f4364b17264a17346828d"
2026-10-03 23:13:41.448 UTC [613] LOG:  statement: CREATE DATABASE "nip_stage7_bc69c6c11e7c499a97c8223e88229f3f"
2026-10-03 23:13:43.999 UTC [613] LOG:  statement: DROP DATABASE IF EXISTS "nip_stage7_bc69c6c11e7c499a97c8223e88229f3f"
