✔ CommonJS + browser export, no data side effects at eval (2.152042ms)
✔ toNyDisplayIso converts UTC-Z to America/New_York with correct DST offset (21.822416ms)
✔ alert lifecycle states map to the UI triad (0.092375ms)
✔ mappers align with types.ts and apply safe defaults (2.848625ms)
✔ evidence mapping preserves only the retained snippet and validates source protocols (0.199875ms)
✔ risk detail stays descriptive when prediction-backed fields are gated off (0.081458ms)
✔ safe defaults for an unscored live event (0.179333ms)
✔ industries and list-companies expose honest unknown/null defaults, never fixtures (0.115792ms)
✔ radar deltas are computed only from real history, else null (0.085291ms)
✔ reachable snapshot: every field present, blocks merged, metadata attached (3.027667ms)
✔ one failed endpoint does not erase successful blocks; request_id captured (1.646291ms)
✔ request_id falls back to the X-Request-ID header when body has no envelope (1.106917ms)
✔ paginates across pages using the real total (9.082ms)
✔ over-cap pagination marks the block partial and records a truncation, never silent (16.9835ms)
✔ evidence comes from real drawer links; a 404 brief is an honest empty source (0.884875ms)
✔ latest-brief and nested claim failures degrade evidence instead of disappearing (1.617667ms)
✔ reachable API with failed history yields empty series, never a fake curve (0.886667ms)
✔ total API-unreachable stays real and contains no fixture content (0.344459ms)
✔ all HTTP failures are a first-load error while healthy empty responses are successful (0.30175ms)
✔ demo snapshot requires an explicit demo request (0.19ms)
✔ buildFixtureSnapshot is pure and self-contained (0.068667ms)
✔ company-research batching requests every identifier exactly once (mismatched lengths) (3.419416ms)
✔ company-research alias fallback on 404 and match-by-ticker (0.107417ms)
✔ company-research enrichment failure is partial, never erases companies (0.988333ms)
✔ personal client scopes queries and maps wire keys before pages see them (0.320125ms)
✔ personal protected writes use only an explicit tab key and start accepts no date/body (0.110625ms)
✔ personal mutation failure rejects with visible safe details and cannot look successful (0.204084ms)
✔ personal reports, evidence, and exports remain pinned to the selected report UUID (0.072084ms)
✔ personal run poller allows one status request at a time and stops at terminal (6.312958ms)
✔ adapter source carries the required literal // SYNTHETIC: tags (0.277375ms)
✔ HTML keeps the classic adapter before the real-first data controller (1.296ms)
✔ default boot is real and never requests fixture files (19.647875ms)
✔ unreachable API publishes a real error and no sample content (2.43625ms)
✔ a degraded refresh preserves prior data and its successful fetch time (0.735125ms)
✔ pending real response cannot populate an explicitly selected demo (1.343125ms)
✔ pending demo response cannot populate real after a mode switch (0.7845ms)
✔ mode changes clear displayed collections before the next mode resolves (0.582625ms)
✔ the loader owns no backend routes or wire-shape keys (0.28325ms)
✔ qualityMeta: live/unknown -> null (no badge noise); non-live -> labelled (0.535334ms)
✔ isNonLive only flags partial/synthetic/empty (0.075417ms)
✔ blockQuality reads the registry, then the block's dataQuality tag, else '' (0.082417ms)
✔ aggregateQuality picks the most-concerning non-live block (empty > partial > synthetic) (0.081792ms)
✔ isDemo / isDegraded gate the two global surfaces (never both) (0.088625ms)
✔ requestIds returns only distinct, non-null ids (never fabricated) (0.359834ms)
✔ errorSummaries dedupes, caps, keeps request ids, and never exposes endpoints (0.114541ms)
✔ value formatters: null/absent -> dash, never a fabricated zero (13.557958ms)
✔ horizonLabel maps canonical tokens, passes friendly labels through, dashes null (0.086958ms)
✔ module exports both a browser global and CommonJS (adapter pattern) (0.997708ms)
✔ HTML loads data-quality.js as a classic script before the JSX that consumes it (0.324ms)
✔ the global demo/degraded surface is mounted once and gated by mode (0.399209ms)
✔ badge renders nothing for a live block (live stays quiet, no badge noise) (0.157375ms)
✔ degraded notice surfaces request IDs under a human label, not a wire key (0.12775ms)
✔ the new surfaces carry accessible semantics (0.234833ms)
✔ every route that renders a top-level block has a visible badge path (1.473ms)
✔ dashboard Risk Level card never fabricates a model rating (Stage 7 regression) (0.466709ms)
✔ narrow layout: page-head actions row is scoped to a sibling div, so a sole .titles stays stacked (Stage 7 browser regression) (0.370208ms)
✔ data-quality.js carries no backend endpoints or wire keys (that boundary is the adapter's) (0.314125ms)
✔ Today keeps partial workspace and history read failures visible (1.043541ms)
✔ capture coverage shows useful recorded counts without schema or diagnostic arrays (0.85875ms)
✔ hash routes preserve personal aliases, event ids, and deferred destinations (0.988875ms)
✔ personal navigation and command palette advertise only Today, Saved, Briefs, and stories (0.150042ms)
✔ evidence drawer renders the retained excerpt as escaped React text and activates only HTTP(S) (0.131291ms)
✔ demo is persistently labelled and all personal mutations are gated out of demo (0.235083ms)
✔ freshness labels keep publication, display fetch, and processing success distinct (0.233291ms)
✔ Today implements server filters, previous-run selection, quiet results, and explicit retry (0.171792ms)
✔ persistent saves use confirmed responses and preserve unavailable pointers (0.619916ms)
✔ detail and briefs keep frozen scope, report identity, citations, and exports explicit (0.253292ms)
✔ late personal responses are isolated by current filter, route, and mode identity (0.1305ms)
✔ access key is tab-memory only and setup does not silently configure owner or feeds (0.347333ms)
✔ settings payload preserves exact decimal strings and explicit source selection (0.693375ms)
✔ raw reader separates retained RSS, unknown publication, grouping, and admission (0.277291ms)
✔ disabled or blocked grouping never presents a healthy quiet update (0.646458ms)
✔ failed capture without grouping is explained before healthy quiet results (0.514542ms)
✔ failed provider before grouping is explained without hiding retained raw articles (0.435291ms)
✔ partial failure stays truthful while disabled and successful grouping keep their states (0.460792ms)
✔ personal page loads before the router and legacy prototype files remain included (0.059875ms)
✔ URL API override accepts explicit credential-free loopback only (2.183209ms)
ℹ tests 77
ℹ suites 0
ℹ pass 77
ℹ fail 0
ℹ cancelled 0
ℹ skipped 0
ℹ todo 0
ℹ duration_ms 139.547791
