..FF                                                                     [100%]
=================================== FAILURES ===================================
_ test_queued_claim_records_selected_transport_before_any_delivery[subprocess-create] _

monkeypatch = <_pytest.monkeypatch.MonkeyPatch object at 0x112522c30>
operation = 'create', transport = 'subprocess'

    @pytest.mark.parametrize("operation", ["create", "retry"])
    @pytest.mark.parametrize("transport", ["celery", "subprocess"])
    def test_queued_claim_records_selected_transport_before_any_delivery(
        monkeypatch, operation, transport
    ):
        from packages.config.settings import get_settings
    
        monkeypatch.setenv("PERSONAL_PROCESSING_MODE", "personal")
        monkeypatch.setenv("PERSONAL_PROCESSING_TRANSPORT", "celery")
        get_settings.cache_clear()
        try:
            with migrated_disposable_engine() as engine:
                with Session(engine) as session:
                    workspace = _setup(session)
                    now = dt.datetime.now(dt.UTC)
                    if operation == "retry":
                        prior = create_daily_run(session, workspace, now=now)
                        run_id, token = prior.run.id, prior.run.ownership_token
                        session.commit()
                        assert mark_delivery_failed(session, run_id, token, now=now)
                        session.commit()
                    monkeypatch.setenv("PERSONAL_PROCESSING_TRANSPORT", transport)
                    get_settings.cache_clear()
                    decision = (
                        create_daily_run(session, workspace, now=now)
                        if operation == "create"
                        else retry_run(session, workspace, run_id, now=now)
                    )
                    run_id = decision.run.id
                    session.commit()
                # Observe the durable queued record from a separate request before any
                # record_delivery, supervisor callback or child has been invoked.
                with Session(engine) as observer:
                    run = observer.get(PersonalRun, run_id)
                    assert run.state == "queued" and run.started_at is None
>                   assert run.delivery_transport == transport
E                   AssertionError: assert 'celery' == 'subprocess'
E                     
E                     - subprocess
E                     + celery

tests/integration/test_personal_processing_control.py:373: AssertionError
_ test_queued_claim_records_selected_transport_before_any_delivery[subprocess-retry] _

monkeypatch = <_pytest.monkeypatch.MonkeyPatch object at 0x112508e20>
operation = 'retry', transport = 'subprocess'

    @pytest.mark.parametrize("operation", ["create", "retry"])
    @pytest.mark.parametrize("transport", ["celery", "subprocess"])
    def test_queued_claim_records_selected_transport_before_any_delivery(
        monkeypatch, operation, transport
    ):
        from packages.config.settings import get_settings
    
        monkeypatch.setenv("PERSONAL_PROCESSING_MODE", "personal")
        monkeypatch.setenv("PERSONAL_PROCESSING_TRANSPORT", "celery")
        get_settings.cache_clear()
        try:
            with migrated_disposable_engine() as engine:
                with Session(engine) as session:
                    workspace = _setup(session)
                    now = dt.datetime.now(dt.UTC)
                    if operation == "retry":
                        prior = create_daily_run(session, workspace, now=now)
                        run_id, token = prior.run.id, prior.run.ownership_token
                        session.commit()
                        assert mark_delivery_failed(session, run_id, token, now=now)
                        session.commit()
                    monkeypatch.setenv("PERSONAL_PROCESSING_TRANSPORT", transport)
                    get_settings.cache_clear()
                    decision = (
                        create_daily_run(session, workspace, now=now)
                        if operation == "create"
                        else retry_run(session, workspace, run_id, now=now)
                    )
                    run_id = decision.run.id
                    session.commit()
                # Observe the durable queued record from a separate request before any
                # record_delivery, supervisor callback or child has been invoked.
                with Session(engine) as observer:
                    run = observer.get(PersonalRun, run_id)
                    assert run.state == "queued" and run.started_at is None
>                   assert run.delivery_transport == transport
E                   AssertionError: assert 'celery' == 'subprocess'
E                     
E                     - subprocess
E                     + celery

tests/integration/test_personal_processing_control.py:373: AssertionError
=========================== short test summary info ============================
FAILED tests/integration/test_personal_processing_control.py::test_queued_claim_records_selected_transport_before_any_delivery[subprocess-create]
FAILED tests/integration/test_personal_processing_control.py::test_queued_claim_records_selected_transport_before_any_delivery[subprocess-retry]
2 failed, 2 passed in 6.68s
