✔ CommonJS + browser export, no data side effects at eval (0.936459ms)
✔ toNyDisplayIso converts UTC-Z to America/New_York with correct DST offset (12.135584ms)
✔ alert lifecycle states map to the UI triad (0.090459ms)
✔ mappers align with types.ts and apply safe defaults (2.951833ms)
✔ evidence mapping preserves only the retained snippet and validates source protocols (0.205125ms)
✔ risk detail stays descriptive when prediction-backed fields are gated off (0.08275ms)
✔ safe defaults for an unscored live event (0.185833ms)
✔ industries and list-companies expose honest unknown/null defaults, never fixtures (0.120333ms)
✔ radar deltas are computed only from real history, else null (0.090208ms)
✔ reachable snapshot: every field present, blocks merged, metadata attached (3.371959ms)
✔ one failed endpoint does not erase successful blocks; request_id captured (1.609125ms)
✔ request_id falls back to the X-Request-ID header when body has no envelope (1.320458ms)
✔ paginates across pages using the real total (9.220875ms)
✔ over-cap pagination marks the block partial and records a truncation, never silent (18.768ms)
✔ evidence comes from real drawer links; a 404 brief is an honest empty source (0.905208ms)
✔ latest-brief and nested claim failures degrade evidence instead of disappearing (1.552959ms)
✔ reachable API with failed history yields empty series, never a fake curve (0.894458ms)
✔ total API-unreachable stays real and contains no fixture content (0.330084ms)
✔ all HTTP failures are a first-load error while healthy empty responses are successful (0.28925ms)
✔ demo snapshot requires an explicit demo request (0.185291ms)
✔ buildFixtureSnapshot is pure and self-contained (0.064333ms)
✔ company-research batching requests every identifier exactly once (mismatched lengths) (3.8005ms)
✔ company-research alias fallback on 404 and match-by-ticker (0.139875ms)
✔ company-research enrichment failure is partial, never erases companies (0.870125ms)
✔ personal client scopes queries and maps wire keys before pages see them (0.307875ms)
✔ personal protected writes use only an explicit tab key and start accepts no date/body (0.124041ms)
✔ personal mutation failure rejects with visible safe details and cannot look successful (0.211667ms)
✔ personal reports, evidence, and exports remain pinned to the selected report UUID (0.072334ms)
✔ personal run poller allows one status request at a time and stops at terminal (7.455042ms)
✔ adapter source carries the required literal // SYNTHETIC: tags (0.273542ms)
✔ HTML keeps the classic adapter before the real-first data controller (1.440584ms)
✔ default boot is real and never requests fixture files (13.799042ms)
✔ unreachable API publishes a real error and no sample content (1.258208ms)
✔ a degraded refresh preserves prior data and its successful fetch time (0.655208ms)
✔ pending real response cannot populate an explicitly selected demo (1.409666ms)
✔ pending demo response cannot populate real after a mode switch (0.775125ms)
✔ mode changes clear displayed collections before the next mode resolves (0.627292ms)
✔ the loader owns no backend routes or wire-shape keys (0.181084ms)
✔ qualityMeta: live/unknown -> null (no badge noise); non-live -> labelled (0.512ms)
✔ isNonLive only flags partial/synthetic/empty (0.074167ms)
✔ blockQuality reads the registry, then the block's dataQuality tag, else '' (0.084792ms)
✔ aggregateQuality picks the most-concerning non-live block (empty > partial > synthetic) (0.080167ms)
✔ isDemo / isDegraded gate the two global surfaces (never both) (0.086708ms)
✔ requestIds returns only distinct, non-null ids (never fabricated) (0.357083ms)
✔ errorSummaries dedupes, caps, keeps request ids, and never exposes endpoints (0.122417ms)
✔ value formatters: null/absent -> dash, never a fabricated zero (11.652083ms)
✔ horizonLabel maps canonical tokens, passes friendly labels through, dashes null (0.09125ms)
✔ module exports both a browser global and CommonJS (adapter pattern) (0.114625ms)
✔ HTML loads data-quality.js as a classic script before the JSX that consumes it (0.129208ms)
✔ the global demo/degraded surface is mounted once and gated by mode (0.193417ms)
✔ badge renders nothing for a live block (live stays quiet, no badge noise) (0.076917ms)
✔ degraded notice surfaces request IDs under a human label, not a wire key (0.061666ms)
✔ the new surfaces carry accessible semantics (0.106667ms)
✔ every route that renders a top-level block has a visible badge path (3.477125ms)
✔ dashboard Risk Level card never fabricates a model rating (Stage 7 regression) (0.24075ms)
✔ narrow layout: page-head actions row is scoped to a sibling div, so a sole .titles stays stacked (Stage 7 browser regression) (0.203709ms)
✔ data-quality.js carries no backend endpoints or wire keys (that boundary is the adapter's) (0.176792ms)
✔ hash routes preserve personal aliases, event ids, and deferred destinations (1.557584ms)
✔ personal navigation and command palette advertise only Today, Saved, Briefs, and stories (0.121042ms)
✔ evidence drawer renders the retained excerpt as escaped React text and activates only HTTP(S) (0.107667ms)
✔ demo is persistently labelled and all personal mutations are gated out of demo (0.12475ms)
✔ freshness labels keep publication, display fetch, and processing success distinct (0.115666ms)
✔ Today implements server filters, previous-run selection, quiet results, and explicit retry (0.091542ms)
✔ persistent saves use confirmed responses and preserve unavailable pointers (0.087791ms)
✔ detail and briefs keep frozen scope, report identity, citations, and exports explicit (0.113667ms)
✔ access key is tab-memory only and setup does not silently configure owner or feeds (0.16475ms)
✔ personal page loads before the router and legacy prototype files remain included (0.111708ms)
ℹ tests 67
ℹ suites 0
ℹ pass 67
ℹ fail 0
ℹ cancelled 0
ℹ skipped 0
ℹ todo 0
ℹ duration_ms 128.09625
