✔ CommonJS + browser export, no data side effects at eval (2.786958ms)
✔ toNyDisplayIso converts UTC-Z to America/New_York with correct DST offset (13.792833ms)
✔ alert lifecycle states map to the UI triad (0.093208ms)
✔ mappers align with types.ts and apply safe defaults (3.697916ms)
✔ evidence mapping preserves only the retained snippet and validates source protocols (0.314208ms)
✔ risk detail stays descriptive when prediction-backed fields are gated off (0.107ms)
✔ safe defaults for an unscored live event (0.420667ms)
✔ industries and list-companies expose honest unknown/null defaults, never fixtures (0.406208ms)
✔ radar deltas are computed only from real history, else null (0.107917ms)
✔ reachable snapshot: every field present, blocks merged, metadata attached (2.857ms)
✔ one failed endpoint does not erase successful blocks; request_id captured (1.25725ms)
✔ request_id falls back to the X-Request-ID header when body has no envelope (1.203792ms)
✔ paginates across pages using the real total (10.638208ms)
✔ over-cap pagination marks the block partial and records a truncation, never silent (17.332458ms)
✔ evidence comes from real drawer links; a 404 brief is an honest empty source (0.829334ms)
✔ latest-brief and nested claim failures degrade evidence instead of disappearing (1.517625ms)
✔ reachable API with failed history yields empty series, never a fake curve (1.123209ms)
✔ total API-unreachable stays real and contains no fixture content (0.487333ms)
✔ all HTTP failures are a first-load error while healthy empty responses are successful (0.390917ms)
✔ demo snapshot requires an explicit demo request (0.210917ms)
✔ buildFixtureSnapshot is pure and self-contained (0.080209ms)
✔ company-research batching requests every identifier exactly once (mismatched lengths) (4.038125ms)
✔ company-research alias fallback on 404 and match-by-ticker (0.105417ms)
✔ company-research enrichment failure is partial, never erases companies (0.847875ms)
✔ personal client scopes queries and maps wire keys before pages see them (0.303875ms)
✔ personal protected writes use only an explicit tab key and start accepts no date/body (0.112834ms)
✔ personal mutation failure rejects with visible safe details and cannot look successful (0.204625ms)
✔ personal reports, evidence, and exports remain pinned to the selected report UUID (0.073042ms)
✔ personal run poller allows one status request at a time and stops at terminal (6.708959ms)
✔ adapter source carries the required literal // SYNTHETIC: tags (0.294792ms)
✔ HTML keeps the classic adapter before the real-first data controller (3.021ms)
✔ default boot is real and never requests fixture files (15.077167ms)
✔ unreachable API publishes a real error and no sample content (1.424875ms)
✔ a degraded refresh preserves prior data and its successful fetch time (0.660208ms)
✔ pending real response cannot populate an explicitly selected demo (1.4305ms)
✔ pending demo response cannot populate real after a mode switch (0.796ms)
✔ mode changes clear displayed collections before the next mode resolves (0.628833ms)
✔ the loader owns no backend routes or wire-shape keys (0.176583ms)
✔ qualityMeta: live/unknown -> null (no badge noise); non-live -> labelled (0.5165ms)
✔ isNonLive only flags partial/synthetic/empty (0.073916ms)
✔ blockQuality reads the registry, then the block's dataQuality tag, else '' (0.084125ms)
✔ aggregateQuality picks the most-concerning non-live block (empty > partial > synthetic) (0.083375ms)
✔ isDemo / isDegraded gate the two global surfaces (never both) (0.090166ms)
✔ requestIds returns only distinct, non-null ids (never fabricated) (0.353834ms)
✔ errorSummaries dedupes, caps, keeps request ids, and never exposes endpoints (0.111625ms)
✔ value formatters: null/absent -> dash, never a fabricated zero (12.450375ms)
✔ horizonLabel maps canonical tokens, passes friendly labels through, dashes null (0.740292ms)
✔ module exports both a browser global and CommonJS (adapter pattern) (0.117041ms)
✔ HTML loads data-quality.js as a classic script before the JSX that consumes it (0.142709ms)
✔ the global demo/degraded surface is mounted once and gated by mode (0.195625ms)
✔ badge renders nothing for a live block (live stays quiet, no badge noise) (0.080042ms)
✔ degraded notice surfaces request IDs under a human label, not a wire key (0.062291ms)
✔ the new surfaces carry accessible semantics (0.107667ms)
✔ every route that renders a top-level block has a visible badge path (0.82325ms)
✔ dashboard Risk Level card never fabricates a model rating (Stage 7 regression) (0.261417ms)
✔ narrow layout: page-head actions row is scoped to a sibling div, so a sole .titles stays stacked (Stage 7 browser regression) (0.448916ms)
✔ data-quality.js carries no backend endpoints or wire keys (that boundary is the adapter's) (0.381709ms)
✔ Today keeps partial workspace and history read failures visible (1.022042ms)
✔ capture coverage shows useful recorded counts without schema or diagnostic arrays (0.799625ms)
✔ hash routes preserve personal aliases, event ids, and deferred destinations (2.020542ms)
✔ personal navigation and command palette advertise only Today, Saved, Briefs, and stories (0.348583ms)
✔ evidence drawer renders the retained excerpt as escaped React text and activates only HTTP(S) (0.171834ms)
✔ demo is persistently labelled and all personal mutations are gated out of demo (0.133166ms)
✔ freshness labels keep publication, display fetch, and processing success distinct (0.275375ms)
✔ Today implements server filters, previous-run selection, quiet results, and explicit retry (0.306291ms)
✔ persistent saves use confirmed responses and preserve unavailable pointers (0.3135ms)
✔ detail and briefs keep frozen scope, report identity, citations, and exports explicit (0.190708ms)
✔ late personal responses are isolated by current filter, route, and mode identity (0.19275ms)
✔ access key is tab-memory only and setup does not silently configure owner or feeds (0.145334ms)
✔ personal page loads before the router and legacy prototype files remain included (0.064958ms)
ℹ tests 70
ℹ suites 0
ℹ pass 70
ℹ fail 0
ℹ cancelled 0
ℹ skipped 0
ℹ todo 0
ℹ duration_ms 134.787333
