{"timestamp": "2026-09-09T06:44:48.545305+00:00", "level": "INFO", "logger": "apps.api", "message": "api initialized", "env": "test"}
{"initial_hashes": {"apps/api/personal_briefs.py": "320f218549a9e77279a58a8dc473eed6c472dfa974025cdd0d51838b122879d7", "services/personal/exports.py": "01f8a53b0dbbe43b83d79c7bc0ef0cbdf3b8a65209e5c643a6add7c2be76255f", "apps/api/main.py": "9d00937d472310613dc3bdecb7e5188a5b25e9cae23fcee8b2d097b49802b795", "services/personal/briefs.py": "aa46b0f689b4275ea37af6001fec97cbc418da78d159c1cbeb8f9f7ea11935ba", "services/personal/coordinator.py": "34554dd7e81a5e336d09e011b532e66e247fd23b844760c82062d8b340752a2a", "services/personal/claims.py": "71c97c39149124d8020e28b385501ae2e7f475f04a06440f87dcff8fbb751f06"}}
{"timestamp": "2026-09-09T06:44:50.555337+00:00", "level": "INFO", "logger": "apps.api", "message": "api initialized", "env": "test"}
{"timestamp": "2026-09-09T06:44:50.621426+00:00", "level": "INFO", "logger": "httpx2", "message": "HTTP Request: GET http://testserver/api/v1/personal/briefs/14070bc3-9fcb-4e72-93ff-ea8a90af8716 \"HTTP/1.1 200 OK\""}
{"timestamp": "2026-09-09T06:44:50.630254+00:00", "level": "INFO", "logger": "httpx2", "message": "HTTP Request: GET http://testserver/api/v1/personal/briefs/14070bc3-9fcb-4e72-93ff-ea8a90af8716 \"HTTP/1.1 200 OK\""}
{"timestamp": "2026-09-09T06:44:50.638376+00:00", "level": "INFO", "logger": "httpx2", "message": "HTTP Request: GET http://testserver/api/v1/personal/briefs/14070bc3-9fcb-4e72-93ff-ea8a90af8716/claims/3015e92a-be25-5774-8cd9-574723109d8f/evidence \"HTTP/1.1 200 OK\""}
{"timestamp": "2026-09-09T06:44:50.647689+00:00", "level": "INFO", "logger": "httpx2", "message": "HTTP Request: GET http://testserver/api/v1/personal/briefs/14070bc3-9fcb-4e72-93ff-ea8a90af8716/export.md \"HTTP/1.1 200 OK\""}
{"timestamp": "2026-09-09T06:44:50.819617+00:00", "level": "INFO", "logger": "fontTools.subset", "message": "maxp pruned", "request_id": "809bf15e-a7a8-4c3f-8c22-31507f502430"}
{"timestamp": "2026-09-09T06:44:50.819737+00:00", "level": "INFO", "logger": "fontTools.subset", "message": "cmap pruned", "request_id": "809bf15e-a7a8-4c3f-8c22-31507f502430"}
{"timestamp": "2026-09-09T06:44:50.819790+00:00", "level": "INFO", "logger": "fontTools.subset", "message": "post pruned", "request_id": "809bf15e-a7a8-4c3f-8c22-31507f502430"}
{"timestamp": "2026-09-09T06:44:50.820087+00:00", "level": "INFO", "logger": "fontTools.subset", "message": "FFTM dropped", "request_id": "809bf15e-a7a8-4c3f-8c22-31507f502430"}
{"timestamp": "2026-09-09T06:44:50.820186+00:00", "level": "INFO", "logger": "fontTools.subset", "message": "GDEF dropped", "request_id": "809bf15e-a7a8-4c3f-8c22-31507f502430"}
{"timestamp": "2026-09-09T06:44:50.820231+00:00", "level": "INFO", "logger": "fontTools.subset", "message": "glyf pruned", "request_id": "809bf15e-a7a8-4c3f-8c22-31507f502430"}
{"timestamp": "2026-09-09T06:44:50.823617+00:00", "level": "INFO", "logger": "fontTools.subset", "message": "Added gid0 to subset", "request_id": "809bf15e-a7a8-4c3f-8c22-31507f502430"}
{"timestamp": "2026-09-09T06:44:50.823659+00:00", "level": "INFO", "logger": "fontTools.subset", "message": "Added first four glyphs to subset", "request_id": "809bf15e-a7a8-4c3f-8c22-31507f502430"}
{"timestamp": "2026-09-09T06:44:50.823698+00:00", "level": "INFO", "logger": "fontTools.subset", "message": "Closing glyph list over 'glyf': 73 glyphs before", "request_id": "809bf15e-a7a8-4c3f-8c22-31507f502430"}
{"timestamp": "2026-09-09T06:44:50.823728+00:00", "level": "INFO", "logger": "fontTools.subset", "message": "Glyph names: ['.notdef', '.null', 'nonmarkingreturn', 'uni0000', 'uni0020', 'uni0022', 'uni0027', 'uni002B', 'uni002C', 'uni002D', 'uni002E', 'uni002F', 'uni0030', 'uni0031', 'uni0032', 'uni0033', 'uni0034', 'uni0035', 'uni0036', 'uni0037', 'uni0038', 'uni0039', 'uni003A', 'uni003B', 'uni0041', 'uni0042', 'uni0043', 'uni0044', 'uni0045', 'uni0046', 'uni0048', 'uni0049', 'uni004D', 'uni004E', 'uni0050', 'uni0051', 'uni0052', 'uni0053', 'uni0054', 'uni0055', 'uni0056', 'uni0057', 'uni0059', 'uni005B', 'uni005D', 'uni005F', 'uni0061', 'uni0062', 'uni0063', 'uni0064', 'uni0065', 'uni0066', 'uni0067', 'uni0068', 'uni0069', 'uni006A', 'uni006B', 'uni006C', 'uni006D', 'uni006E', 'uni006F', 'uni0070', 'uni0071', 'uni0072', 'uni0073', 'uni0074', 'uni0075', 'uni0076', 'uni0077', 'uni0078', 'uni0079', 'uni00B7', 'uni2014']", "request_id": "809bf15e-a7a8-4c3f-8c22-31507f502430"}
{"timestamp": "2026-09-09T06:44:50.823810+00:00", "level": "INFO", "logger": "fontTools.subset", "message": "Glyph IDs:   [0, 1, 2, 3, 35, 37, 42, 46, 47, 48, 49, 50, 51, 52, 53, 54, 55, 56, 57, 58, 59, 60, 61, 62, 68, 69, 70, 71, 72, 73, 75, 76, 80, 81, 83, 84, 85, 86, 87, 88, 89, 90, 92, 94, 96, 98, 100, 101, 102, 103, 104, 105, 106, 107, 108, 109, 110, 111, 112, 113, 114, 115, 116, 117, 118, 119, 120, 121, 122, 123, 124, 186, 8215]", "request_id": "809bf15e-a7a8-4c3f-8c22-31507f502430"}
{"timestamp": "2026-09-09T06:44:50.823873+00:00", "level": "INFO", "logger": "fontTools.subset", "message": "Closed glyph list over 'glyf': 73 glyphs after", "request_id": "809bf15e-a7a8-4c3f-8c22-31507f502430"}
{"timestamp": "2026-09-09T06:44:50.823893+00:00", "level": "INFO", "logger": "fontTools.subset", "message": "Glyph names: ['.notdef', '.null', 'nonmarkingreturn', 'uni0000', 'uni0020', 'uni0022', 'uni0027', 'uni002B', 'uni002C', 'uni002D', 'uni002E', 'uni002F', 'uni0030', 'uni0031', 'uni0032', 'uni0033', 'uni0034', 'uni0035', 'uni0036', 'uni0037', 'uni0038', 'uni0039', 'uni003A', 'uni003B', 'uni0041', 'uni0042', 'uni0043', 'uni0044', 'uni0045', 'uni0046', 'uni0048', 'uni0049', 'uni004D', 'uni004E', 'uni0050', 'uni0051', 'uni0052', 'uni0053', 'uni0054', 'uni0055', 'uni0056', 'uni0057', 'uni0059', 'uni005B', 'uni005D', 'uni005F', 'uni0061', 'uni0062', 'uni0063', 'uni0064', 'uni0065', 'uni0066', 'uni0067', 'uni0068', 'uni0069', 'uni006A', 'uni006B', 'uni006C', 'uni006D', 'uni006E', 'uni006F', 'uni0070', 'uni0071', 'uni0072', 'uni0073', 'uni0074', 'uni0075', 'uni0076', 'uni0077', 'uni0078', 'uni0079', 'uni00B7', 'uni2014']", "request_id": "809bf15e-a7a8-4c3f-8c22-31507f502430"}
{"timestamp": "2026-09-09T06:44:50.823953+00:00", "level": "INFO", "logger": "fontTools.subset", "message": "Glyph IDs:   [0, 1, 2, 3, 35, 37, 42, 46, 47, 48, 49, 50, 51, 52, 53, 54, 55, 56, 57, 58, 59, 60, 61, 62, 68, 69, 70, 71, 72, 73, 75, 76, 80, 81, 83, 84, 85, 86, 87, 88, 89, 90, 92, 94, 96, 98, 100, 101, 102, 103, 104, 105, 106, 107, 108, 109, 110, 111, 112, 113, 114, 115, 116, 117, 118, 119, 120, 121, 122, 123, 124, 186, 8215]", "request_id": "809bf15e-a7a8-4c3f-8c22-31507f502430"}
{"timestamp": "2026-09-09T06:44:50.825317+00:00", "level": "INFO", "logger": "fontTools.subset", "message": "Retaining 73 glyphs", "request_id": "809bf15e-a7a8-4c3f-8c22-31507f502430"}
{"timestamp": "2026-09-09T06:44:50.825787+00:00", "level": "INFO", "logger": "fontTools.subset", "message": "head subsetting not needed", "request_id": "809bf15e-a7a8-4c3f-8c22-31507f502430"}
{"timestamp": "2026-09-09T06:44:50.825811+00:00", "level": "INFO", "logger": "fontTools.subset", "message": "hhea subsetting not needed", "request_id": "809bf15e-a7a8-4c3f-8c22-31507f502430"}
{"timestamp": "2026-09-09T06:44:50.825831+00:00", "level": "INFO", "logger": "fontTools.subset", "message": "maxp subsetting not needed", "request_id": "809bf15e-a7a8-4c3f-8c22-31507f502430"}
{"timestamp": "2026-09-09T06:44:50.825854+00:00", "level": "INFO", "logger": "fontTools.subset", "message": "OS/2 subsetting not needed", "request_id": "809bf15e-a7a8-4c3f-8c22-31507f502430"}
{"timestamp": "2026-09-09T06:44:50.826687+00:00", "level": "INFO", "logger": "fontTools.subset", "message": "hmtx subsetted", "request_id": "809bf15e-a7a8-4c3f-8c22-31507f502430"}
{"timestamp": "2026-09-09T06:44:50.836161+00:00", "level": "INFO", "logger": "fontTools.subset", "message": "cmap subsetted", "request_id": "809bf15e-a7a8-4c3f-8c22-31507f502430"}
{"timestamp": "2026-09-09T06:44:50.836193+00:00", "level": "INFO", "logger": "fontTools.subset", "message": "loca subsetting not needed", "request_id": "809bf15e-a7a8-4c3f-8c22-31507f502430"}
{"timestamp": "2026-09-09T06:44:50.836275+00:00", "level": "INFO", "logger": "fontTools.subset", "message": "post subsetted", "request_id": "809bf15e-a7a8-4c3f-8c22-31507f502430"}
{"timestamp": "2026-09-09T06:44:50.836303+00:00", "level": "INFO", "logger": "fontTools.subset", "message": "gasp subsetting not needed", "request_id": "809bf15e-a7a8-4c3f-8c22-31507f502430"}
{"timestamp": "2026-09-09T06:44:50.836324+00:00", "level": "INFO", "logger": "fontTools.subset", "message": "name subsetting not needed", "request_id": "809bf15e-a7a8-4c3f-8c22-31507f502430"}
{"timestamp": "2026-09-09T06:44:50.843458+00:00", "level": "INFO", "logger": "fontTools.subset", "message": "glyf subsetted", "request_id": "809bf15e-a7a8-4c3f-8c22-31507f502430"}
{"timestamp": "2026-09-09T06:44:50.843797+00:00", "level": "INFO", "logger": "fontTools.subset", "message": "head pruned", "request_id": "809bf15e-a7a8-4c3f-8c22-31507f502430"}
{"timestamp": "2026-09-09T06:44:50.843954+00:00", "level": "INFO", "logger": "fontTools.subset", "message": "OS/2 Unicode ranges pruned: [0, 1, 31]", "request_id": "809bf15e-a7a8-4c3f-8c22-31507f502430"}
{"timestamp": "2026-09-09T06:44:50.844028+00:00", "level": "INFO", "logger": "fontTools.subset", "message": "OS/2 CodePage ranges pruned: [0]", "request_id": "809bf15e-a7a8-4c3f-8c22-31507f502430"}
{"timestamp": "2026-09-09T06:44:50.844381+00:00", "level": "INFO", "logger": "fontTools.subset", "message": "glyf pruned", "request_id": "809bf15e-a7a8-4c3f-8c22-31507f502430"}
{"timestamp": "2026-09-09T06:44:50.844523+00:00", "level": "INFO", "logger": "fontTools.subset", "message": "name pruned", "request_id": "809bf15e-a7a8-4c3f-8c22-31507f502430"}
{"timestamp": "2026-09-09T06:44:50.852890+00:00", "level": "INFO", "logger": "httpx2", "message": "HTTP Request: GET http://testserver/api/v1/personal/briefs/14070bc3-9fcb-4e72-93ff-ea8a90af8716/export.pdf \"HTTP/1.1 200 OK\""}
{"timestamp": "2026-09-09T06:44:50.880836+00:00", "level": "INFO", "logger": "httpx2", "message": "HTTP Request: GET http://testserver/api/v1/personal/briefs/14070bc3-9fcb-4e72-93ff-ea8a90af8716/claims/83f99de0-7410-418e-9f3a-653d7e12bc42/evidence \"HTTP/1.1 404 Not Found\""}
{"timestamp": "2026-09-09T06:44:50.887662+00:00", "level": "INFO", "logger": "httpx2", "message": "HTTP Request: GET http://testserver/api/v1/personal/briefs/dd2044ae-5442-4caa-af77-e53ebf555d1f \"HTTP/1.1 404 Not Found\""}
{"timestamp": "2026-09-09T06:44:50.890114+00:00", "level": "INFO", "logger": "httpx2", "message": "HTTP Request: GET http://testserver/api/v1/personal/briefs/14070bc3-9fcb-4e72-93ff-ea8a90af8716 \"HTTP/1.1 404 Not Found\""}
{"timestamp": "2026-09-09T06:44:50.892264+00:00", "level": "INFO", "logger": "httpx2", "message": "HTTP Request: GET http://testserver/api/v1/personal/briefs/14070bc3-9fcb-4e72-93ff-ea8a90af8716/claims/3015e92a-be25-5774-8cd9-574723109d8f/evidence \"HTTP/1.1 404 Not Found\""}
{"timestamp": "2026-09-09T06:44:50.894304+00:00", "level": "INFO", "logger": "httpx2", "message": "HTTP Request: GET http://testserver/api/v1/personal/briefs/14070bc3-9fcb-4e72-93ff-ea8a90af8716/export.md \"HTTP/1.1 404 Not Found\""}
{"timestamp": "2026-09-09T06:44:50.897949+00:00", "level": "INFO", "logger": "httpx2", "message": "HTTP Request: GET http://testserver/api/v1/personal/briefs/14070bc3-9fcb-4e72-93ff-ea8a90af8716/export.pdf \"HTTP/1.1 404 Not Found\""}
{"timestamp": "2026-09-09T06:44:50.912345+00:00", "level": "INFO", "logger": "httpx2", "message": "HTTP Request: GET http://testserver/api/v1/personal/briefs/14070bc3-9fcb-4e72-93ff-ea8a90af8716 \"HTTP/1.1 200 OK\""}
{"timestamp": "2026-09-09T06:44:50.918150+00:00", "level": "INFO", "logger": "httpx2", "message": "HTTP Request: GET http://testserver/api/v1/personal/briefs/14070bc3-9fcb-4e72-93ff-ea8a90af8716/claims/3015e92a-be25-5774-8cd9-574723109d8f/evidence \"HTTP/1.1 200 OK\""}
{"timestamp": "2026-09-09T06:44:50.922827+00:00", "level": "INFO", "logger": "httpx2", "message": "HTTP Request: GET http://testserver/api/v1/personal/briefs/14070bc3-9fcb-4e72-93ff-ea8a90af8716/export.md \"HTTP/1.1 200 OK\""}
{"timestamp": "2026-09-09T06:44:51.130801+00:00", "level": "INFO", "logger": "fontTools.subset", "message": "maxp pruned", "request_id": "1080f2b7-637b-4061-84a8-b6acfcc86577"}
{"timestamp": "2026-09-09T06:44:51.130931+00:00", "level": "INFO", "logger": "fontTools.subset", "message": "cmap pruned", "request_id": "1080f2b7-637b-4061-84a8-b6acfcc86577"}
{"timestamp": "2026-09-09T06:44:51.130980+00:00", "level": "INFO", "logger": "fontTools.subset", "message": "post pruned", "request_id": "1080f2b7-637b-4061-84a8-b6acfcc86577"}
{"timestamp": "2026-09-09T06:44:51.131008+00:00", "level": "INFO", "logger": "fontTools.subset", "message": "FFTM dropped", "request_id": "1080f2b7-637b-4061-84a8-b6acfcc86577"}
{"timestamp": "2026-09-09T06:44:51.131030+00:00", "level": "INFO", "logger": "fontTools.subset", "message": "GDEF dropped", "request_id": "1080f2b7-637b-4061-84a8-b6acfcc86577"}
{"timestamp": "2026-09-09T06:44:51.131067+00:00", "level": "INFO", "logger": "fontTools.subset", "message": "glyf pruned", "request_id": "1080f2b7-637b-4061-84a8-b6acfcc86577"}
{"timestamp": "2026-09-09T06:44:51.134409+00:00", "level": "INFO", "logger": "fontTools.subset", "message": "Added gid0 to subset", "request_id": "1080f2b7-637b-4061-84a8-b6acfcc86577"}
{"timestamp": "2026-09-09T06:44:51.134454+00:00", "level": "INFO", "logger": "fontTools.subset", "message": "Added first four glyphs to subset", "request_id": "1080f2b7-637b-4061-84a8-b6acfcc86577"}
{"timestamp": "2026-09-09T06:44:51.134482+00:00", "level": "INFO", "logger": "fontTools.subset", "message": "Closing glyph list over 'glyf': 73 glyphs before", "request_id": "1080f2b7-637b-4061-84a8-b6acfcc86577"}
{"timestamp": "2026-09-09T06:44:51.134509+00:00", "level": "INFO", "logger": "fontTools.subset", "message": "Glyph names: ['.notdef', '.null', 'nonmarkingreturn', 'uni0000', 'uni0020', 'uni0022', 'uni0027', 'uni002B', 'uni002C', 'uni002D', 'uni002E', 'uni002F', 'uni0030', 'uni0031', 'uni0032', 'uni0033', 'uni0034', 'uni0035', 'uni0036', 'uni0037', 'uni0038', 'uni0039', 'uni003A', 'uni003B', 'uni0041', 'uni0042', 'uni0043', 'uni0044', 'uni0045', 'uni0046', 'uni0048', 'uni0049', 'uni004D', 'uni004E', 'uni0050', 'uni0051', 'uni0052', 'uni0053', 'uni0054', 'uni0055', 'uni0056', 'uni0057', 'uni0059', 'uni005B', 'uni005D', 'uni005F', 'uni0061', 'uni0062', 'uni0063', 'uni0064', 'uni0065', 'uni0066', 'uni0067', 'uni0068', 'uni0069', 'uni006A', 'uni006B', 'uni006C', 'uni006D', 'uni006E', 'uni006F', 'uni0070', 'uni0071', 'uni0072', 'uni0073', 'uni0074', 'uni0075', 'uni0076', 'uni0077', 'uni0078', 'uni0079', 'uni00B7', 'uni2014']", "request_id": "1080f2b7-637b-4061-84a8-b6acfcc86577"}
{"timestamp": "2026-09-09T06:44:51.134580+00:00", "level": "INFO", "logger": "fontTools.subset", "message": "Glyph IDs:   [0, 1, 2, 3, 35, 37, 42, 46, 47, 48, 49, 50, 51, 52, 53, 54, 55, 56, 57, 58, 59, 60, 61, 62, 68, 69, 70, 71, 72, 73, 75, 76, 80, 81, 83, 84, 85, 86, 87, 88, 89, 90, 92, 94, 96, 98, 100, 101, 102, 103, 104, 105, 106, 107, 108, 109, 110, 111, 112, 113, 114, 115, 116, 117, 118, 119, 120, 121, 122, 123, 124, 186, 8215]", "request_id": "1080f2b7-637b-4061-84a8-b6acfcc86577"}
{"timestamp": "2026-09-09T06:44:51.134636+00:00", "level": "INFO", "logger": "fontTools.subset", "message": "Closed glyph list over 'glyf': 73 glyphs after", "request_id": "1080f2b7-637b-4061-84a8-b6acfcc86577"}
{"timestamp": "2026-09-09T06:44:51.134656+00:00", "level": "INFO", "logger": "fontTools.subset", "message": "Glyph names: ['.notdef', '.null', 'nonmarkingreturn', 'uni0000', 'uni0020', 'uni0022', 'uni0027', 'uni002B', 'uni002C', 'uni002D', 'uni002E', 'uni002F', 'uni0030', 'uni0031', 'uni0032', 'uni0033', 'uni0034', 'uni0035', 'uni0036', 'uni0037', 'uni0038', 'uni0039', 'uni003A', 'uni003B', 'uni0041', 'uni0042', 'uni0043', 'uni0044', 'uni0045', 'uni0046', 'uni0048', 'uni0049', 'uni004D', 'uni004E', 'uni0050', 'uni0051', 'uni0052', 'uni0053', 'uni0054', 'uni0055', 'uni0056', 'uni0057', 'uni0059', 'uni005B', 'uni005D', 'uni005F', 'uni0061', 'uni0062', 'uni0063', 'uni0064', 'uni0065', 'uni0066', 'uni0067', 'uni0068', 'uni0069', 'uni006A', 'uni006B', 'uni006C', 'uni006D', 'uni006E', 'uni006F', 'uni0070', 'uni0071', 'uni0072', 'uni0073', 'uni0074', 'uni0075', 'uni0076', 'uni0077', 'uni0078', 'uni0079', 'uni00B7', 'uni2014']", "request_id": "1080f2b7-637b-4061-84a8-b6acfcc86577"}
{"timestamp": "2026-09-09T06:44:51.134723+00:00", "level": "INFO", "logger": "fontTools.subset", "message": "Glyph IDs:   [0, 1, 2, 3, 35, 37, 42, 46, 47, 48, 49, 50, 51, 52, 53, 54, 55, 56, 57, 58, 59, 60, 61, 62, 68, 69, 70, 71, 72, 73, 75, 76, 80, 81, 83, 84, 85, 86, 87, 88, 89, 90, 92, 94, 96, 98, 100, 101, 102, 103, 104, 105, 106, 107, 108, 109, 110, 111, 112, 113, 114, 115, 116, 117, 118, 119, 120, 121, 122, 123, 124, 186, 8215]", "request_id": "1080f2b7-637b-4061-84a8-b6acfcc86577"}
{"timestamp": "2026-09-09T06:44:51.136065+00:00", "level": "INFO", "logger": "fontTools.subset", "message": "Retaining 73 glyphs", "request_id": "1080f2b7-637b-4061-84a8-b6acfcc86577"}
{"timestamp": "2026-09-09T06:44:51.136538+00:00", "level": "INFO", "logger": "fontTools.subset", "message": "head subsetting not needed", "request_id": "1080f2b7-637b-4061-84a8-b6acfcc86577"}
{"timestamp": "2026-09-09T06:44:51.136562+00:00", "level": "INFO", "logger": "fontTools.subset", "message": "hhea subsetting not needed", "request_id": "1080f2b7-637b-4061-84a8-b6acfcc86577"}
{"timestamp": "2026-09-09T06:44:51.136582+00:00", "level": "INFO", "logger": "fontTools.subset", "message": "maxp subsetting not needed", "request_id": "1080f2b7-637b-4061-84a8-b6acfcc86577"}
{"timestamp": "2026-09-09T06:44:51.136604+00:00", "level": "INFO", "logger": "fontTools.subset", "message": "OS/2 subsetting not needed", "request_id": "1080f2b7-637b-4061-84a8-b6acfcc86577"}
{"timestamp": "2026-09-09T06:44:51.137413+00:00", "level": "INFO", "logger": "fontTools.subset", "message": "hmtx subsetted", "request_id": "1080f2b7-637b-4061-84a8-b6acfcc86577"}
{"timestamp": "2026-09-09T06:44:51.147048+00:00", "level": "INFO", "logger": "fontTools.subset", "message": "cmap subsetted", "request_id": "1080f2b7-637b-4061-84a8-b6acfcc86577"}
{"timestamp": "2026-09-09T06:44:51.147109+00:00", "level": "INFO", "logger": "fontTools.subset", "message": "loca subsetting not needed", "request_id": "1080f2b7-637b-4061-84a8-b6acfcc86577"}
{"timestamp": "2026-09-09T06:44:51.147204+00:00", "level": "INFO", "logger": "fontTools.subset", "message": "post subsetted", "request_id": "1080f2b7-637b-4061-84a8-b6acfcc86577"}
{"timestamp": "2026-09-09T06:44:51.147231+00:00", "level": "INFO", "logger": "fontTools.subset", "message": "gasp subsetting not needed", "request_id": "1080f2b7-637b-4061-84a8-b6acfcc86577"}
{"timestamp": "2026-09-09T06:44:51.147253+00:00", "level": "INFO", "logger": "fontTools.subset", "message": "name subsetting not needed", "request_id": "1080f2b7-637b-4061-84a8-b6acfcc86577"}
{"timestamp": "2026-09-09T06:44:51.154061+00:00", "level": "INFO", "logger": "fontTools.subset", "message": "glyf subsetted", "request_id": "1080f2b7-637b-4061-84a8-b6acfcc86577"}
{"timestamp": "2026-09-09T06:44:51.154268+00:00", "level": "INFO", "logger": "fontTools.subset", "message": "head pruned", "request_id": "1080f2b7-637b-4061-84a8-b6acfcc86577"}
{"timestamp": "2026-09-09T06:44:51.154364+00:00", "level": "INFO", "logger": "fontTools.subset", "message": "OS/2 Unicode ranges pruned: [0, 1, 31]", "request_id": "1080f2b7-637b-4061-84a8-b6acfcc86577"}
{"timestamp": "2026-09-09T06:44:51.154435+00:00", "level": "INFO", "logger": "fontTools.subset", "message": "OS/2 CodePage ranges pruned: [0]", "request_id": "1080f2b7-637b-4061-84a8-b6acfcc86577"}
{"timestamp": "2026-09-09T06:44:51.154777+00:00", "level": "INFO", "logger": "fontTools.subset", "message": "glyf pruned", "request_id": "1080f2b7-637b-4061-84a8-b6acfcc86577"}
{"timestamp": "2026-09-09T06:44:51.154909+00:00", "level": "INFO", "logger": "fontTools.subset", "message": "name pruned", "request_id": "1080f2b7-637b-4061-84a8-b6acfcc86577"}
{"timestamp": "2026-09-09T06:44:51.163269+00:00", "level": "INFO", "logger": "httpx2", "message": "HTTP Request: GET http://testserver/api/v1/personal/briefs/14070bc3-9fcb-4e72-93ff-ea8a90af8716/export.pdf \"HTTP/1.1 200 OK\""}
{"timestamp": "2026-09-09T06:44:51.174221+00:00", "level": "INFO", "logger": "httpx2", "message": "HTTP Request: GET http://testserver/api/v1/personal/briefs/ce02ca4d-be16-43c2-9e06-f486c9bc17e2 \"HTTP/1.1 404 Not Found\""}
{"timestamp": "2026-09-09T06:44:51.182357+00:00", "level": "INFO", "logger": "httpx2", "message": "HTTP Request: GET http://testserver/api/v1/personal/briefs/ce02ca4d-be16-43c2-9e06-f486c9bc17e2/claims/3015e92a-be25-5774-8cd9-574723109d8f/evidence \"HTTP/1.1 404 Not Found\""}
{"timestamp": "2026-09-09T06:44:51.192553+00:00", "level": "INFO", "logger": "httpx2", "message": "HTTP Request: GET http://testserver/api/v1/personal/briefs/ce02ca4d-be16-43c2-9e06-f486c9bc17e2/export.md \"HTTP/1.1 404 Not Found\""}
{"timestamp": "2026-09-09T06:44:51.200467+00:00", "level": "INFO", "logger": "httpx2", "message": "HTTP Request: GET http://testserver/api/v1/personal/briefs/ce02ca4d-be16-43c2-9e06-f486c9bc17e2/export.pdf \"HTTP/1.1 404 Not Found\""}
{"timestamp": "2026-09-09T06:44:51.206586+00:00", "level": "INFO", "logger": "httpx2", "message": "HTTP Request: GET http://testserver/api/v1/personal/briefs/4c0f2cd1-c47a-44d2-876e-36dd47c5f5dd \"HTTP/1.1 404 Not Found\""}
{"timestamp": "2026-09-09T06:44:51.213808+00:00", "level": "INFO", "logger": "httpx2", "message": "HTTP Request: GET http://testserver/api/v1/personal/briefs/4c0f2cd1-c47a-44d2-876e-36dd47c5f5dd/claims/3015e92a-be25-5774-8cd9-574723109d8f/evidence \"HTTP/1.1 404 Not Found\""}
{"timestamp": "2026-09-09T06:44:51.222823+00:00", "level": "INFO", "logger": "httpx2", "message": "HTTP Request: GET http://testserver/api/v1/personal/briefs/4c0f2cd1-c47a-44d2-876e-36dd47c5f5dd/export.md \"HTTP/1.1 404 Not Found\""}
{"timestamp": "2026-09-09T06:44:51.231334+00:00", "level": "INFO", "logger": "httpx2", "message": "HTTP Request: GET http://testserver/api/v1/personal/briefs/4c0f2cd1-c47a-44d2-876e-36dd47c5f5dd/export.pdf \"HTTP/1.1 404 Not Found\""}
{"timestamp": "2026-09-09T06:44:51.241941+00:00", "level": "INFO", "logger": "httpx2", "message": "HTTP Request: GET http://testserver/api/v1/personal/briefs \"HTTP/1.1 200 OK\""}
{"case": "immutable_report_api", "status": "PASS", "result": {"generated_report": "14070bc3-9fcb-4e72-93ff-ea8a90af8716", "provider_calls": 4, "published_only_exact_reads": true, "foreign_workspace_and_uncited_existing_claim_404": true, "mutable_source_changes_leave_detail_evidence_md_pdf_byte_identical": true, "private_config_filtered": true, "missing_coverage_not_zero": true}, "final_hashes": {"apps/api/personal_briefs.py": "320f218549a9e77279a58a8dc473eed6c472dfa974025cdd0d51838b122879d7", "services/personal/exports.py": "01f8a53b0dbbe43b83d79c7bc0ef0cbdf3b8a65209e5c643a6add7c2be76255f", "apps/api/main.py": "9d00937d472310613dc3bdecb7e5188a5b25e9cae23fcee8b2d097b49802b795", "services/personal/briefs.py": "aa46b0f689b4275ea37af6001fec97cbc418da78d159c1cbeb8f9f7ea11935ba", "services/personal/coordinator.py": "34554dd7e81a5e336d09e011b532e66e247fd23b844760c82062d8b340752a2a", "services/personal/claims.py": "71c97c39149124d8020e28b385501ae2e7f475f04a06440f87dcff8fbb751f06"}, "leaked_databases": []}
