{"timestamp": "2026-09-09T04:59:24.740072+00:00", "level": "INFO", "logger": "apps.api", "message": "api initialized", "env": "test"}
{"timestamp": "2026-09-09T04:59:27.015838+00:00", "level": "INFO", "logger": "apps.api", "message": "api initialized", "env": "test"}
{"timestamp": "2026-09-09T04:59:27.073476+00:00", "level": "INFO", "logger": "httpx2", "message": "HTTP Request: GET http://testserver/api/v1/personal/workspace \"HTTP/1.1 200 OK\""}
{"timestamp": "2026-09-09T04:59:27.089933+00:00", "level": "INFO", "logger": "httpx2", "message": "HTTP Request: POST http://testserver/api/v1/personal/workspace/setup \"HTTP/1.1 422 Unprocessable Entity\""}
{"timestamp": "2026-09-09T04:59:27.111445+00:00", "level": "INFO", "logger": "httpx2", "message": "HTTP Request: POST http://testserver/api/v1/personal/workspace/setup \"HTTP/1.1 422 Unprocessable Entity\""}
{"timestamp": "2026-09-09T04:59:27.124750+00:00", "level": "INFO", "logger": "httpx2", "message": "HTTP Request: POST http://testserver/api/v1/personal/workspace/setup \"HTTP/1.1 422 Unprocessable Entity\""}
{"timestamp": "2026-09-09T04:59:27.136925+00:00", "level": "INFO", "logger": "httpx2", "message": "HTTP Request: POST http://testserver/api/v1/personal/workspace/setup \"HTTP/1.1 422 Unprocessable Entity\""}
{"timestamp": "2026-09-09T04:59:27.147733+00:00", "level": "INFO", "logger": "httpx2", "message": "HTTP Request: POST http://testserver/api/v1/personal/workspace/setup \"HTTP/1.1 422 Unprocessable Entity\""}
{"timestamp": "2026-09-09T04:59:27.159760+00:00", "level": "INFO", "logger": "httpx2", "message": "HTTP Request: POST http://testserver/api/v1/personal/workspace/setup \"HTTP/1.1 422 Unprocessable Entity\""}
{"timestamp": "2026-09-09T04:59:27.167428+00:00", "level": "INFO", "logger": "httpx2", "message": "HTTP Request: POST http://testserver/api/v1/personal/workspace/setup \"HTTP/1.1 422 Unprocessable Entity\""}
{"timestamp": "2026-09-09T04:59:27.170866+00:00", "level": "WARNING", "logger": "apps.api.middleware", "message": "rejected protected request: bad api key", "request_id": "87472e28-3c7b-4e7f-9756-a77c291dff72", "path": "/api/v1/personal/workspace/setup"}
{"timestamp": "2026-09-09T04:59:27.171126+00:00", "level": "INFO", "logger": "httpx2", "message": "HTTP Request: POST http://testserver/api/v1/personal/workspace/setup \"HTTP/1.1 401 Unauthorized\""}
{"timestamp": "2026-09-09T04:59:27.184072+00:00", "level": "INFO", "logger": "httpx2", "message": "HTTP Request: POST http://testserver/api/v1/personal/workspace/setup \"HTTP/1.1 200 OK\""}
{"timestamp": "2026-09-09T04:59:27.199709+00:00", "level": "INFO", "logger": "httpx2", "message": "HTTP Request: POST http://testserver/api/v1/personal/workspace/setup \"HTTP/1.1 200 OK\""}
{"timestamp": "2026-09-09T04:59:27.206708+00:00", "level": "INFO", "logger": "httpx2", "message": "HTTP Request: POST http://testserver/api/v1/personal/workspace/setup \"HTTP/1.1 422 Unprocessable Entity\""}
{"timestamp": "2026-09-09T04:59:27.219216+00:00", "level": "INFO", "logger": "httpx2", "message": "HTTP Request: POST http://testserver/api/v1/personal/workspace/setup \"HTTP/1.1 422 Unprocessable Entity\""}
{"timestamp": "2026-09-09T04:59:27.231971+00:00", "level": "INFO", "logger": "httpx2", "message": "HTTP Request: POST http://testserver/api/v1/personal/workspace/setup \"HTTP/1.1 422 Unprocessable Entity\""}
{"timestamp": "2026-09-09T04:59:27.244067+00:00", "level": "INFO", "logger": "httpx2", "message": "HTTP Request: POST http://testserver/api/v1/personal/workspace/setup \"HTTP/1.1 422 Unprocessable Entity\""}
{"timestamp": "2026-09-09T04:59:27.255653+00:00", "level": "INFO", "logger": "httpx2", "message": "HTTP Request: POST http://testserver/api/v1/personal/workspace/setup \"HTTP/1.1 422 Unprocessable Entity\""}
{"timestamp": "2026-09-09T04:59:27.268438+00:00", "level": "INFO", "logger": "httpx2", "message": "HTTP Request: POST http://testserver/api/v1/personal/workspace/setup \"HTTP/1.1 422 Unprocessable Entity\""}
{"timestamp": "2026-09-09T04:59:27.285340+00:00", "level": "INFO", "logger": "httpx2", "message": "HTTP Request: POST http://testserver/api/v1/personal/workspace/setup \"HTTP/1.1 422 Unprocessable Entity\""}
{"timestamp": "2026-09-09T04:59:27.300097+00:00", "level": "INFO", "logger": "httpx2", "message": "HTTP Request: POST http://testserver/api/v1/personal/workspace/setup \"HTTP/1.1 200 OK\""}
{"timestamp": "2026-09-09T04:59:27.307605+00:00", "level": "INFO", "logger": "httpx2", "message": "HTTP Request: PUT http://testserver/api/v1/personal/workspace/owner \"HTTP/1.1 200 OK\""}
{"case": "ordinary migration and explicit profile", "result": "PASS", "users": 0, "explicit_override": false, "active_legacy": false, "writer_mode": "personal", "invalid_payloads_rolled_back": 14, "no_implicit_source_selection": true}
{"timestamp": "2026-09-09T04:59:29.302728+00:00", "level": "INFO", "logger": "apps.api", "message": "api initialized", "env": "test"}
{"timestamp": "2026-09-09T04:59:29.353028+00:00", "level": "INFO", "logger": "httpx2", "message": "HTTP Request: GET http://testserver/api/v1/personal/workspace \"HTTP/1.1 200 OK\""}
{"timestamp": "2026-09-09T04:59:29.364689+00:00", "level": "INFO", "logger": "httpx2", "message": "HTTP Request: POST http://testserver/api/v1/personal/workspace/setup \"HTTP/1.1 422 Unprocessable Entity\""}
{"timestamp": "2026-09-09T04:59:29.381469+00:00", "level": "INFO", "logger": "httpx2", "message": "HTTP Request: POST http://testserver/api/v1/personal/workspace/setup \"HTTP/1.1 422 Unprocessable Entity\""}
{"timestamp": "2026-09-09T04:59:29.394363+00:00", "level": "INFO", "logger": "httpx2", "message": "HTTP Request: POST http://testserver/api/v1/personal/workspace/setup \"HTTP/1.1 422 Unprocessable Entity\""}
{"timestamp": "2026-09-09T04:59:29.406041+00:00", "level": "INFO", "logger": "httpx2", "message": "HTTP Request: POST http://testserver/api/v1/personal/workspace/setup \"HTTP/1.1 422 Unprocessable Entity\""}
{"timestamp": "2026-09-09T04:59:29.416298+00:00", "level": "INFO", "logger": "httpx2", "message": "HTTP Request: POST http://testserver/api/v1/personal/workspace/setup \"HTTP/1.1 422 Unprocessable Entity\""}
{"timestamp": "2026-09-09T04:59:29.427368+00:00", "level": "INFO", "logger": "httpx2", "message": "HTTP Request: POST http://testserver/api/v1/personal/workspace/setup \"HTTP/1.1 422 Unprocessable Entity\""}
{"timestamp": "2026-09-09T04:59:29.434498+00:00", "level": "INFO", "logger": "httpx2", "message": "HTTP Request: POST http://testserver/api/v1/personal/workspace/setup \"HTTP/1.1 422 Unprocessable Entity\""}
{"timestamp": "2026-09-09T04:59:29.439879+00:00", "level": "WARNING", "logger": "apps.api.middleware", "message": "rejected protected request: bad api key", "request_id": "83b6ce6b-c2e4-4209-9646-e4fe50b51a4c", "path": "/api/v1/personal/workspace/setup"}
{"timestamp": "2026-09-09T04:59:29.440144+00:00", "level": "INFO", "logger": "httpx2", "message": "HTTP Request: POST http://testserver/api/v1/personal/workspace/setup \"HTTP/1.1 401 Unauthorized\""}
{"timestamp": "2026-09-09T04:59:29.451669+00:00", "level": "INFO", "logger": "httpx2", "message": "HTTP Request: POST http://testserver/api/v1/personal/workspace/setup \"HTTP/1.1 200 OK\""}
{"timestamp": "2026-09-09T04:59:29.465162+00:00", "level": "INFO", "logger": "httpx2", "message": "HTTP Request: POST http://testserver/api/v1/personal/workspace/setup \"HTTP/1.1 200 OK\""}
{"timestamp": "2026-09-09T04:59:29.471725+00:00", "level": "INFO", "logger": "httpx2", "message": "HTTP Request: POST http://testserver/api/v1/personal/workspace/setup \"HTTP/1.1 422 Unprocessable Entity\""}
{"timestamp": "2026-09-09T04:59:29.482315+00:00", "level": "INFO", "logger": "httpx2", "message": "HTTP Request: POST http://testserver/api/v1/personal/workspace/setup \"HTTP/1.1 422 Unprocessable Entity\""}
{"timestamp": "2026-09-09T04:59:29.493106+00:00", "level": "INFO", "logger": "httpx2", "message": "HTTP Request: POST http://testserver/api/v1/personal/workspace/setup \"HTTP/1.1 422 Unprocessable Entity\""}
{"timestamp": "2026-09-09T04:59:29.504401+00:00", "level": "INFO", "logger": "httpx2", "message": "HTTP Request: POST http://testserver/api/v1/personal/workspace/setup \"HTTP/1.1 422 Unprocessable Entity\""}
{"timestamp": "2026-09-09T04:59:29.515501+00:00", "level": "INFO", "logger": "httpx2", "message": "HTTP Request: POST http://testserver/api/v1/personal/workspace/setup \"HTTP/1.1 422 Unprocessable Entity\""}
{"timestamp": "2026-09-09T04:59:29.526578+00:00", "level": "INFO", "logger": "httpx2", "message": "HTTP Request: POST http://testserver/api/v1/personal/workspace/setup \"HTTP/1.1 422 Unprocessable Entity\""}
{"timestamp": "2026-09-09T04:59:29.535863+00:00", "level": "INFO", "logger": "httpx2", "message": "HTTP Request: POST http://testserver/api/v1/personal/workspace/setup \"HTTP/1.1 422 Unprocessable Entity\""}
{"timestamp": "2026-09-09T04:59:29.548716+00:00", "level": "INFO", "logger": "httpx2", "message": "HTTP Request: POST http://testserver/api/v1/personal/workspace/setup \"HTTP/1.1 200 OK\""}
{"timestamp": "2026-09-09T04:59:29.555147+00:00", "level": "INFO", "logger": "httpx2", "message": "HTTP Request: PUT http://testserver/api/v1/personal/workspace/owner \"HTTP/1.1 200 OK\""}
{"case": "ordinary migration and explicit profile", "result": "PASS", "users": 1, "explicit_override": false, "active_legacy": false, "writer_mode": "personal", "invalid_payloads_rolled_back": 14, "no_implicit_source_selection": true}
{"timestamp": "2026-09-09T04:59:31.680636+00:00", "level": "INFO", "logger": "apps.api", "message": "api initialized", "env": "test"}
{"timestamp": "2026-09-09T04:59:31.737214+00:00", "level": "INFO", "logger": "httpx2", "message": "HTTP Request: GET http://testserver/api/v1/personal/workspace \"HTTP/1.1 200 OK\""}
{"timestamp": "2026-09-09T04:59:31.751069+00:00", "level": "INFO", "logger": "httpx2", "message": "HTTP Request: POST http://testserver/api/v1/personal/workspace/setup \"HTTP/1.1 422 Unprocessable Entity\""}
{"timestamp": "2026-09-09T04:59:31.764383+00:00", "level": "INFO", "logger": "httpx2", "message": "HTTP Request: POST http://testserver/api/v1/personal/workspace/setup \"HTTP/1.1 422 Unprocessable Entity\""}
{"timestamp": "2026-09-09T04:59:31.775669+00:00", "level": "INFO", "logger": "httpx2", "message": "HTTP Request: POST http://testserver/api/v1/personal/workspace/setup \"HTTP/1.1 422 Unprocessable Entity\""}
{"timestamp": "2026-09-09T04:59:31.786248+00:00", "level": "INFO", "logger": "httpx2", "message": "HTTP Request: POST http://testserver/api/v1/personal/workspace/setup \"HTTP/1.1 422 Unprocessable Entity\""}
{"timestamp": "2026-09-09T04:59:31.796580+00:00", "level": "INFO", "logger": "httpx2", "message": "HTTP Request: POST http://testserver/api/v1/personal/workspace/setup \"HTTP/1.1 422 Unprocessable Entity\""}
{"timestamp": "2026-09-09T04:59:31.806677+00:00", "level": "INFO", "logger": "httpx2", "message": "HTTP Request: POST http://testserver/api/v1/personal/workspace/setup \"HTTP/1.1 422 Unprocessable Entity\""}
{"timestamp": "2026-09-09T04:59:31.814560+00:00", "level": "INFO", "logger": "httpx2", "message": "HTTP Request: POST http://testserver/api/v1/personal/workspace/setup \"HTTP/1.1 422 Unprocessable Entity\""}
{"timestamp": "2026-09-09T04:59:31.817271+00:00", "level": "WARNING", "logger": "apps.api.middleware", "message": "rejected protected request: bad api key", "request_id": "c309456b-064d-4b45-89b7-befc3f920336", "path": "/api/v1/personal/workspace/setup"}
{"timestamp": "2026-09-09T04:59:31.817513+00:00", "level": "INFO", "logger": "httpx2", "message": "HTTP Request: POST http://testserver/api/v1/personal/workspace/setup \"HTTP/1.1 401 Unauthorized\""}
{"timestamp": "2026-09-09T04:59:31.827770+00:00", "level": "INFO", "logger": "httpx2", "message": "HTTP Request: POST http://testserver/api/v1/personal/workspace/setup \"HTTP/1.1 200 OK\""}
{"timestamp": "2026-09-09T04:59:31.841998+00:00", "level": "INFO", "logger": "httpx2", "message": "HTTP Request: POST http://testserver/api/v1/personal/workspace/setup \"HTTP/1.1 200 OK\""}
{"timestamp": "2026-09-09T04:59:31.849323+00:00", "level": "INFO", "logger": "httpx2", "message": "HTTP Request: GET http://testserver/api/v1/personal/workspace \"HTTP/1.1 200 OK\""}
{"case": "ambiguous-owner readiness consistency", "result": "FINDING", "setup_run_ready": true, "get_can_start": false}
{"timestamp": "2026-09-09T04:59:31.853254+00:00", "level": "INFO", "logger": "httpx2", "message": "HTTP Request: POST http://testserver/api/v1/personal/workspace/setup \"HTTP/1.1 422 Unprocessable Entity\""}
{"timestamp": "2026-09-09T04:59:31.863280+00:00", "level": "INFO", "logger": "httpx2", "message": "HTTP Request: POST http://testserver/api/v1/personal/workspace/setup \"HTTP/1.1 422 Unprocessable Entity\""}
{"timestamp": "2026-09-09T04:59:31.876457+00:00", "level": "INFO", "logger": "httpx2", "message": "HTTP Request: POST http://testserver/api/v1/personal/workspace/setup \"HTTP/1.1 422 Unprocessable Entity\""}
{"timestamp": "2026-09-09T04:59:31.887111+00:00", "level": "INFO", "logger": "httpx2", "message": "HTTP Request: POST http://testserver/api/v1/personal/workspace/setup \"HTTP/1.1 422 Unprocessable Entity\""}
{"timestamp": "2026-09-09T04:59:31.897363+00:00", "level": "INFO", "logger": "httpx2", "message": "HTTP Request: POST http://testserver/api/v1/personal/workspace/setup \"HTTP/1.1 422 Unprocessable Entity\""}
{"timestamp": "2026-09-09T04:59:31.906561+00:00", "level": "INFO", "logger": "httpx2", "message": "HTTP Request: POST http://testserver/api/v1/personal/workspace/setup \"HTTP/1.1 422 Unprocessable Entity\""}
{"timestamp": "2026-09-09T04:59:31.914801+00:00", "level": "INFO", "logger": "httpx2", "message": "HTTP Request: POST http://testserver/api/v1/personal/workspace/setup \"HTTP/1.1 422 Unprocessable Entity\""}
{"timestamp": "2026-09-09T04:59:31.926783+00:00", "level": "INFO", "logger": "httpx2", "message": "HTTP Request: POST http://testserver/api/v1/personal/workspace/setup \"HTTP/1.1 200 OK\""}
{"case": "ordinary migration and explicit profile", "result": "PASS", "users": 2, "explicit_override": false, "active_legacy": false, "writer_mode": "personal", "invalid_payloads_rolled_back": 14, "no_implicit_source_selection": true}
{"timestamp": "2026-09-09T04:59:34.025823+00:00", "level": "INFO", "logger": "apps.api", "message": "api initialized", "env": "test"}
{"timestamp": "2026-09-09T04:59:34.076220+00:00", "level": "INFO", "logger": "httpx2", "message": "HTTP Request: GET http://testserver/api/v1/personal/workspace \"HTTP/1.1 200 OK\""}
{"timestamp": "2026-09-09T04:59:34.090393+00:00", "level": "INFO", "logger": "httpx2", "message": "HTTP Request: POST http://testserver/api/v1/personal/workspace/setup \"HTTP/1.1 422 Unprocessable Entity\""}
{"timestamp": "2026-09-09T04:59:34.105046+00:00", "level": "INFO", "logger": "httpx2", "message": "HTTP Request: POST http://testserver/api/v1/personal/workspace/setup \"HTTP/1.1 422 Unprocessable Entity\""}
{"timestamp": "2026-09-09T04:59:34.117354+00:00", "level": "INFO", "logger": "httpx2", "message": "HTTP Request: POST http://testserver/api/v1/personal/workspace/setup \"HTTP/1.1 422 Unprocessable Entity\""}
{"timestamp": "2026-09-09T04:59:34.128169+00:00", "level": "INFO", "logger": "httpx2", "message": "HTTP Request: POST http://testserver/api/v1/personal/workspace/setup \"HTTP/1.1 422 Unprocessable Entity\""}
{"timestamp": "2026-09-09T04:59:34.139488+00:00", "level": "INFO", "logger": "httpx2", "message": "HTTP Request: POST http://testserver/api/v1/personal/workspace/setup \"HTTP/1.1 422 Unprocessable Entity\""}
{"timestamp": "2026-09-09T04:59:34.151640+00:00", "level": "INFO", "logger": "httpx2", "message": "HTTP Request: POST http://testserver/api/v1/personal/workspace/setup \"HTTP/1.1 422 Unprocessable Entity\""}
{"timestamp": "2026-09-09T04:59:34.158573+00:00", "level": "INFO", "logger": "httpx2", "message": "HTTP Request: POST http://testserver/api/v1/personal/workspace/setup \"HTTP/1.1 422 Unprocessable Entity\""}
{"timestamp": "2026-09-09T04:59:34.161796+00:00", "level": "WARNING", "logger": "apps.api.middleware", "message": "rejected protected request: bad api key", "request_id": "1b9b0b23-0937-4634-92a8-46ff46da15a2", "path": "/api/v1/personal/workspace/setup"}
{"timestamp": "2026-09-09T04:59:34.162056+00:00", "level": "INFO", "logger": "httpx2", "message": "HTTP Request: POST http://testserver/api/v1/personal/workspace/setup \"HTTP/1.1 401 Unauthorized\""}
{"timestamp": "2026-09-09T04:59:34.177244+00:00", "level": "INFO", "logger": "httpx2", "message": "HTTP Request: POST http://testserver/api/v1/personal/workspace/setup \"HTTP/1.1 200 OK\""}
{"timestamp": "2026-09-09T04:59:34.190300+00:00", "level": "INFO", "logger": "httpx2", "message": "HTTP Request: POST http://testserver/api/v1/personal/workspace/setup \"HTTP/1.1 200 OK\""}
{"timestamp": "2026-09-09T04:59:34.196894+00:00", "level": "INFO", "logger": "httpx2", "message": "HTTP Request: POST http://testserver/api/v1/personal/workspace/setup \"HTTP/1.1 422 Unprocessable Entity\""}
{"timestamp": "2026-09-09T04:59:34.208848+00:00", "level": "INFO", "logger": "httpx2", "message": "HTTP Request: POST http://testserver/api/v1/personal/workspace/setup \"HTTP/1.1 422 Unprocessable Entity\""}
{"timestamp": "2026-09-09T04:59:34.219574+00:00", "level": "INFO", "logger": "httpx2", "message": "HTTP Request: POST http://testserver/api/v1/personal/workspace/setup \"HTTP/1.1 422 Unprocessable Entity\""}
{"timestamp": "2026-09-09T04:59:34.230980+00:00", "level": "INFO", "logger": "httpx2", "message": "HTTP Request: POST http://testserver/api/v1/personal/workspace/setup \"HTTP/1.1 422 Unprocessable Entity\""}
{"timestamp": "2026-09-09T04:59:34.241988+00:00", "level": "INFO", "logger": "httpx2", "message": "HTTP Request: POST http://testserver/api/v1/personal/workspace/setup \"HTTP/1.1 422 Unprocessable Entity\""}
{"timestamp": "2026-09-09T04:59:34.253784+00:00", "level": "INFO", "logger": "httpx2", "message": "HTTP Request: POST http://testserver/api/v1/personal/workspace/setup \"HTTP/1.1 422 Unprocessable Entity\""}
{"timestamp": "2026-09-09T04:59:34.261165+00:00", "level": "INFO", "logger": "httpx2", "message": "HTTP Request: POST http://testserver/api/v1/personal/workspace/setup \"HTTP/1.1 422 Unprocessable Entity\""}
{"timestamp": "2026-09-09T04:59:34.274226+00:00", "level": "INFO", "logger": "httpx2", "message": "HTTP Request: POST http://testserver/api/v1/personal/workspace/setup \"HTTP/1.1 200 OK\""}
{"timestamp": "2026-09-09T04:59:34.279863+00:00", "level": "INFO", "logger": "httpx2", "message": "HTTP Request: PUT http://testserver/api/v1/personal/workspace/owner \"HTTP/1.1 200 OK\""}
{"timestamp": "2026-09-09T04:59:34.286154+00:00", "level": "INFO", "logger": "httpx2", "message": "HTTP Request: PUT http://testserver/api/v1/personal/workspace/owner \"HTTP/1.1 409 Conflict\""}
{"case": "ordinary migration and explicit profile", "result": "PASS", "users": 2, "explicit_override": true, "active_legacy": false, "writer_mode": "personal", "invalid_payloads_rolled_back": 14, "no_implicit_source_selection": true}
{"timestamp": "2026-09-09T04:59:36.412318+00:00", "level": "INFO", "logger": "apps.api", "message": "api initialized", "env": "test"}
{"timestamp": "2026-09-09T04:59:36.463456+00:00", "level": "INFO", "logger": "httpx2", "message": "HTTP Request: GET http://testserver/api/v1/personal/workspace \"HTTP/1.1 200 OK\""}
{"timestamp": "2026-09-09T04:59:36.478690+00:00", "level": "INFO", "logger": "httpx2", "message": "HTTP Request: POST http://testserver/api/v1/personal/workspace/setup \"HTTP/1.1 422 Unprocessable Entity\""}
{"timestamp": "2026-09-09T04:59:36.493927+00:00", "level": "INFO", "logger": "httpx2", "message": "HTTP Request: POST http://testserver/api/v1/personal/workspace/setup \"HTTP/1.1 422 Unprocessable Entity\""}
{"timestamp": "2026-09-09T04:59:36.505817+00:00", "level": "INFO", "logger": "httpx2", "message": "HTTP Request: POST http://testserver/api/v1/personal/workspace/setup \"HTTP/1.1 422 Unprocessable Entity\""}
{"timestamp": "2026-09-09T04:59:36.517822+00:00", "level": "INFO", "logger": "httpx2", "message": "HTTP Request: POST http://testserver/api/v1/personal/workspace/setup \"HTTP/1.1 422 Unprocessable Entity\""}
{"timestamp": "2026-09-09T04:59:36.529885+00:00", "level": "INFO", "logger": "httpx2", "message": "HTTP Request: POST http://testserver/api/v1/personal/workspace/setup \"HTTP/1.1 422 Unprocessable Entity\""}
{"timestamp": "2026-09-09T04:59:36.540790+00:00", "level": "INFO", "logger": "httpx2", "message": "HTTP Request: POST http://testserver/api/v1/personal/workspace/setup \"HTTP/1.1 422 Unprocessable Entity\""}
{"timestamp": "2026-09-09T04:59:36.547887+00:00", "level": "INFO", "logger": "httpx2", "message": "HTTP Request: POST http://testserver/api/v1/personal/workspace/setup \"HTTP/1.1 422 Unprocessable Entity\""}
{"timestamp": "2026-09-09T04:59:36.550962+00:00", "level": "WARNING", "logger": "apps.api.middleware", "message": "rejected protected request: bad api key", "request_id": "f5361b9c-d59d-4821-a817-5b0940f9f097", "path": "/api/v1/personal/workspace/setup"}
{"timestamp": "2026-09-09T04:59:36.551222+00:00", "level": "INFO", "logger": "httpx2", "message": "HTTP Request: POST http://testserver/api/v1/personal/workspace/setup \"HTTP/1.1 401 Unauthorized\""}
{"timestamp": "2026-09-09T04:59:36.562853+00:00", "level": "INFO", "logger": "httpx2", "message": "HTTP Request: POST http://testserver/api/v1/personal/workspace/setup \"HTTP/1.1 200 OK\""}
{"timestamp": "2026-09-09T04:59:36.574738+00:00", "level": "INFO", "logger": "httpx2", "message": "HTTP Request: POST http://testserver/api/v1/personal/workspace/setup \"HTTP/1.1 200 OK\""}
{"timestamp": "2026-09-09T04:59:36.581401+00:00", "level": "INFO", "logger": "httpx2", "message": "HTTP Request: POST http://testserver/api/v1/personal/workspace/setup \"HTTP/1.1 422 Unprocessable Entity\""}
{"timestamp": "2026-09-09T04:59:36.593788+00:00", "level": "INFO", "logger": "httpx2", "message": "HTTP Request: POST http://testserver/api/v1/personal/workspace/setup \"HTTP/1.1 422 Unprocessable Entity\""}
{"timestamp": "2026-09-09T04:59:36.606368+00:00", "level": "INFO", "logger": "httpx2", "message": "HTTP Request: POST http://testserver/api/v1/personal/workspace/setup \"HTTP/1.1 422 Unprocessable Entity\""}
{"timestamp": "2026-09-09T04:59:36.619314+00:00", "level": "INFO", "logger": "httpx2", "message": "HTTP Request: POST http://testserver/api/v1/personal/workspace/setup \"HTTP/1.1 422 Unprocessable Entity\""}
{"timestamp": "2026-09-09T04:59:36.629794+00:00", "level": "INFO", "logger": "httpx2", "message": "HTTP Request: POST http://testserver/api/v1/personal/workspace/setup \"HTTP/1.1 422 Unprocessable Entity\""}
{"timestamp": "2026-09-09T04:59:36.641910+00:00", "level": "INFO", "logger": "httpx2", "message": "HTTP Request: POST http://testserver/api/v1/personal/workspace/setup \"HTTP/1.1 422 Unprocessable Entity\""}
{"timestamp": "2026-09-09T04:59:36.649944+00:00", "level": "INFO", "logger": "httpx2", "message": "HTTP Request: POST http://testserver/api/v1/personal/workspace/setup \"HTTP/1.1 422 Unprocessable Entity\""}
{"timestamp": "2026-09-09T04:59:36.664490+00:00", "level": "INFO", "logger": "httpx2", "message": "HTTP Request: POST http://testserver/api/v1/personal/workspace/setup \"HTTP/1.1 200 OK\""}
{"timestamp": "2026-09-09T04:59:36.671084+00:00", "level": "INFO", "logger": "httpx2", "message": "HTTP Request: PUT http://testserver/api/v1/personal/workspace/owner \"HTTP/1.1 200 OK\""}
{"case": "ordinary migration and explicit profile", "result": "PASS", "users": 1, "explicit_override": false, "active_legacy": true, "writer_mode": "legacy", "invalid_payloads_rolled_back": 14, "no_implicit_source_selection": true}
{"timestamp": "2026-09-09T04:59:38.104436+00:00", "level": "INFO", "logger": "apps.api", "message": "api initialized", "env": "test"}
{"timestamp": "2026-09-09T04:59:38.168655+00:00", "level": "INFO", "logger": "httpx2", "message": "HTTP Request: POST http://testserver/api/v1/personal/workspace/setup \"HTTP/1.1 200 OK\""}
{"case": "zero-token phrase validation", "result": "FINDING", "status": 200, "persisted_change": true}
{
  "initial_hashes": {
    "db/migrations/versions/0020_personal_news_desk.py": "280384c035920c6707459a2b035d841ad4a049fd66cbba78ff42bb881fe2d2e7",
    "services/personal/workspace.py": "51047072699e021295651eb96628ab1550c6f7be0480f9ef1ebddd50a80d6616",
    "services/personal/contracts.py": "8999239a78479b7421275f2c84ef2348defa67abb04073e5462082cea83b33d7",
    "apps/api/personal.py": "2560363f986d2b9837732a6cce0d46d223b0e33a61a2b16ec612b11fed0e1d17"
  },
  "final_hashes": {
    "db/migrations/versions/0020_personal_news_desk.py": "280384c035920c6707459a2b035d841ad4a049fd66cbba78ff42bb881fe2d2e7",
    "services/personal/workspace.py": "51047072699e021295651eb96628ab1550c6f7be0480f9ef1ebddd50a80d6616",
    "services/personal/contracts.py": "8999239a78479b7421275f2c84ef2348defa67abb04073e5462082cea83b33d7",
    "apps/api/personal.py": "2560363f986d2b9837732a6cce0d46d223b0e33a61a2b16ec612b11fed0e1d17"
  },
  "fixture": "Ordinary0019seeding\u2192head; no personal tables or migration state cleared"
}
