 
 -------------- personal-offline-rootfinal_32fd2dc82b@localhost v5.6.3 (recovery)
--- ***** ----- 
-- ******* ---- macOS-26.4.1-arm64-arm-64bit-Mach-O 2026-09-09 12:19:43
- *** --- * --- 
- ** ---------- [config]
- ** ---------- .> app:         news_intelligence:0x1074e2270
- ** ---------- .> transport:   redis://127.0.0.1:49781/1
- ** ---------- .> results:     redis://127.0.0.1:49781/2
- *** --- * --- .> concurrency: 8 (solo)
-- ******* ---- .> task events: OFF (enable -E to monitor tasks in this worker)
--- ***** ----- 
 -------------- [queues]
                .> pipeline         exchange=default(direct) key=default
                

[tasks]
  . generate_daily_brief
  . workers.alert_tasks.run_alert_evaluation
  . workers.alert_tasks.run_pending_alert_notification_sweep
  . workers.analogy_tasks.run_event_analogy_rerank
  . workers.clustering_tasks.run_article_clustering
  . workers.embedding_tasks.run_article_embedding
  . workers.embedding_tasks.run_episode_embedding_refresh
  . workers.embedding_tasks.run_event_embedding
  . workers.entity_linking_tasks.run_event_entity_linking
  . workers.ingestion_tasks.ingest_source_feed
  . workers.personal_tasks.run_personal_daily
  . workers.pipeline_tasks.run_daily_pipeline
  . workers.provider_data_tasks.run_country_indicator_ingestion
  . workers.provider_data_tasks.run_energy_series_ingestion
  . workers.provider_data_tasks.run_entity_identity_ingestion
  . workers.provider_data_tasks.run_fred_macro_ingestion
  . workers.provider_data_tasks.run_gdelt_raw_ingestion
  . workers.provider_data_tasks.run_geo_incident_ingestion
  . workers.provider_data_tasks.run_humanitarian_report_ingestion
  . workers.provider_data_tasks.run_sanctions_ingestion
  . workers.provider_data_tasks.run_sec_company_ingestion
  . workers.provider_data_tasks.run_sec_identity_refresh
  . workers.provider_data_tasks.run_wikidata_identity_ingestion
  . workers.tasks.noop
  . workers.tasks.scheduled_heartbeat

[2026-09-09 12:19:43,087: INFO/MainProcess] Connected to redis://127.0.0.1:49781/1
[2026-09-09 12:19:43,091: INFO/MainProcess] mingle: searching for neighbors
[2026-09-09 12:19:44,107: INFO/MainProcess] mingle: all alone
[2026-09-09 12:19:44,144: INFO/MainProcess] personal-offline-rootfinal_32fd2dc82b@localhost ready.
[2026-09-09 12:20:11,180: INFO/MainProcess] Task workers.personal_tasks.run_personal_daily[68c982cd-1df5-4ba9-b90a-abab8447820e] received
[2026-09-09 12:20:11,429: INFO/MainProcess] Task workers.personal_tasks.run_personal_daily[68c982cd-1df5-4ba9-b90a-abab8447820e] succeeded in 0.2485172499436885s: {'status': 'succeeded', 'run_id': '90ccab09-14df-430d-b36d-8d1d70ff3e7f', 'report_id': '668f36fb-ee51-4d81-89e5-cf30ff4396aa', 'published': True, 'feeds_attempted': 1, 'feeds_succeeded': 1, 'feeds_failed': 0, 'articles_captured': 1, 'articles_admitted': 1, 'events_observed': 1, 'claims_supported': 2, 'fixture_label': 'Synthetic Phase 2 acceptance feed and scripted provider responses; no live network or paid model calls'}

worker: Warm shutdown (MainProcess)
