{"timestamp": "2026-09-09T06:50:02.602810+00:00", "level": "INFO", "logger": "apps.api", "message": "api initialized", "env": "test"}
{"initial_hashes": {"apps/api/personal_briefs.py": "da5424f30bdfa79a4d66bf7f27be7633504a2b6e1db390eed8a733d16c2af953", "services/personal/exports.py": "07374f66159088ac241e6678f24fbdbe7ade147f7b6c3a9d64198ccc41362de9", "apps/api/main.py": "9d00937d472310613dc3bdecb7e5188a5b25e9cae23fcee8b2d097b49802b795", "services/personal/briefs.py": "aa46b0f689b4275ea37af6001fec97cbc418da78d159c1cbeb8f9f7ea11935ba", "services/personal/coordinator.py": "34554dd7e81a5e336d09e011b532e66e247fd23b844760c82062d8b340752a2a", "services/personal/claims.py": "71c97c39149124d8020e28b385501ae2e7f475f04a06440f87dcff8fbb751f06"}, "boundary": "Own disposable PostgreSQL; production autoflush=False; genuine shared composer and offline source-specific provider; no live or browser proof"}
{"timestamp": "2026-09-09T06:50:04.438418+00:00", "level": "INFO", "logger": "apps.api", "message": "api initialized", "env": "test"}
{"timestamp": "2026-09-09T06:50:04.498128+00:00", "level": "INFO", "logger": "httpx2", "message": "HTTP Request: GET http://testserver/api/v1/personal/briefs/1113257b-41cc-45ce-8558-bd00199bcfbc \"HTTP/1.1 200 OK\""}
{"timestamp": "2026-09-09T06:50:04.506529+00:00", "level": "INFO", "logger": "httpx2", "message": "HTTP Request: GET http://testserver/api/v1/personal/briefs/1113257b-41cc-45ce-8558-bd00199bcfbc \"HTTP/1.1 200 OK\""}
{"timestamp": "2026-09-09T06:50:04.516127+00:00", "level": "INFO", "logger": "httpx2", "message": "HTTP Request: GET http://testserver/api/v1/personal/briefs/1113257b-41cc-45ce-8558-bd00199bcfbc/claims/5086cbe5-ce6d-51eb-97b5-4222ed35cd8e/evidence \"HTTP/1.1 200 OK\""}
{"timestamp": "2026-09-09T06:50:04.524742+00:00", "level": "INFO", "logger": "httpx2", "message": "HTTP Request: GET http://testserver/api/v1/personal/briefs/1113257b-41cc-45ce-8558-bd00199bcfbc/export.md \"HTTP/1.1 200 OK\""}
{"timestamp": "2026-09-09T06:50:04.709976+00:00", "level": "INFO", "logger": "fontTools.subset", "message": "maxp pruned", "request_id": "4572712e-d8e3-4b97-96eb-27f40d93e718"}
{"timestamp": "2026-09-09T06:50:04.710097+00:00", "level": "INFO", "logger": "fontTools.subset", "message": "cmap pruned", "request_id": "4572712e-d8e3-4b97-96eb-27f40d93e718"}
{"timestamp": "2026-09-09T06:50:04.710147+00:00", "level": "INFO", "logger": "fontTools.subset", "message": "post pruned", "request_id": "4572712e-d8e3-4b97-96eb-27f40d93e718"}
{"timestamp": "2026-09-09T06:50:04.710441+00:00", "level": "INFO", "logger": "fontTools.subset", "message": "FFTM dropped", "request_id": "4572712e-d8e3-4b97-96eb-27f40d93e718"}
{"timestamp": "2026-09-09T06:50:04.710549+00:00", "level": "INFO", "logger": "fontTools.subset", "message": "GDEF dropped", "request_id": "4572712e-d8e3-4b97-96eb-27f40d93e718"}
{"timestamp": "2026-09-09T06:50:04.710596+00:00", "level": "INFO", "logger": "fontTools.subset", "message": "glyf pruned", "request_id": "4572712e-d8e3-4b97-96eb-27f40d93e718"}
{"timestamp": "2026-09-09T06:50:04.714059+00:00", "level": "INFO", "logger": "fontTools.subset", "message": "Added gid0 to subset", "request_id": "4572712e-d8e3-4b97-96eb-27f40d93e718"}
{"timestamp": "2026-09-09T06:50:04.714105+00:00", "level": "INFO", "logger": "fontTools.subset", "message": "Added first four glyphs to subset", "request_id": "4572712e-d8e3-4b97-96eb-27f40d93e718"}
{"timestamp": "2026-09-09T06:50:04.714139+00:00", "level": "INFO", "logger": "fontTools.subset", "message": "Closing glyph list over 'glyf': 73 glyphs before", "request_id": "4572712e-d8e3-4b97-96eb-27f40d93e718"}
{"timestamp": "2026-09-09T06:50:04.714170+00:00", "level": "INFO", "logger": "fontTools.subset", "message": "Glyph names: ['.notdef', '.null', 'nonmarkingreturn', 'uni0000', 'uni0020', 'uni0022', 'uni0027', 'uni002B', 'uni002C', 'uni002D', 'uni002E', 'uni002F', 'uni0030', 'uni0031', 'uni0032', 'uni0033', 'uni0034', 'uni0035', 'uni0036', 'uni0037', 'uni0038', 'uni0039', 'uni003A', 'uni003B', 'uni0041', 'uni0042', 'uni0043', 'uni0044', 'uni0045', 'uni0046', 'uni0048', 'uni0049', 'uni004D', 'uni004E', 'uni0050', 'uni0051', 'uni0052', 'uni0053', 'uni0054', 'uni0055', 'uni0056', 'uni0057', 'uni0059', 'uni005B', 'uni005D', 'uni005F', 'uni0061', 'uni0062', 'uni0063', 'uni0064', 'uni0065', 'uni0066', 'uni0067', 'uni0068', 'uni0069', 'uni006A', 'uni006B', 'uni006C', 'uni006D', 'uni006E', 'uni006F', 'uni0070', 'uni0071', 'uni0072', 'uni0073', 'uni0074', 'uni0075', 'uni0076', 'uni0077', 'uni0078', 'uni0079', 'uni00B7', 'uni2014']", "request_id": "4572712e-d8e3-4b97-96eb-27f40d93e718"}
{"timestamp": "2026-09-09T06:50:04.714263+00:00", "level": "INFO", "logger": "fontTools.subset", "message": "Glyph IDs:   [0, 1, 2, 3, 35, 37, 42, 46, 47, 48, 49, 50, 51, 52, 53, 54, 55, 56, 57, 58, 59, 60, 61, 62, 68, 69, 70, 71, 72, 73, 75, 76, 80, 81, 83, 84, 85, 86, 87, 88, 89, 90, 92, 94, 96, 98, 100, 101, 102, 103, 104, 105, 106, 107, 108, 109, 110, 111, 112, 113, 114, 115, 116, 117, 118, 119, 120, 121, 122, 123, 124, 186, 8215]", "request_id": "4572712e-d8e3-4b97-96eb-27f40d93e718"}
{"timestamp": "2026-09-09T06:50:04.714329+00:00", "level": "INFO", "logger": "fontTools.subset", "message": "Closed glyph list over 'glyf': 73 glyphs after", "request_id": "4572712e-d8e3-4b97-96eb-27f40d93e718"}
{"timestamp": "2026-09-09T06:50:04.714349+00:00", "level": "INFO", "logger": "fontTools.subset", "message": "Glyph names: ['.notdef', '.null', 'nonmarkingreturn', 'uni0000', 'uni0020', 'uni0022', 'uni0027', 'uni002B', 'uni002C', 'uni002D', 'uni002E', 'uni002F', 'uni0030', 'uni0031', 'uni0032', 'uni0033', 'uni0034', 'uni0035', 'uni0036', 'uni0037', 'uni0038', 'uni0039', 'uni003A', 'uni003B', 'uni0041', 'uni0042', 'uni0043', 'uni0044', 'uni0045', 'uni0046', 'uni0048', 'uni0049', 'uni004D', 'uni004E', 'uni0050', 'uni0051', 'uni0052', 'uni0053', 'uni0054', 'uni0055', 'uni0056', 'uni0057', 'uni0059', 'uni005B', 'uni005D', 'uni005F', 'uni0061', 'uni0062', 'uni0063', 'uni0064', 'uni0065', 'uni0066', 'uni0067', 'uni0068', 'uni0069', 'uni006A', 'uni006B', 'uni006C', 'uni006D', 'uni006E', 'uni006F', 'uni0070', 'uni0071', 'uni0072', 'uni0073', 'uni0074', 'uni0075', 'uni0076', 'uni0077', 'uni0078', 'uni0079', 'uni00B7', 'uni2014']", "request_id": "4572712e-d8e3-4b97-96eb-27f40d93e718"}
{"timestamp": "2026-09-09T06:50:04.714410+00:00", "level": "INFO", "logger": "fontTools.subset", "message": "Glyph IDs:   [0, 1, 2, 3, 35, 37, 42, 46, 47, 48, 49, 50, 51, 52, 53, 54, 55, 56, 57, 58, 59, 60, 61, 62, 68, 69, 70, 71, 72, 73, 75, 76, 80, 81, 83, 84, 85, 86, 87, 88, 89, 90, 92, 94, 96, 98, 100, 101, 102, 103, 104, 105, 106, 107, 108, 109, 110, 111, 112, 113, 114, 115, 116, 117, 118, 119, 120, 121, 122, 123, 124, 186, 8215]", "request_id": "4572712e-d8e3-4b97-96eb-27f40d93e718"}
{"timestamp": "2026-09-09T06:50:04.715742+00:00", "level": "INFO", "logger": "fontTools.subset", "message": "Retaining 73 glyphs", "request_id": "4572712e-d8e3-4b97-96eb-27f40d93e718"}
{"timestamp": "2026-09-09T06:50:04.716218+00:00", "level": "INFO", "logger": "fontTools.subset", "message": "head subsetting not needed", "request_id": "4572712e-d8e3-4b97-96eb-27f40d93e718"}
{"timestamp": "2026-09-09T06:50:04.716241+00:00", "level": "INFO", "logger": "fontTools.subset", "message": "hhea subsetting not needed", "request_id": "4572712e-d8e3-4b97-96eb-27f40d93e718"}
{"timestamp": "2026-09-09T06:50:04.716261+00:00", "level": "INFO", "logger": "fontTools.subset", "message": "maxp subsetting not needed", "request_id": "4572712e-d8e3-4b97-96eb-27f40d93e718"}
{"timestamp": "2026-09-09T06:50:04.716285+00:00", "level": "INFO", "logger": "fontTools.subset", "message": "OS/2 subsetting not needed", "request_id": "4572712e-d8e3-4b97-96eb-27f40d93e718"}
{"timestamp": "2026-09-09T06:50:04.717077+00:00", "level": "INFO", "logger": "fontTools.subset", "message": "hmtx subsetted", "request_id": "4572712e-d8e3-4b97-96eb-27f40d93e718"}
{"timestamp": "2026-09-09T06:50:04.726578+00:00", "level": "INFO", "logger": "fontTools.subset", "message": "cmap subsetted", "request_id": "4572712e-d8e3-4b97-96eb-27f40d93e718"}
{"timestamp": "2026-09-09T06:50:04.726612+00:00", "level": "INFO", "logger": "fontTools.subset", "message": "loca subsetting not needed", "request_id": "4572712e-d8e3-4b97-96eb-27f40d93e718"}
{"timestamp": "2026-09-09T06:50:04.726719+00:00", "level": "INFO", "logger": "fontTools.subset", "message": "post subsetted", "request_id": "4572712e-d8e3-4b97-96eb-27f40d93e718"}
{"timestamp": "2026-09-09T06:50:04.726744+00:00", "level": "INFO", "logger": "fontTools.subset", "message": "gasp subsetting not needed", "request_id": "4572712e-d8e3-4b97-96eb-27f40d93e718"}
{"timestamp": "2026-09-09T06:50:04.726764+00:00", "level": "INFO", "logger": "fontTools.subset", "message": "name subsetting not needed", "request_id": "4572712e-d8e3-4b97-96eb-27f40d93e718"}
{"timestamp": "2026-09-09T06:50:04.733662+00:00", "level": "INFO", "logger": "fontTools.subset", "message": "glyf subsetted", "request_id": "4572712e-d8e3-4b97-96eb-27f40d93e718"}
{"timestamp": "2026-09-09T06:50:04.733859+00:00", "level": "INFO", "logger": "fontTools.subset", "message": "head pruned", "request_id": "4572712e-d8e3-4b97-96eb-27f40d93e718"}
{"timestamp": "2026-09-09T06:50:04.734005+00:00", "level": "INFO", "logger": "fontTools.subset", "message": "OS/2 Unicode ranges pruned: [0, 1, 31]", "request_id": "4572712e-d8e3-4b97-96eb-27f40d93e718"}
{"timestamp": "2026-09-09T06:50:04.734079+00:00", "level": "INFO", "logger": "fontTools.subset", "message": "OS/2 CodePage ranges pruned: [0]", "request_id": "4572712e-d8e3-4b97-96eb-27f40d93e718"}
{"timestamp": "2026-09-09T06:50:04.734474+00:00", "level": "INFO", "logger": "fontTools.subset", "message": "glyf pruned", "request_id": "4572712e-d8e3-4b97-96eb-27f40d93e718"}
{"timestamp": "2026-09-09T06:50:04.734627+00:00", "level": "INFO", "logger": "fontTools.subset", "message": "name pruned", "request_id": "4572712e-d8e3-4b97-96eb-27f40d93e718"}
{"timestamp": "2026-09-09T06:50:04.742403+00:00", "level": "INFO", "logger": "httpx2", "message": "HTTP Request: GET http://testserver/api/v1/personal/briefs/1113257b-41cc-45ce-8558-bd00199bcfbc/export.pdf \"HTTP/1.1 200 OK\""}
{"timestamp": "2026-09-09T06:50:04.751647+00:00", "level": "INFO", "logger": "httpx2", "message": "HTTP Request: GET http://testserver/api/v1/personal/briefs/1113257b-41cc-45ce-8558-bd00199bcfbc/claims/ac3050ee-4ebf-4af8-a8d6-34a62ef64761/evidence \"HTTP/1.1 404 Not Found\""}
{"timestamp": "2026-09-09T06:50:04.755265+00:00", "level": "INFO", "logger": "httpx2", "message": "HTTP Request: GET http://testserver/api/v1/personal/briefs/0fe333eb-afb8-43d3-885c-3164712c976d \"HTTP/1.1 404 Not Found\""}
{"timestamp": "2026-09-09T06:50:04.757584+00:00", "level": "INFO", "logger": "httpx2", "message": "HTTP Request: GET http://testserver/api/v1/personal/briefs/1113257b-41cc-45ce-8558-bd00199bcfbc \"HTTP/1.1 404 Not Found\""}
{"timestamp": "2026-09-09T06:50:04.759796+00:00", "level": "INFO", "logger": "httpx2", "message": "HTTP Request: GET http://testserver/api/v1/personal/briefs/1113257b-41cc-45ce-8558-bd00199bcfbc/claims/5086cbe5-ce6d-51eb-97b5-4222ed35cd8e/evidence \"HTTP/1.1 404 Not Found\""}
{"timestamp": "2026-09-09T06:50:04.762013+00:00", "level": "INFO", "logger": "httpx2", "message": "HTTP Request: GET http://testserver/api/v1/personal/briefs/1113257b-41cc-45ce-8558-bd00199bcfbc/export.md \"HTTP/1.1 404 Not Found\""}
{"timestamp": "2026-09-09T06:50:04.764537+00:00", "level": "INFO", "logger": "httpx2", "message": "HTTP Request: GET http://testserver/api/v1/personal/briefs/1113257b-41cc-45ce-8558-bd00199bcfbc/export.pdf \"HTTP/1.1 404 Not Found\""}
{"timestamp": "2026-09-09T06:50:04.780152+00:00", "level": "INFO", "logger": "httpx2", "message": "HTTP Request: GET http://testserver/api/v1/personal/briefs/1113257b-41cc-45ce-8558-bd00199bcfbc \"HTTP/1.1 200 OK\""}
{"timestamp": "2026-09-09T06:50:04.784442+00:00", "level": "INFO", "logger": "httpx2", "message": "HTTP Request: GET http://testserver/api/v1/personal/briefs/1113257b-41cc-45ce-8558-bd00199bcfbc/claims/5086cbe5-ce6d-51eb-97b5-4222ed35cd8e/evidence \"HTTP/1.1 200 OK\""}
{"timestamp": "2026-09-09T06:50:04.788885+00:00", "level": "INFO", "logger": "httpx2", "message": "HTTP Request: GET http://testserver/api/v1/personal/briefs/1113257b-41cc-45ce-8558-bd00199bcfbc/export.md \"HTTP/1.1 200 OK\""}
{"timestamp": "2026-09-09T06:50:04.990535+00:00", "level": "INFO", "logger": "fontTools.subset", "message": "maxp pruned", "request_id": "554f0f4d-f6bd-4d98-a989-070c245db400"}
{"timestamp": "2026-09-09T06:50:04.990647+00:00", "level": "INFO", "logger": "fontTools.subset", "message": "cmap pruned", "request_id": "554f0f4d-f6bd-4d98-a989-070c245db400"}
{"timestamp": "2026-09-09T06:50:04.990700+00:00", "level": "INFO", "logger": "fontTools.subset", "message": "post pruned", "request_id": "554f0f4d-f6bd-4d98-a989-070c245db400"}
{"timestamp": "2026-09-09T06:50:04.990729+00:00", "level": "INFO", "logger": "fontTools.subset", "message": "FFTM dropped", "request_id": "554f0f4d-f6bd-4d98-a989-070c245db400"}
{"timestamp": "2026-09-09T06:50:04.990752+00:00", "level": "INFO", "logger": "fontTools.subset", "message": "GDEF dropped", "request_id": "554f0f4d-f6bd-4d98-a989-070c245db400"}
{"timestamp": "2026-09-09T06:50:04.990794+00:00", "level": "INFO", "logger": "fontTools.subset", "message": "glyf pruned", "request_id": "554f0f4d-f6bd-4d98-a989-070c245db400"}
{"timestamp": "2026-09-09T06:50:04.994459+00:00", "level": "INFO", "logger": "fontTools.subset", "message": "Added gid0 to subset", "request_id": "554f0f4d-f6bd-4d98-a989-070c245db400"}
{"timestamp": "2026-09-09T06:50:04.994500+00:00", "level": "INFO", "logger": "fontTools.subset", "message": "Added first four glyphs to subset", "request_id": "554f0f4d-f6bd-4d98-a989-070c245db400"}
{"timestamp": "2026-09-09T06:50:04.994526+00:00", "level": "INFO", "logger": "fontTools.subset", "message": "Closing glyph list over 'glyf': 73 glyphs before", "request_id": "554f0f4d-f6bd-4d98-a989-070c245db400"}
{"timestamp": "2026-09-09T06:50:04.994550+00:00", "level": "INFO", "logger": "fontTools.subset", "message": "Glyph names: ['.notdef', '.null', 'nonmarkingreturn', 'uni0000', 'uni0020', 'uni0022', 'uni0027', 'uni002B', 'uni002C', 'uni002D', 'uni002E', 'uni002F', 'uni0030', 'uni0031', 'uni0032', 'uni0033', 'uni0034', 'uni0035', 'uni0036', 'uni0037', 'uni0038', 'uni0039', 'uni003A', 'uni003B', 'uni0041', 'uni0042', 'uni0043', 'uni0044', 'uni0045', 'uni0046', 'uni0048', 'uni0049', 'uni004D', 'uni004E', 'uni0050', 'uni0051', 'uni0052', 'uni0053', 'uni0054', 'uni0055', 'uni0056', 'uni0057', 'uni0059', 'uni005B', 'uni005D', 'uni005F', 'uni0061', 'uni0062', 'uni0063', 'uni0064', 'uni0065', 'uni0066', 'uni0067', 'uni0068', 'uni0069', 'uni006A', 'uni006B', 'uni006C', 'uni006D', 'uni006E', 'uni006F', 'uni0070', 'uni0071', 'uni0072', 'uni0073', 'uni0074', 'uni0075', 'uni0076', 'uni0077', 'uni0078', 'uni0079', 'uni00B7', 'uni2014']", "request_id": "554f0f4d-f6bd-4d98-a989-070c245db400"}
{"timestamp": "2026-09-09T06:50:04.994626+00:00", "level": "INFO", "logger": "fontTools.subset", "message": "Glyph IDs:   [0, 1, 2, 3, 35, 37, 42, 46, 47, 48, 49, 50, 51, 52, 53, 54, 55, 56, 57, 58, 59, 60, 61, 62, 68, 69, 70, 71, 72, 73, 75, 76, 80, 81, 83, 84, 85, 86, 87, 88, 89, 90, 92, 94, 96, 98, 100, 101, 102, 103, 104, 105, 106, 107, 108, 109, 110, 111, 112, 113, 114, 115, 116, 117, 118, 119, 120, 121, 122, 123, 124, 186, 8215]", "request_id": "554f0f4d-f6bd-4d98-a989-070c245db400"}
{"timestamp": "2026-09-09T06:50:04.994685+00:00", "level": "INFO", "logger": "fontTools.subset", "message": "Closed glyph list over 'glyf': 73 glyphs after", "request_id": "554f0f4d-f6bd-4d98-a989-070c245db400"}
{"timestamp": "2026-09-09T06:50:04.994705+00:00", "level": "INFO", "logger": "fontTools.subset", "message": "Glyph names: ['.notdef', '.null', 'nonmarkingreturn', 'uni0000', 'uni0020', 'uni0022', 'uni0027', 'uni002B', 'uni002C', 'uni002D', 'uni002E', 'uni002F', 'uni0030', 'uni0031', 'uni0032', 'uni0033', 'uni0034', 'uni0035', 'uni0036', 'uni0037', 'uni0038', 'uni0039', 'uni003A', 'uni003B', 'uni0041', 'uni0042', 'uni0043', 'uni0044', 'uni0045', 'uni0046', 'uni0048', 'uni0049', 'uni004D', 'uni004E', 'uni0050', 'uni0051', 'uni0052', 'uni0053', 'uni0054', 'uni0055', 'uni0056', 'uni0057', 'uni0059', 'uni005B', 'uni005D', 'uni005F', 'uni0061', 'uni0062', 'uni0063', 'uni0064', 'uni0065', 'uni0066', 'uni0067', 'uni0068', 'uni0069', 'uni006A', 'uni006B', 'uni006C', 'uni006D', 'uni006E', 'uni006F', 'uni0070', 'uni0071', 'uni0072', 'uni0073', 'uni0074', 'uni0075', 'uni0076', 'uni0077', 'uni0078', 'uni0079', 'uni00B7', 'uni2014']", "request_id": "554f0f4d-f6bd-4d98-a989-070c245db400"}
{"timestamp": "2026-09-09T06:50:04.994775+00:00", "level": "INFO", "logger": "fontTools.subset", "message": "Glyph IDs:   [0, 1, 2, 3, 35, 37, 42, 46, 47, 48, 49, 50, 51, 52, 53, 54, 55, 56, 57, 58, 59, 60, 61, 62, 68, 69, 70, 71, 72, 73, 75, 76, 80, 81, 83, 84, 85, 86, 87, 88, 89, 90, 92, 94, 96, 98, 100, 101, 102, 103, 104, 105, 106, 107, 108, 109, 110, 111, 112, 113, 114, 115, 116, 117, 118, 119, 120, 121, 122, 123, 124, 186, 8215]", "request_id": "554f0f4d-f6bd-4d98-a989-070c245db400"}
{"timestamp": "2026-09-09T06:50:04.996109+00:00", "level": "INFO", "logger": "fontTools.subset", "message": "Retaining 73 glyphs", "request_id": "554f0f4d-f6bd-4d98-a989-070c245db400"}
{"timestamp": "2026-09-09T06:50:04.996685+00:00", "level": "INFO", "logger": "fontTools.subset", "message": "head subsetting not needed", "request_id": "554f0f4d-f6bd-4d98-a989-070c245db400"}
{"timestamp": "2026-09-09T06:50:04.996719+00:00", "level": "INFO", "logger": "fontTools.subset", "message": "hhea subsetting not needed", "request_id": "554f0f4d-f6bd-4d98-a989-070c245db400"}
{"timestamp": "2026-09-09T06:50:04.996748+00:00", "level": "INFO", "logger": "fontTools.subset", "message": "maxp subsetting not needed", "request_id": "554f0f4d-f6bd-4d98-a989-070c245db400"}
{"timestamp": "2026-09-09T06:50:04.996775+00:00", "level": "INFO", "logger": "fontTools.subset", "message": "OS/2 subsetting not needed", "request_id": "554f0f4d-f6bd-4d98-a989-070c245db400"}
{"timestamp": "2026-09-09T06:50:04.997885+00:00", "level": "INFO", "logger": "fontTools.subset", "message": "hmtx subsetted", "request_id": "554f0f4d-f6bd-4d98-a989-070c245db400"}
{"timestamp": "2026-09-09T06:50:05.007710+00:00", "level": "INFO", "logger": "fontTools.subset", "message": "cmap subsetted", "request_id": "554f0f4d-f6bd-4d98-a989-070c245db400"}
{"timestamp": "2026-09-09T06:50:05.007804+00:00", "level": "INFO", "logger": "fontTools.subset", "message": "loca subsetting not needed", "request_id": "554f0f4d-f6bd-4d98-a989-070c245db400"}
{"timestamp": "2026-09-09T06:50:05.007931+00:00", "level": "INFO", "logger": "fontTools.subset", "message": "post subsetted", "request_id": "554f0f4d-f6bd-4d98-a989-070c245db400"}
{"timestamp": "2026-09-09T06:50:05.007961+00:00", "level": "INFO", "logger": "fontTools.subset", "message": "gasp subsetting not needed", "request_id": "554f0f4d-f6bd-4d98-a989-070c245db400"}
{"timestamp": "2026-09-09T06:50:05.007985+00:00", "level": "INFO", "logger": "fontTools.subset", "message": "name subsetting not needed", "request_id": "554f0f4d-f6bd-4d98-a989-070c245db400"}
{"timestamp": "2026-09-09T06:50:05.014975+00:00", "level": "INFO", "logger": "fontTools.subset", "message": "glyf subsetted", "request_id": "554f0f4d-f6bd-4d98-a989-070c245db400"}
{"timestamp": "2026-09-09T06:50:05.015309+00:00", "level": "INFO", "logger": "fontTools.subset", "message": "head pruned", "request_id": "554f0f4d-f6bd-4d98-a989-070c245db400"}
{"timestamp": "2026-09-09T06:50:05.015411+00:00", "level": "INFO", "logger": "fontTools.subset", "message": "OS/2 Unicode ranges pruned: [0, 1, 31]", "request_id": "554f0f4d-f6bd-4d98-a989-070c245db400"}
{"timestamp": "2026-09-09T06:50:05.015486+00:00", "level": "INFO", "logger": "fontTools.subset", "message": "OS/2 CodePage ranges pruned: [0]", "request_id": "554f0f4d-f6bd-4d98-a989-070c245db400"}
{"timestamp": "2026-09-09T06:50:05.015842+00:00", "level": "INFO", "logger": "fontTools.subset", "message": "glyf pruned", "request_id": "554f0f4d-f6bd-4d98-a989-070c245db400"}
{"timestamp": "2026-09-09T06:50:05.015993+00:00", "level": "INFO", "logger": "fontTools.subset", "message": "name pruned", "request_id": "554f0f4d-f6bd-4d98-a989-070c245db400"}
{"timestamp": "2026-09-09T06:50:05.023673+00:00", "level": "INFO", "logger": "httpx2", "message": "HTTP Request: GET http://testserver/api/v1/personal/briefs/1113257b-41cc-45ce-8558-bd00199bcfbc/export.pdf \"HTTP/1.1 200 OK\""}
{"timestamp": "2026-09-09T06:50:05.028987+00:00", "level": "INFO", "logger": "httpx2", "message": "HTTP Request: GET http://testserver/api/v1/personal/briefs/a88721ff-ec9f-40f5-af6b-248d21340e6a \"HTTP/1.1 404 Not Found\""}
{"timestamp": "2026-09-09T06:50:05.033562+00:00", "level": "INFO", "logger": "httpx2", "message": "HTTP Request: GET http://testserver/api/v1/personal/briefs/a88721ff-ec9f-40f5-af6b-248d21340e6a/claims/5086cbe5-ce6d-51eb-97b5-4222ed35cd8e/evidence \"HTTP/1.1 404 Not Found\""}
{"timestamp": "2026-09-09T06:50:05.037692+00:00", "level": "INFO", "logger": "httpx2", "message": "HTTP Request: GET http://testserver/api/v1/personal/briefs/a88721ff-ec9f-40f5-af6b-248d21340e6a/export.md \"HTTP/1.1 404 Not Found\""}
{"timestamp": "2026-09-09T06:50:05.041415+00:00", "level": "INFO", "logger": "httpx2", "message": "HTTP Request: GET http://testserver/api/v1/personal/briefs/a88721ff-ec9f-40f5-af6b-248d21340e6a/export.pdf \"HTTP/1.1 404 Not Found\""}
{"timestamp": "2026-09-09T06:50:05.045374+00:00", "level": "INFO", "logger": "httpx2", "message": "HTTP Request: GET http://testserver/api/v1/personal/briefs/753d3ad6-c5b3-4c0e-918f-1469fd45f77d \"HTTP/1.1 404 Not Found\""}
{"timestamp": "2026-09-09T06:50:05.049299+00:00", "level": "INFO", "logger": "httpx2", "message": "HTTP Request: GET http://testserver/api/v1/personal/briefs/753d3ad6-c5b3-4c0e-918f-1469fd45f77d/claims/5086cbe5-ce6d-51eb-97b5-4222ed35cd8e/evidence \"HTTP/1.1 404 Not Found\""}
{"timestamp": "2026-09-09T06:50:05.053936+00:00", "level": "INFO", "logger": "httpx2", "message": "HTTP Request: GET http://testserver/api/v1/personal/briefs/753d3ad6-c5b3-4c0e-918f-1469fd45f77d/export.md \"HTTP/1.1 404 Not Found\""}
{"timestamp": "2026-09-09T06:50:05.057522+00:00", "level": "INFO", "logger": "httpx2", "message": "HTTP Request: GET http://testserver/api/v1/personal/briefs/753d3ad6-c5b3-4c0e-918f-1469fd45f77d/export.pdf \"HTTP/1.1 404 Not Found\""}
{"timestamp": "2026-09-09T06:50:05.063357+00:00", "level": "INFO", "logger": "httpx2", "message": "HTTP Request: GET http://testserver/api/v1/personal/briefs \"HTTP/1.1 200 OK\""}
{"case": "immutable_report_api", "status": "PASS", "result": {"generated_report": "1113257b-41cc-45ce-8558-bd00199bcfbc", "provider_calls": 4, "published_only_exact_reads": true, "foreign_workspace_and_uncited_existing_claim_404": true, "mutable_source_changes_leave_detail_evidence_md_pdf_byte_identical": true, "private_config_filtered": true, "missing_coverage_not_zero": true}, "changed_files": {}}
{"timestamp": "2026-09-09T06:50:06.845647+00:00", "level": "INFO", "logger": "apps.api", "message": "api initialized", "env": "test"}
{"timestamp": "2026-09-09T06:50:06.902853+00:00", "level": "INFO", "logger": "httpx2", "message": "HTTP Request: GET http://testserver/api/v1/personal/briefs/c8877cc0-52df-4dcd-b962-1bba6e9e6e11 \"HTTP/1.1 200 OK\""}
{"timestamp": "2026-09-09T06:50:06.913633+00:00", "level": "INFO", "logger": "httpx2", "message": "HTTP Request: GET http://testserver/api/v1/personal/briefs/c8877cc0-52df-4dcd-b962-1bba6e9e6e11/export.md \"HTTP/1.1 200 OK\""}
{"timestamp": "2026-09-09T06:50:07.073014+00:00", "level": "INFO", "logger": "fontTools.subset", "message": "maxp pruned", "request_id": "02b151ef-5e05-46b2-a854-ab2f760cb7ec"}
{"timestamp": "2026-09-09T06:50:07.073131+00:00", "level": "INFO", "logger": "fontTools.subset", "message": "cmap pruned", "request_id": "02b151ef-5e05-46b2-a854-ab2f760cb7ec"}
{"timestamp": "2026-09-09T06:50:07.073179+00:00", "level": "INFO", "logger": "fontTools.subset", "message": "post pruned", "request_id": "02b151ef-5e05-46b2-a854-ab2f760cb7ec"}
{"timestamp": "2026-09-09T06:50:07.073205+00:00", "level": "INFO", "logger": "fontTools.subset", "message": "FFTM dropped", "request_id": "02b151ef-5e05-46b2-a854-ab2f760cb7ec"}
{"timestamp": "2026-09-09T06:50:07.073226+00:00", "level": "INFO", "logger": "fontTools.subset", "message": "GDEF dropped", "request_id": "02b151ef-5e05-46b2-a854-ab2f760cb7ec"}
{"timestamp": "2026-09-09T06:50:07.073278+00:00", "level": "INFO", "logger": "fontTools.subset", "message": "glyf pruned", "request_id": "02b151ef-5e05-46b2-a854-ab2f760cb7ec"}
{"timestamp": "2026-09-09T06:50:07.076640+00:00", "level": "INFO", "logger": "fontTools.subset", "message": "Added gid0 to subset", "request_id": "02b151ef-5e05-46b2-a854-ab2f760cb7ec"}
{"timestamp": "2026-09-09T06:50:07.076679+00:00", "level": "INFO", "logger": "fontTools.subset", "message": "Added first four glyphs to subset", "request_id": "02b151ef-5e05-46b2-a854-ab2f760cb7ec"}
{"timestamp": "2026-09-09T06:50:07.076707+00:00", "level": "INFO", "logger": "fontTools.subset", "message": "Closing glyph list over 'glyf': 73 glyphs before", "request_id": "02b151ef-5e05-46b2-a854-ab2f760cb7ec"}
{"timestamp": "2026-09-09T06:50:07.076733+00:00", "level": "INFO", "logger": "fontTools.subset", "message": "Glyph names: ['.notdef', '.null', 'nonmarkingreturn', 'uni0000', 'uni0020', 'uni0022', 'uni0027', 'uni002B', 'uni002C', 'uni002D', 'uni002E', 'uni002F', 'uni0030', 'uni0031', 'uni0032', 'uni0033', 'uni0034', 'uni0035', 'uni0036', 'uni0037', 'uni0038', 'uni0039', 'uni003A', 'uni003B', 'uni0041', 'uni0042', 'uni0043', 'uni0044', 'uni0045', 'uni0046', 'uni0048', 'uni0049', 'uni004D', 'uni004E', 'uni0050', 'uni0051', 'uni0052', 'uni0053', 'uni0054', 'uni0055', 'uni0056', 'uni0057', 'uni0059', 'uni005B', 'uni005D', 'uni005F', 'uni0061', 'uni0062', 'uni0063', 'uni0064', 'uni0065', 'uni0066', 'uni0067', 'uni0068', 'uni0069', 'uni006A', 'uni006B', 'uni006C', 'uni006D', 'uni006E', 'uni006F', 'uni0070', 'uni0071', 'uni0072', 'uni0073', 'uni0074', 'uni0075', 'uni0076', 'uni0077', 'uni0078', 'uni0079', 'uni00B7', 'uni2014']", "request_id": "02b151ef-5e05-46b2-a854-ab2f760cb7ec"}
{"timestamp": "2026-09-09T06:50:07.076806+00:00", "level": "INFO", "logger": "fontTools.subset", "message": "Glyph IDs:   [0, 1, 2, 3, 35, 37, 42, 46, 47, 48, 49, 50, 51, 52, 53, 54, 55, 56, 57, 58, 59, 60, 61, 62, 68, 69, 70, 71, 72, 73, 75, 76, 80, 81, 83, 84, 85, 86, 87, 88, 89, 90, 92, 94, 96, 98, 100, 101, 102, 103, 104, 105, 106, 107, 108, 109, 110, 111, 112, 113, 114, 115, 116, 117, 118, 119, 120, 121, 122, 123, 124, 186, 8215]", "request_id": "02b151ef-5e05-46b2-a854-ab2f760cb7ec"}
{"timestamp": "2026-09-09T06:50:07.076864+00:00", "level": "INFO", "logger": "fontTools.subset", "message": "Closed glyph list over 'glyf': 73 glyphs after", "request_id": "02b151ef-5e05-46b2-a854-ab2f760cb7ec"}
{"timestamp": "2026-09-09T06:50:07.076883+00:00", "level": "INFO", "logger": "fontTools.subset", "message": "Glyph names: ['.notdef', '.null', 'nonmarkingreturn', 'uni0000', 'uni0020', 'uni0022', 'uni0027', 'uni002B', 'uni002C', 'uni002D', 'uni002E', 'uni002F', 'uni0030', 'uni0031', 'uni0032', 'uni0033', 'uni0034', 'uni0035', 'uni0036', 'uni0037', 'uni0038', 'uni0039', 'uni003A', 'uni003B', 'uni0041', 'uni0042', 'uni0043', 'uni0044', 'uni0045', 'uni0046', 'uni0048', 'uni0049', 'uni004D', 'uni004E', 'uni0050', 'uni0051', 'uni0052', 'uni0053', 'uni0054', 'uni0055', 'uni0056', 'uni0057', 'uni0059', 'uni005B', 'uni005D', 'uni005F', 'uni0061', 'uni0062', 'uni0063', 'uni0064', 'uni0065', 'uni0066', 'uni0067', 'uni0068', 'uni0069', 'uni006A', 'uni006B', 'uni006C', 'uni006D', 'uni006E', 'uni006F', 'uni0070', 'uni0071', 'uni0072', 'uni0073', 'uni0074', 'uni0075', 'uni0076', 'uni0077', 'uni0078', 'uni0079', 'uni00B7', 'uni2014']", "request_id": "02b151ef-5e05-46b2-a854-ab2f760cb7ec"}
{"timestamp": "2026-09-09T06:50:07.076941+00:00", "level": "INFO", "logger": "fontTools.subset", "message": "Glyph IDs:   [0, 1, 2, 3, 35, 37, 42, 46, 47, 48, 49, 50, 51, 52, 53, 54, 55, 56, 57, 58, 59, 60, 61, 62, 68, 69, 70, 71, 72, 73, 75, 76, 80, 81, 83, 84, 85, 86, 87, 88, 89, 90, 92, 94, 96, 98, 100, 101, 102, 103, 104, 105, 106, 107, 108, 109, 110, 111, 112, 113, 114, 115, 116, 117, 118, 119, 120, 121, 122, 123, 124, 186, 8215]", "request_id": "02b151ef-5e05-46b2-a854-ab2f760cb7ec"}
{"timestamp": "2026-09-09T06:50:07.078253+00:00", "level": "INFO", "logger": "fontTools.subset", "message": "Retaining 73 glyphs", "request_id": "02b151ef-5e05-46b2-a854-ab2f760cb7ec"}
{"timestamp": "2026-09-09T06:50:07.078733+00:00", "level": "INFO", "logger": "fontTools.subset", "message": "head subsetting not needed", "request_id": "02b151ef-5e05-46b2-a854-ab2f760cb7ec"}
{"timestamp": "2026-09-09T06:50:07.078755+00:00", "level": "INFO", "logger": "fontTools.subset", "message": "hhea subsetting not needed", "request_id": "02b151ef-5e05-46b2-a854-ab2f760cb7ec"}
{"timestamp": "2026-09-09T06:50:07.078776+00:00", "level": "INFO", "logger": "fontTools.subset", "message": "maxp subsetting not needed", "request_id": "02b151ef-5e05-46b2-a854-ab2f760cb7ec"}
{"timestamp": "2026-09-09T06:50:07.078798+00:00", "level": "INFO", "logger": "fontTools.subset", "message": "OS/2 subsetting not needed", "request_id": "02b151ef-5e05-46b2-a854-ab2f760cb7ec"}
{"timestamp": "2026-09-09T06:50:07.079600+00:00", "level": "INFO", "logger": "fontTools.subset", "message": "hmtx subsetted", "request_id": "02b151ef-5e05-46b2-a854-ab2f760cb7ec"}
{"timestamp": "2026-09-09T06:50:07.089073+00:00", "level": "INFO", "logger": "fontTools.subset", "message": "cmap subsetted", "request_id": "02b151ef-5e05-46b2-a854-ab2f760cb7ec"}
{"timestamp": "2026-09-09T06:50:07.089129+00:00", "level": "INFO", "logger": "fontTools.subset", "message": "loca subsetting not needed", "request_id": "02b151ef-5e05-46b2-a854-ab2f760cb7ec"}
{"timestamp": "2026-09-09T06:50:07.089222+00:00", "level": "INFO", "logger": "fontTools.subset", "message": "post subsetted", "request_id": "02b151ef-5e05-46b2-a854-ab2f760cb7ec"}
{"timestamp": "2026-09-09T06:50:07.089246+00:00", "level": "INFO", "logger": "fontTools.subset", "message": "gasp subsetting not needed", "request_id": "02b151ef-5e05-46b2-a854-ab2f760cb7ec"}
{"timestamp": "2026-09-09T06:50:07.089267+00:00", "level": "INFO", "logger": "fontTools.subset", "message": "name subsetting not needed", "request_id": "02b151ef-5e05-46b2-a854-ab2f760cb7ec"}
{"timestamp": "2026-09-09T06:50:07.095700+00:00", "level": "INFO", "logger": "fontTools.subset", "message": "glyf subsetted", "request_id": "02b151ef-5e05-46b2-a854-ab2f760cb7ec"}
{"timestamp": "2026-09-09T06:50:07.095966+00:00", "level": "INFO", "logger": "fontTools.subset", "message": "head pruned", "request_id": "02b151ef-5e05-46b2-a854-ab2f760cb7ec"}
{"timestamp": "2026-09-09T06:50:07.096063+00:00", "level": "INFO", "logger": "fontTools.subset", "message": "OS/2 Unicode ranges pruned: [0, 1, 31]", "request_id": "02b151ef-5e05-46b2-a854-ab2f760cb7ec"}
{"timestamp": "2026-09-09T06:50:07.096136+00:00", "level": "INFO", "logger": "fontTools.subset", "message": "OS/2 CodePage ranges pruned: [0]", "request_id": "02b151ef-5e05-46b2-a854-ab2f760cb7ec"}
{"timestamp": "2026-09-09T06:50:07.096480+00:00", "level": "INFO", "logger": "fontTools.subset", "message": "glyf pruned", "request_id": "02b151ef-5e05-46b2-a854-ab2f760cb7ec"}
{"timestamp": "2026-09-09T06:50:07.096600+00:00", "level": "INFO", "logger": "fontTools.subset", "message": "name pruned", "request_id": "02b151ef-5e05-46b2-a854-ab2f760cb7ec"}
{"timestamp": "2026-09-09T06:50:07.105538+00:00", "level": "INFO", "logger": "httpx2", "message": "HTTP Request: GET http://testserver/api/v1/personal/briefs/c8877cc0-52df-4dcd-b962-1bba6e9e6e11/export.pdf \"HTTP/1.1 200 OK\""}
{"timestamp": "2026-09-09T06:50:07.118533+00:00", "level": "INFO", "logger": "httpx2", "message": "HTTP Request: GET http://testserver/api/v1/personal/briefs/c8877cc0-52df-4dcd-b962-1bba6e9e6e11 \"HTTP/1.1 200 OK\""}
{"timestamp": "2026-09-09T06:50:07.126395+00:00", "level": "INFO", "logger": "httpx2", "message": "HTTP Request: GET http://testserver/api/v1/personal/briefs/c8877cc0-52df-4dcd-b962-1bba6e9e6e11/claims/5086cbe5-ce6d-51eb-97b5-4222ed35cd8e/evidence \"HTTP/1.1 200 OK\""}
{"timestamp": "2026-09-09T06:50:07.134673+00:00", "level": "INFO", "logger": "httpx2", "message": "HTTP Request: GET http://testserver/api/v1/personal/briefs/c8877cc0-52df-4dcd-b962-1bba6e9e6e11/claims/3015e92a-be25-5774-8cd9-574723109d8f/evidence \"HTTP/1.1 200 OK\""}
{"timestamp": "2026-09-09T06:50:07.142645+00:00", "level": "INFO", "logger": "httpx2", "message": "HTTP Request: GET http://testserver/api/v1/personal/briefs/c8877cc0-52df-4dcd-b962-1bba6e9e6e11 \"HTTP/1.1 200 OK\""}
{"timestamp": "2026-09-09T06:50:07.152122+00:00", "level": "INFO", "logger": "httpx2", "message": "HTTP Request: GET http://testserver/api/v1/personal/briefs/c8877cc0-52df-4dcd-b962-1bba6e9e6e11/export.md \"HTTP/1.1 200 OK\""}
{"timestamp": "2026-09-09T06:50:07.366131+00:00", "level": "INFO", "logger": "fontTools.subset", "message": "maxp pruned", "request_id": "99fa6985-367d-424b-aaa9-07ee02c5f9e2"}
{"timestamp": "2026-09-09T06:50:07.366256+00:00", "level": "INFO", "logger": "fontTools.subset", "message": "cmap pruned", "request_id": "99fa6985-367d-424b-aaa9-07ee02c5f9e2"}
{"timestamp": "2026-09-09T06:50:07.366309+00:00", "level": "INFO", "logger": "fontTools.subset", "message": "post pruned", "request_id": "99fa6985-367d-424b-aaa9-07ee02c5f9e2"}
{"timestamp": "2026-09-09T06:50:07.366337+00:00", "level": "INFO", "logger": "fontTools.subset", "message": "FFTM dropped", "request_id": "99fa6985-367d-424b-aaa9-07ee02c5f9e2"}
{"timestamp": "2026-09-09T06:50:07.366359+00:00", "level": "INFO", "logger": "fontTools.subset", "message": "GDEF dropped", "request_id": "99fa6985-367d-424b-aaa9-07ee02c5f9e2"}
{"timestamp": "2026-09-09T06:50:07.366396+00:00", "level": "INFO", "logger": "fontTools.subset", "message": "glyf pruned", "request_id": "99fa6985-367d-424b-aaa9-07ee02c5f9e2"}
{"timestamp": "2026-09-09T06:50:07.369678+00:00", "level": "INFO", "logger": "fontTools.subset", "message": "Added gid0 to subset", "request_id": "99fa6985-367d-424b-aaa9-07ee02c5f9e2"}
{"timestamp": "2026-09-09T06:50:07.369718+00:00", "level": "INFO", "logger": "fontTools.subset", "message": "Added first four glyphs to subset", "request_id": "99fa6985-367d-424b-aaa9-07ee02c5f9e2"}
{"timestamp": "2026-09-09T06:50:07.369744+00:00", "level": "INFO", "logger": "fontTools.subset", "message": "Closing glyph list over 'glyf': 73 glyphs before", "request_id": "99fa6985-367d-424b-aaa9-07ee02c5f9e2"}
{"timestamp": "2026-09-09T06:50:07.369767+00:00", "level": "INFO", "logger": "fontTools.subset", "message": "Glyph names: ['.notdef', '.null', 'nonmarkingreturn', 'uni0000', 'uni0020', 'uni0022', 'uni0027', 'uni002B', 'uni002C', 'uni002D', 'uni002E', 'uni002F', 'uni0030', 'uni0031', 'uni0032', 'uni0033', 'uni0034', 'uni0035', 'uni0036', 'uni0037', 'uni0038', 'uni0039', 'uni003A', 'uni003B', 'uni0041', 'uni0042', 'uni0043', 'uni0044', 'uni0045', 'uni0046', 'uni0048', 'uni0049', 'uni004D', 'uni004E', 'uni0050', 'uni0051', 'uni0052', 'uni0053', 'uni0054', 'uni0055', 'uni0056', 'uni0057', 'uni0059', 'uni005B', 'uni005D', 'uni005F', 'uni0061', 'uni0062', 'uni0063', 'uni0064', 'uni0065', 'uni0066', 'uni0067', 'uni0068', 'uni0069', 'uni006A', 'uni006B', 'uni006C', 'uni006D', 'uni006E', 'uni006F', 'uni0070', 'uni0071', 'uni0072', 'uni0073', 'uni0074', 'uni0075', 'uni0076', 'uni0077', 'uni0078', 'uni0079', 'uni00B7', 'uni2014']", "request_id": "99fa6985-367d-424b-aaa9-07ee02c5f9e2"}
{"timestamp": "2026-09-09T06:50:07.369840+00:00", "level": "INFO", "logger": "fontTools.subset", "message": "Glyph IDs:   [0, 1, 2, 3, 35, 37, 42, 46, 47, 48, 49, 50, 51, 52, 53, 54, 55, 56, 57, 58, 59, 60, 61, 62, 68, 69, 70, 71, 72, 73, 75, 76, 80, 81, 83, 84, 85, 86, 87, 88, 89, 90, 92, 94, 96, 98, 100, 101, 102, 103, 104, 105, 106, 107, 108, 109, 110, 111, 112, 113, 114, 115, 116, 117, 118, 119, 120, 121, 122, 123, 124, 186, 8215]", "request_id": "99fa6985-367d-424b-aaa9-07ee02c5f9e2"}
{"timestamp": "2026-09-09T06:50:07.369896+00:00", "level": "INFO", "logger": "fontTools.subset", "message": "Closed glyph list over 'glyf': 73 glyphs after", "request_id": "99fa6985-367d-424b-aaa9-07ee02c5f9e2"}
{"timestamp": "2026-09-09T06:50:07.369915+00:00", "level": "INFO", "logger": "fontTools.subset", "message": "Glyph names: ['.notdef', '.null', 'nonmarkingreturn', 'uni0000', 'uni0020', 'uni0022', 'uni0027', 'uni002B', 'uni002C', 'uni002D', 'uni002E', 'uni002F', 'uni0030', 'uni0031', 'uni0032', 'uni0033', 'uni0034', 'uni0035', 'uni0036', 'uni0037', 'uni0038', 'uni0039', 'uni003A', 'uni003B', 'uni0041', 'uni0042', 'uni0043', 'uni0044', 'uni0045', 'uni0046', 'uni0048', 'uni0049', 'uni004D', 'uni004E', 'uni0050', 'uni0051', 'uni0052', 'uni0053', 'uni0054', 'uni0055', 'uni0056', 'uni0057', 'uni0059', 'uni005B', 'uni005D', 'uni005F', 'uni0061', 'uni0062', 'uni0063', 'uni0064', 'uni0065', 'uni0066', 'uni0067', 'uni0068', 'uni0069', 'uni006A', 'uni006B', 'uni006C', 'uni006D', 'uni006E', 'uni006F', 'uni0070', 'uni0071', 'uni0072', 'uni0073', 'uni0074', 'uni0075', 'uni0076', 'uni0077', 'uni0078', 'uni0079', 'uni00B7', 'uni2014']", "request_id": "99fa6985-367d-424b-aaa9-07ee02c5f9e2"}
{"timestamp": "2026-09-09T06:50:07.369984+00:00", "level": "INFO", "logger": "fontTools.subset", "message": "Glyph IDs:   [0, 1, 2, 3, 35, 37, 42, 46, 47, 48, 49, 50, 51, 52, 53, 54, 55, 56, 57, 58, 59, 60, 61, 62, 68, 69, 70, 71, 72, 73, 75, 76, 80, 81, 83, 84, 85, 86, 87, 88, 89, 90, 92, 94, 96, 98, 100, 101, 102, 103, 104, 105, 106, 107, 108, 109, 110, 111, 112, 113, 114, 115, 116, 117, 118, 119, 120, 121, 122, 123, 124, 186, 8215]", "request_id": "99fa6985-367d-424b-aaa9-07ee02c5f9e2"}
{"timestamp": "2026-09-09T06:50:07.371336+00:00", "level": "INFO", "logger": "fontTools.subset", "message": "Retaining 73 glyphs", "request_id": "99fa6985-367d-424b-aaa9-07ee02c5f9e2"}
{"timestamp": "2026-09-09T06:50:07.371809+00:00", "level": "INFO", "logger": "fontTools.subset", "message": "head subsetting not needed", "request_id": "99fa6985-367d-424b-aaa9-07ee02c5f9e2"}
{"timestamp": "2026-09-09T06:50:07.371831+00:00", "level": "INFO", "logger": "fontTools.subset", "message": "hhea subsetting not needed", "request_id": "99fa6985-367d-424b-aaa9-07ee02c5f9e2"}
{"timestamp": "2026-09-09T06:50:07.371851+00:00", "level": "INFO", "logger": "fontTools.subset", "message": "maxp subsetting not needed", "request_id": "99fa6985-367d-424b-aaa9-07ee02c5f9e2"}
{"timestamp": "2026-09-09T06:50:07.371873+00:00", "level": "INFO", "logger": "fontTools.subset", "message": "OS/2 subsetting not needed", "request_id": "99fa6985-367d-424b-aaa9-07ee02c5f9e2"}
{"timestamp": "2026-09-09T06:50:07.372717+00:00", "level": "INFO", "logger": "fontTools.subset", "message": "hmtx subsetted", "request_id": "99fa6985-367d-424b-aaa9-07ee02c5f9e2"}
{"timestamp": "2026-09-09T06:50:07.382072+00:00", "level": "INFO", "logger": "fontTools.subset", "message": "cmap subsetted", "request_id": "99fa6985-367d-424b-aaa9-07ee02c5f9e2"}
{"timestamp": "2026-09-09T06:50:07.382102+00:00", "level": "INFO", "logger": "fontTools.subset", "message": "loca subsetting not needed", "request_id": "99fa6985-367d-424b-aaa9-07ee02c5f9e2"}
{"timestamp": "2026-09-09T06:50:07.382183+00:00", "level": "INFO", "logger": "fontTools.subset", "message": "post subsetted", "request_id": "99fa6985-367d-424b-aaa9-07ee02c5f9e2"}
{"timestamp": "2026-09-09T06:50:07.382203+00:00", "level": "INFO", "logger": "fontTools.subset", "message": "gasp subsetting not needed", "request_id": "99fa6985-367d-424b-aaa9-07ee02c5f9e2"}
{"timestamp": "2026-09-09T06:50:07.382222+00:00", "level": "INFO", "logger": "fontTools.subset", "message": "name subsetting not needed", "request_id": "99fa6985-367d-424b-aaa9-07ee02c5f9e2"}
{"timestamp": "2026-09-09T06:50:07.388602+00:00", "level": "INFO", "logger": "fontTools.subset", "message": "glyf subsetted", "request_id": "99fa6985-367d-424b-aaa9-07ee02c5f9e2"}
{"timestamp": "2026-09-09T06:50:07.388788+00:00", "level": "INFO", "logger": "fontTools.subset", "message": "head pruned", "request_id": "99fa6985-367d-424b-aaa9-07ee02c5f9e2"}
{"timestamp": "2026-09-09T06:50:07.388874+00:00", "level": "INFO", "logger": "fontTools.subset", "message": "OS/2 Unicode ranges pruned: [0, 1, 31]", "request_id": "99fa6985-367d-424b-aaa9-07ee02c5f9e2"}
{"timestamp": "2026-09-09T06:50:07.388943+00:00", "level": "INFO", "logger": "fontTools.subset", "message": "OS/2 CodePage ranges pruned: [0]", "request_id": "99fa6985-367d-424b-aaa9-07ee02c5f9e2"}
{"timestamp": "2026-09-09T06:50:07.389287+00:00", "level": "INFO", "logger": "fontTools.subset", "message": "glyf pruned", "request_id": "99fa6985-367d-424b-aaa9-07ee02c5f9e2"}
{"timestamp": "2026-09-09T06:50:07.389415+00:00", "level": "INFO", "logger": "fontTools.subset", "message": "name pruned", "request_id": "99fa6985-367d-424b-aaa9-07ee02c5f9e2"}
{"timestamp": "2026-09-09T06:50:07.397835+00:00", "level": "INFO", "logger": "httpx2", "message": "HTTP Request: GET http://testserver/api/v1/personal/briefs/c8877cc0-52df-4dcd-b962-1bba6e9e6e11/export.pdf \"HTTP/1.1 200 OK\""}
{"timestamp": "2026-09-09T06:50:07.418312+00:00", "level": "INFO", "logger": "httpx2", "message": "HTTP Request: GET http://testserver/api/v1/personal/briefs/c8877cc0-52df-4dcd-b962-1bba6e9e6e11 \"HTTP/1.1 200 OK\""}
{"timestamp": "2026-09-09T06:50:07.427108+00:00", "level": "INFO", "logger": "httpx2", "message": "HTTP Request: GET http://testserver/api/v1/personal/briefs/c8877cc0-52df-4dcd-b962-1bba6e9e6e11/export.md \"HTTP/1.1 200 OK\""}
{"timestamp": "2026-09-09T06:50:07.646594+00:00", "level": "INFO", "logger": "fontTools.subset", "message": "maxp pruned", "request_id": "faaf898c-a57a-477a-824b-cfcb012722af"}
{"timestamp": "2026-09-09T06:50:07.646723+00:00", "level": "INFO", "logger": "fontTools.subset", "message": "cmap pruned", "request_id": "faaf898c-a57a-477a-824b-cfcb012722af"}
{"timestamp": "2026-09-09T06:50:07.646776+00:00", "level": "INFO", "logger": "fontTools.subset", "message": "post pruned", "request_id": "faaf898c-a57a-477a-824b-cfcb012722af"}
{"timestamp": "2026-09-09T06:50:07.646806+00:00", "level": "INFO", "logger": "fontTools.subset", "message": "FFTM dropped", "request_id": "faaf898c-a57a-477a-824b-cfcb012722af"}
{"timestamp": "2026-09-09T06:50:07.646830+00:00", "level": "INFO", "logger": "fontTools.subset", "message": "GDEF dropped", "request_id": "faaf898c-a57a-477a-824b-cfcb012722af"}
{"timestamp": "2026-09-09T06:50:07.646872+00:00", "level": "INFO", "logger": "fontTools.subset", "message": "glyf pruned", "request_id": "faaf898c-a57a-477a-824b-cfcb012722af"}
{"timestamp": "2026-09-09T06:50:07.650449+00:00", "level": "INFO", "logger": "fontTools.subset", "message": "Added gid0 to subset", "request_id": "faaf898c-a57a-477a-824b-cfcb012722af"}
{"timestamp": "2026-09-09T06:50:07.650498+00:00", "level": "INFO", "logger": "fontTools.subset", "message": "Added first four glyphs to subset", "request_id": "faaf898c-a57a-477a-824b-cfcb012722af"}
{"timestamp": "2026-09-09T06:50:07.650530+00:00", "level": "INFO", "logger": "fontTools.subset", "message": "Closing glyph list over 'glyf': 73 glyphs before", "request_id": "faaf898c-a57a-477a-824b-cfcb012722af"}
{"timestamp": "2026-09-09T06:50:07.650556+00:00", "level": "INFO", "logger": "fontTools.subset", "message": "Glyph names: ['.notdef', '.null', 'nonmarkingreturn', 'uni0000', 'uni0020', 'uni0022', 'uni0027', 'uni002B', 'uni002C', 'uni002D', 'uni002E', 'uni002F', 'uni0030', 'uni0031', 'uni0032', 'uni0033', 'uni0034', 'uni0035', 'uni0036', 'uni0037', 'uni0038', 'uni0039', 'uni003A', 'uni003B', 'uni0041', 'uni0042', 'uni0043', 'uni0044', 'uni0045', 'uni0046', 'uni0048', 'uni0049', 'uni004D', 'uni004E', 'uni0050', 'uni0051', 'uni0052', 'uni0053', 'uni0054', 'uni0055', 'uni0056', 'uni0057', 'uni0059', 'uni005B', 'uni005D', 'uni005F', 'uni0061', 'uni0062', 'uni0063', 'uni0064', 'uni0065', 'uni0066', 'uni0067', 'uni0068', 'uni0069', 'uni006A', 'uni006B', 'uni006C', 'uni006D', 'uni006E', 'uni006F', 'uni0070', 'uni0071', 'uni0072', 'uni0073', 'uni0074', 'uni0075', 'uni0076', 'uni0077', 'uni0078', 'uni0079', 'uni00B7', 'uni2014']", "request_id": "faaf898c-a57a-477a-824b-cfcb012722af"}
{"timestamp": "2026-09-09T06:50:07.650637+00:00", "level": "INFO", "logger": "fontTools.subset", "message": "Glyph IDs:   [0, 1, 2, 3, 35, 37, 42, 46, 47, 48, 49, 50, 51, 52, 53, 54, 55, 56, 57, 58, 59, 60, 61, 62, 68, 69, 70, 71, 72, 73, 75, 76, 80, 81, 83, 84, 85, 86, 87, 88, 89, 90, 92, 94, 96, 98, 100, 101, 102, 103, 104, 105, 106, 107, 108, 109, 110, 111, 112, 113, 114, 115, 116, 117, 118, 119, 120, 121, 122, 123, 124, 186, 8215]", "request_id": "faaf898c-a57a-477a-824b-cfcb012722af"}
{"timestamp": "2026-09-09T06:50:07.650701+00:00", "level": "INFO", "logger": "fontTools.subset", "message": "Closed glyph list over 'glyf': 73 glyphs after", "request_id": "faaf898c-a57a-477a-824b-cfcb012722af"}
{"timestamp": "2026-09-09T06:50:07.650739+00:00", "level": "INFO", "logger": "fontTools.subset", "message": "Glyph names: ['.notdef', '.null', 'nonmarkingreturn', 'uni0000', 'uni0020', 'uni0022', 'uni0027', 'uni002B', 'uni002C', 'uni002D', 'uni002E', 'uni002F', 'uni0030', 'uni0031', 'uni0032', 'uni0033', 'uni0034', 'uni0035', 'uni0036', 'uni0037', 'uni0038', 'uni0039', 'uni003A', 'uni003B', 'uni0041', 'uni0042', 'uni0043', 'uni0044', 'uni0045', 'uni0046', 'uni0048', 'uni0049', 'uni004D', 'uni004E', 'uni0050', 'uni0051', 'uni0052', 'uni0053', 'uni0054', 'uni0055', 'uni0056', 'uni0057', 'uni0059', 'uni005B', 'uni005D', 'uni005F', 'uni0061', 'uni0062', 'uni0063', 'uni0064', 'uni0065', 'uni0066', 'uni0067', 'uni0068', 'uni0069', 'uni006A', 'uni006B', 'uni006C', 'uni006D', 'uni006E', 'uni006F', 'uni0070', 'uni0071', 'uni0072', 'uni0073', 'uni0074', 'uni0075', 'uni0076', 'uni0077', 'uni0078', 'uni0079', 'uni00B7', 'uni2014']", "request_id": "faaf898c-a57a-477a-824b-cfcb012722af"}
{"timestamp": "2026-09-09T06:50:07.650800+00:00", "level": "INFO", "logger": "fontTools.subset", "message": "Glyph IDs:   [0, 1, 2, 3, 35, 37, 42, 46, 47, 48, 49, 50, 51, 52, 53, 54, 55, 56, 57, 58, 59, 60, 61, 62, 68, 69, 70, 71, 72, 73, 75, 76, 80, 81, 83, 84, 85, 86, 87, 88, 89, 90, 92, 94, 96, 98, 100, 101, 102, 103, 104, 105, 106, 107, 108, 109, 110, 111, 112, 113, 114, 115, 116, 117, 118, 119, 120, 121, 122, 123, 124, 186, 8215]", "request_id": "faaf898c-a57a-477a-824b-cfcb012722af"}
{"timestamp": "2026-09-09T06:50:07.652191+00:00", "level": "INFO", "logger": "fontTools.subset", "message": "Retaining 73 glyphs", "request_id": "faaf898c-a57a-477a-824b-cfcb012722af"}
{"timestamp": "2026-09-09T06:50:07.652740+00:00", "level": "INFO", "logger": "fontTools.subset", "message": "head subsetting not needed", "request_id": "faaf898c-a57a-477a-824b-cfcb012722af"}
{"timestamp": "2026-09-09T06:50:07.652770+00:00", "level": "INFO", "logger": "fontTools.subset", "message": "hhea subsetting not needed", "request_id": "faaf898c-a57a-477a-824b-cfcb012722af"}
{"timestamp": "2026-09-09T06:50:07.652791+00:00", "level": "INFO", "logger": "fontTools.subset", "message": "maxp subsetting not needed", "request_id": "faaf898c-a57a-477a-824b-cfcb012722af"}
{"timestamp": "2026-09-09T06:50:07.652815+00:00", "level": "INFO", "logger": "fontTools.subset", "message": "OS/2 subsetting not needed", "request_id": "faaf898c-a57a-477a-824b-cfcb012722af"}
{"timestamp": "2026-09-09T06:50:07.653758+00:00", "level": "INFO", "logger": "fontTools.subset", "message": "hmtx subsetted", "request_id": "faaf898c-a57a-477a-824b-cfcb012722af"}
{"timestamp": "2026-09-09T06:50:07.663511+00:00", "level": "INFO", "logger": "fontTools.subset", "message": "cmap subsetted", "request_id": "faaf898c-a57a-477a-824b-cfcb012722af"}
{"timestamp": "2026-09-09T06:50:07.663577+00:00", "level": "INFO", "logger": "fontTools.subset", "message": "loca subsetting not needed", "request_id": "faaf898c-a57a-477a-824b-cfcb012722af"}
{"timestamp": "2026-09-09T06:50:07.663706+00:00", "level": "INFO", "logger": "fontTools.subset", "message": "post subsetted", "request_id": "faaf898c-a57a-477a-824b-cfcb012722af"}
{"timestamp": "2026-09-09T06:50:07.663739+00:00", "level": "INFO", "logger": "fontTools.subset", "message": "gasp subsetting not needed", "request_id": "faaf898c-a57a-477a-824b-cfcb012722af"}
{"timestamp": "2026-09-09T06:50:07.663763+00:00", "level": "INFO", "logger": "fontTools.subset", "message": "name subsetting not needed", "request_id": "faaf898c-a57a-477a-824b-cfcb012722af"}
{"timestamp": "2026-09-09T06:50:07.670282+00:00", "level": "INFO", "logger": "fontTools.subset", "message": "glyf subsetted", "request_id": "faaf898c-a57a-477a-824b-cfcb012722af"}
{"timestamp": "2026-09-09T06:50:07.670580+00:00", "level": "INFO", "logger": "fontTools.subset", "message": "head pruned", "request_id": "faaf898c-a57a-477a-824b-cfcb012722af"}
{"timestamp": "2026-09-09T06:50:07.670703+00:00", "level": "INFO", "logger": "fontTools.subset", "message": "OS/2 Unicode ranges pruned: [0, 1, 31]", "request_id": "faaf898c-a57a-477a-824b-cfcb012722af"}
{"timestamp": "2026-09-09T06:50:07.670782+00:00", "level": "INFO", "logger": "fontTools.subset", "message": "OS/2 CodePage ranges pruned: [0]", "request_id": "faaf898c-a57a-477a-824b-cfcb012722af"}
{"timestamp": "2026-09-09T06:50:07.671154+00:00", "level": "INFO", "logger": "fontTools.subset", "message": "glyf pruned", "request_id": "faaf898c-a57a-477a-824b-cfcb012722af"}
{"timestamp": "2026-09-09T06:50:07.671290+00:00", "level": "INFO", "logger": "fontTools.subset", "message": "name pruned", "request_id": "faaf898c-a57a-477a-824b-cfcb012722af"}
{"timestamp": "2026-09-09T06:50:07.679955+00:00", "level": "INFO", "logger": "httpx2", "message": "HTTP Request: GET http://testserver/api/v1/personal/briefs/c8877cc0-52df-4dcd-b962-1bba6e9e6e11/export.pdf \"HTTP/1.1 200 OK\""}
{"case": "two_articles_shared_canonical_claim", "status": "PASS", "result": {"canonical_shared_claim_support_preserved": true, "accurate_evidence_count": true, "both_support_urls_in_markdown": true, "multi_support_exports_stable_after_source_mutation": true, "conflicting_text_duplicate_rejected": true, "provider_calls": 4}, "changed_files": {}}
{"final_hashes": {"apps/api/personal_briefs.py": "da5424f30bdfa79a4d66bf7f27be7633504a2b6e1db390eed8a733d16c2af953", "services/personal/exports.py": "07374f66159088ac241e6678f24fbdbe7ade147f7b6c3a9d64198ccc41362de9", "apps/api/main.py": "9d00937d472310613dc3bdecb7e5188a5b25e9cae23fcee8b2d097b49802b795", "services/personal/briefs.py": "aa46b0f689b4275ea37af6001fec97cbc418da78d159c1cbeb8f9f7ea11935ba", "services/personal/coordinator.py": "34554dd7e81a5e336d09e011b532e66e247fd23b844760c82062d8b340752a2a", "services/personal/claims.py": "71c97c39149124d8020e28b385501ae2e7f475f04a06440f87dcff8fbb751f06"}, "leaked_databases": []}
