
==================================== ERRORS ====================================
___________ ERROR collecting tests/unit/test_personal_phase4b_api.py ___________
.venv/lib/python3.13/site-packages/_pytest/python.py:508: in importtestmodule
    mod = import_path(
.venv/lib/python3.13/site-packages/_pytest/pathlib.py:596: in import_path
    importlib.import_module(module_name)
/opt/homebrew/Cellar/python@3.13/3.13.3_1/Frameworks/Python.framework/Versions/3.13/lib/python3.13/importlib/__init__.py:88: in import_module
    return _bootstrap._gcd_import(name[level:], package, level)
           ^^^^^^^^^^^^^^^^^^^^^^^^^^^^^^^^^^^^^^^^^^^^^^^^^^^^
<frozen importlib._bootstrap>:1387: in _gcd_import
    ???
<frozen importlib._bootstrap>:1360: in _find_and_load
    ???
<frozen importlib._bootstrap>:1331: in _find_and_load_unlocked
    ???
<frozen importlib._bootstrap>:935: in _load_unlocked
    ???
.venv/lib/python3.13/site-packages/_pytest/assertion/rewrite.py:179: in exec_module
    source_stat, co = _rewrite_test(fn, self.config)
                      ^^^^^^^^^^^^^^^^^^^^^^^^^^^^^^
.venv/lib/python3.13/site-packages/_pytest/assertion/rewrite.py:348: in _rewrite_test
    tree = ast.parse(source, filename=strfn)
           ^^^^^^^^^^^^^^^^^^^^^^^^^^^^^^^^^
/opt/homebrew/Cellar/python@3.13/3.13.3_1/Frameworks/Python.framework/Versions/3.13/lib/python3.13/ast.py:54: in parse
    return compile(source, filename, mode, flags,
E     File "/Users/f8fq/coding projects/Unfinished/news-intelligence-platform/tests/unit/test_personal_phase4b_api.py", line 95
E       nonlocal = TestClient(personal_app, base_url="http://127.0.0.1:8123", client=("203.0.113.7", 50000))
E                ^
E   SyntaxError: invalid syntax
=========================== short test summary info ============================
ERROR tests/unit/test_personal_phase4b_api.py
!!!!!!!!!!!!!!!!!!!! Interrupted: 1 error during collection !!!!!!!!!!!!!!!!!!!!
1 error in 1.24s
