✔ CommonJS + browser export, no data side effects at eval (1.583583ms)
✔ toNyDisplayIso converts UTC-Z to America/New_York with correct DST offset (17.918292ms)
✔ alert lifecycle states map to the UI triad (0.104542ms)
✔ mappers align with types.ts and apply safe defaults (4.125ms)
✔ evidence mapping preserves only the retained snippet and validates source protocols (0.413584ms)
✔ risk detail stays descriptive when prediction-backed fields are gated off (0.119875ms)
✔ safe defaults for an unscored live event (0.388042ms)
✔ industries and list-companies expose honest unknown/null defaults, never fixtures (0.221041ms)
✔ radar deltas are computed only from real history, else null (0.114958ms)
✔ reachable snapshot: every field present, blocks merged, metadata attached (4.004625ms)
✔ one failed endpoint does not erase successful blocks; request_id captured (1.715625ms)
✔ request_id falls back to the X-Request-ID header when body has no envelope (1.339042ms)
✔ paginates across pages using the real total (10.451875ms)
✔ over-cap pagination marks the block partial and records a truncation, never silent (18.911709ms)
✔ evidence comes from real drawer links; a 404 brief is an honest empty source (0.955334ms)
✔ latest-brief and nested claim failures degrade evidence instead of disappearing (1.697291ms)
✔ reachable API with failed history yields empty series, never a fake curve (0.958125ms)
✔ total API-unreachable stays real and contains no fixture content (0.376292ms)
✔ all HTTP failures are a first-load error while healthy empty responses are successful (0.323167ms)
✔ demo snapshot requires an explicit demo request (0.20475ms)
✔ buildFixtureSnapshot is pure and self-contained (0.068667ms)
✔ company-research batching requests every identifier exactly once (mismatched lengths) (4.393042ms)
✔ company-research alias fallback on 404 and match-by-ticker (0.192916ms)
✔ company-research enrichment failure is partial, never erases companies (1.081542ms)
✔ personal client scopes queries and maps wire keys before pages see them (0.540334ms)
✔ personal protected writes use only an explicit tab key and start accepts no date/body (0.141959ms)
✔ personal mutation failure rejects with visible safe details and cannot look successful (0.257791ms)
✔ personal reports, evidence, and exports remain pinned to the selected report UUID (0.197708ms)
✔ personal run poller allows one status request at a time and stops at terminal (8.278666ms)
✔ adapter source carries the required literal // SYNTHETIC: tags (0.392542ms)
✔ HTML keeps the classic adapter before the real-first data controller (0.920666ms)
✔ default boot is real and never requests fixture files (19.768875ms)
✔ unreachable API publishes a real error and no sample content (1.452458ms)
✔ a degraded refresh preserves prior data and its successful fetch time (0.88475ms)
✔ pending real response cannot populate an explicitly selected demo (2.038833ms)
✔ pending demo response cannot populate real after a mode switch (1.200625ms)
✔ mode changes clear displayed collections before the next mode resolves (1.887833ms)
✔ the loader owns no backend routes or wire-shape keys (0.221875ms)
✔ qualityMeta: live/unknown -> null (no badge noise); non-live -> labelled (0.590708ms)
✔ isNonLive only flags partial/synthetic/empty (0.080166ms)
✔ blockQuality reads the registry, then the block's dataQuality tag, else '' (0.086083ms)
✔ aggregateQuality picks the most-concerning non-live block (empty > partial > synthetic) (0.080708ms)
✔ isDemo / isDegraded gate the two global surfaces (never both) (0.087875ms)
✔ requestIds returns only distinct, non-null ids (never fabricated) (0.363917ms)
✔ errorSummaries dedupes, caps, keeps request ids, and never exposes endpoints (0.1205ms)
✔ value formatters: null/absent -> dash, never a fabricated zero (17.046208ms)
✔ horizonLabel maps canonical tokens, passes friendly labels through, dashes null (0.108625ms)
✔ module exports both a browser global and CommonJS (adapter pattern) (1.317958ms)
✔ HTML loads data-quality.js as a classic script before the JSX that consumes it (0.164166ms)
✔ the global demo/degraded surface is mounted once and gated by mode (0.214708ms)
✔ badge renders nothing for a live block (live stays quiet, no badge noise) (0.080292ms)
✔ degraded notice surfaces request IDs under a human label, not a wire key (0.063209ms)
✔ the new surfaces carry accessible semantics (0.106166ms)
✔ every route that renders a top-level block has a visible badge path (3.716917ms)
✔ dashboard Risk Level card never fabricates a model rating (Stage 7 regression) (0.265666ms)
✔ narrow layout: page-head actions row is scoped to a sibling div, so a sole .titles stays stacked (Stage 7 browser regression) (0.20425ms)
✔ data-quality.js carries no backend endpoints or wire keys (that boundary is the adapter's) (0.173041ms)
✔ Today keeps partial workspace and history read failures visible (1.045209ms)
✔ capture coverage shows useful recorded counts without schema or diagnostic arrays (1.051667ms)
✔ hash routes preserve personal aliases, event ids, and deferred destinations (1.077583ms)
✔ personal navigation and command palette advertise only Today, Saved, Briefs, and stories (0.162291ms)
✔ evidence drawer renders the retained excerpt as escaped React text and activates only HTTP(S) (0.184958ms)
✔ demo is persistently labelled and all personal mutations are gated out of demo (0.425042ms)
✔ freshness labels keep publication, display fetch, and processing success distinct (0.208583ms)
✔ Today implements server filters, previous-run selection, quiet results, and explicit retry (0.181291ms)
✔ persistent saves use confirmed responses and preserve unavailable pointers (0.748625ms)
✔ detail and briefs keep frozen scope, report identity, citations, and exports explicit (0.302959ms)
✔ late personal responses are isolated by current filter, route, and mode identity (0.266375ms)
✔ access key is tab-memory only and setup does not silently configure owner or feeds (0.264083ms)
✔ settings payload preserves exact decimal strings and explicit source selection (0.937708ms)
✔ raw reader separates retained RSS, unknown publication, grouping, and admission (0.183833ms)
✔ disabled or blocked grouping never presents a healthy quiet update (0.403041ms)
✔ failed capture without grouping is explained before healthy quiet results (0.361333ms)
✔ failed provider before grouping is explained without hiding retained raw articles (0.471458ms)
✔ partial failure stays truthful while disabled and successful grouping keep their states (0.34725ms)
✔ personal page loads before the router and legacy prototype files remain included (0.061042ms)
✔ URL API override accepts explicit credential-free loopback only (1.7745ms)
ℹ tests 77
ℹ suites 0
ℹ pass 77
ℹ fail 0
ℹ cancelled 0
ℹ skipped 0
ℹ todo 0
ℹ duration_ms 141.699125
